<!doctype html public "-//w3c//dtd html 4.0 transitional//en">
<html><head>
<title>Static Call Graph - [.\out_DA14535\Objects\empty_peripheral_template_535.axf]</title></head>
<body><HR>
<H1>Static Call Graph for image .\out_DA14535\Objects\empty_peripheral_template_535.axf</H1><HR>
<BR><P>#&#060CALLGRAPH&#062# ARM Linker, 6190004: Last Updated: Wed Jan 24 15:56:19 2024
<BR><P>
<H3>Maximum Stack Usage =        136 bytes + Unknown(Cycles, Untraceable Function Pointers)</H3><H3>
Call chain for Maximum Stack Depth:</H3>
main &rArr; lld_sleep_init_func &rArr; lld_sleep_lpcycles_2_us_rcx_func
<P>
<H3>
Mutually Recursive functions
</H3> <LI><a href="#[3]">SVC_Handler</a>&nbsp;&nbsp;&nbsp;&rArr;&nbsp;&nbsp;&nbsp;<a href="#[3]">SVC_Handler</a><BR>
 <LI><a href="#[4]">PendSV_Handler</a>&nbsp;&nbsp;&nbsp;&rArr;&nbsp;&nbsp;&nbsp;<a href="#[4]">PendSV_Handler</a><BR>
 <LI><a href="#[e]">BLE_RF_DIAG_Handler</a>&nbsp;&nbsp;&nbsp;&rArr;&nbsp;&nbsp;&nbsp;<a href="#[e]">BLE_RF_DIAG_Handler</a><BR>
</UL>
<P>
<H3>
Function Pointers
</H3><UL>
 <LI><a href="#[c]">ADC_Handler</a> from lto-llvm-34d790.o(.text.ADC_Handler) referenced from startup_da14535.o(RESET)
 <LI><a href="#[e]">BLE_RF_DIAG_Handler</a> from startup_da14535.o(.text) referenced from startup_da14535.o(RESET)
 <LI><a href="#[6]">BLE_WAKEUP_LP_Handler</a> from lto-llvm-34d790.o(.text.BLE_WAKEUP_LP_Handler) referenced from startup_da14535.o(RESET)
 <LI><a href="#[19]">DMA_Handler</a> from startup_da14535.o(.text) referenced from startup_da14535.o(RESET)
 <LI><a href="#[10]">GPIO0_Handler</a> from lto-llvm-34d790.o(.text.GPIO0_Handler) referenced from startup_da14535.o(RESET)
 <LI><a href="#[11]">GPIO1_Handler</a> from lto-llvm-34d790.o(.text.GPIO1_Handler) referenced from startup_da14535.o(RESET)
 <LI><a href="#[12]">GPIO2_Handler</a> from lto-llvm-34d790.o(.text.GPIO2_Handler) referenced from startup_da14535.o(RESET)
 <LI><a href="#[13]">GPIO3_Handler</a> from lto-llvm-34d790.o(.text.GPIO3_Handler) referenced from startup_da14535.o(RESET)
 <LI><a href="#[14]">GPIO4_Handler</a> from lto-llvm-34d790.o(.text.GPIO4_Handler) referenced from startup_da14535.o(RESET)
 <LI><a href="#[29]">GPIO_ConfigurePin_ROM</a> from da14535_symbols.txt(ABSOLUTE) referenced from lto-llvm-34d790.o(.text.main)
 <LI><a href="#[2]">HardFault_Handler</a> from startup_da14535.o(.text) referenced from startup_da14535.o(RESET)
 <LI><a href="#[22]">HardFault_HandlerC</a> from lto-llvm-34d790.o(.text.HardFault_HandlerC) referenced from startup_da14535.o(.text)
 <LI><a href="#[a]">I2C_Handler</a> from lto-llvm-34d790.o(.text.I2C_Handler) referenced from startup_da14535.o(RESET)
 <LI><a href="#[d]">KEYBRD_Handler</a> from startup_da14535.o(.text) referenced from startup_da14535.o(RESET)
 <LI><a href="#[1]">NMI_Handler</a> from startup_da14535.o(.text) referenced from startup_da14535.o(RESET)
 <LI><a href="#[21]">NMI_HandlerC</a> from lto-llvm-34d790.o(.text.NMI_HandlerC) referenced from startup_da14535.o(.text)
 <LI><a href="#[95]">PK_PointMult_func</a> from da14535_symbols.txt(ABSOLUTE) referenced from lto-llvm-34d790.o(.rodata.rom_func_addr_table_var)
 <LI><a href="#[4]">PendSV_Handler</a> from startup_da14535.o(.text) referenced from startup_da14535.o(RESET)
 <LI><a href="#[2f]">RADIOCNTL_Handler</a> from lto-llvm-34d790.o(.text.RADIOCNTL_Handler) referenced from lto-llvm-34d790.o(.text.rf_init_func)
 <LI><a href="#[1b]">RESERVED21_Handler</a> from startup_da14535.o(.text) referenced from startup_da14535.o(RESET)
 <LI><a href="#[1c]">RESERVED22_Handler</a> from startup_da14535.o(.text) referenced from startup_da14535.o(RESET)
 <LI><a href="#[1d]">RESERVED23_Handler</a> from startup_da14535.o(.text) referenced from startup_da14535.o(RESET)
 <LI><a href="#[f]">RFCAL_Handler</a> from startup_da14535.o(.text) referenced from startup_da14535.o(RESET)
 <LI><a href="#[18]">RTC_Handler</a> from startup_da14535.o(.text) referenced from startup_da14535.o(RESET)
 <LI><a href="#[0]">Reset_Handler</a> from startup_da14535.o(.text) referenced from startup_da14535.o(RESET)
 <LI><a href="#[b]">SPI_Handler</a> from startup_da14535.o(.text) referenced from startup_da14535.o(RESET)
 <LI><a href="#[3]">SVC_Handler</a> from startup_da14535.o(.text) referenced from startup_da14535.o(RESET)
 <LI><a href="#[17]">SWTIM1_Handler</a> from startup_da14535.o(.text) referenced from startup_da14535.o(RESET)
 <LI><a href="#[15]">SWTIM_Handler</a> from startup_da14535.o(.text) referenced from startup_da14535.o(RESET)
 <LI><a href="#[5]">SysTick_Handler</a> from lto-llvm-34d790.o(.text.SysTick_Handler) referenced from startup_da14535.o(RESET)
 <LI><a href="#[1f]">SystemInit</a> from lto-llvm-34d790.o(system_DA14xxx) referenced from startup_da14535.o(.text)
 <LI><a href="#[9]">UART2_Handler</a> from lto-llvm-34d790.o(.text.UART2_Handler) referenced from startup_da14535.o(RESET)
 <LI><a href="#[8]">UART_Handler</a> from da14535_symbols.txt(ABSOLUTE) referenced from startup_da14535.o(RESET)
 <LI><a href="#[60]">UART_Handler_func</a> from da14535_symbols.txt(ABSOLUTE) referenced from lto-llvm-34d790.o(.rodata.rom_func_addr_table_var)
 <LI><a href="#[16]">WKUP_QUADEC_Handler</a> from lto-llvm-34d790.o(.text.WKUP_QUADEC_Handler) referenced from startup_da14535.o(RESET)
 <LI><a href="#[1a]">XTAL32M_RDY_Handler</a> from startup_da14535.o(.text) referenced from startup_da14535.o(RESET)
 <LI><a href="#[20]">__main</a> from entry.o(.ARM.Collect$$$$00000000) referenced from startup_da14535.o(.text)
 <LI><a href="#[49]">app_custs1_create_db</a> from lto-llvm-34d790.o(.text.app_custs1_create_db) referenced from lto-llvm-34d790.o(.rodata.cust_prf_funcs)
 <LI><a href="#[39]">app_custs1_process_handler</a> from lto-llvm-34d790.o(.text.app_custs1_process_handler) referenced from lto-llvm-34d790.o(.rodata.app_process_handlers)
 <LI><a href="#[55]">app_db_init_next</a> from lto-llvm-34d790.o(.text.app_db_init_next) referenced from lto-llvm-34d790.o(.rodata.rom_app_task_cfg)
 <LI><a href="#[51]">app_diss_create_db</a> from lto-llvm-34d790.o(.text.app_diss_create_db) referenced from lto-llvm-34d790.o(.rodata.prf_funcs)
 <LI><a href="#[38]">app_diss_process_handler</a> from lto-llvm-34d790.o(.text.app_diss_process_handler) referenced from lto-llvm-34d790.o(.rodata.app_process_handlers)
 <LI><a href="#[54]">app_easy_gap_dev_configure</a> from lto-llvm-34d790.o(.text.app_easy_gap_dev_configure) referenced from lto-llvm-34d790.o(.rodata.rom_app_task_cfg)
 <LI><a href="#[34]">app_gap_process_handler</a> from da14535_symbols.txt(ABSOLUTE) referenced from lto-llvm-34d790.o(.rodata.app_process_handlers)
 <LI><a href="#[36]">app_msg_utils_api_process_handler</a> from lto-llvm-34d790.o(.text.app_msg_utils_api_process_handler) referenced from lto-llvm-34d790.o(.rodata.app_process_handlers)
 <LI><a href="#[37]">app_sec_process_handler</a> from lto-llvm-34d790.o(.text.app_sec_process_handler) referenced from lto-llvm-34d790.o(.rodata.app_process_handlers)
 <LI><a href="#[35]">app_timer_api_process_handler</a> from lto-llvm-34d790.o(.text.app_timer_api_process_handler) referenced from lto-llvm-34d790.o(.rodata.app_process_handlers)
 <LI><a href="#[92]">attc_l2cc_pdu_recv_handler_func</a> from da14535_symbols.txt(ABSOLUTE) referenced from lto-llvm-34d790.o(.rodata.rom_func_addr_table_var)
 <LI><a href="#[91]">atts_l2cc_pdu_recv_handler_func</a> from da14535_symbols.txt(ABSOLUTE) referenced from lto-llvm-34d790.o(.rodata.rom_func_addr_table_var)
 <LI><a href="#[a0]">ba431_get_rand_func</a> from lto-llvm-34d790.o(.text.ba431_get_rand_func) referenced from lto-llvm-34d790.o(.rodata.rom_func_addr_table_var)
 <LI><a href="#[a4]">ble_init_arp_func</a> from lto-llvm-34d790.o(.text.ble_init_arp_func) referenced from lto-llvm-34d790.o(.rodata.rom_func_addr_table_var)
 <LI><a href="#[93]">crypto_init_func</a> from lto-llvm-34d790.o(.text.crypto_init_func) referenced from lto-llvm-34d790.o(.rodata.rom_func_addr_table_var)
 <LI><a href="#[53]">custs1_prf_itf_get</a> from da14535_symbols.txt(ABSOLUTE) referenced from lto-llvm-34d790.o(.rodata.prf_if)
 <LI><a href="#[57]">custs_get_func_callbacks</a> from lto-llvm-34d790.o(.text.custs_get_func_callbacks) referenced from lto-llvm-34d790.o(.rodata.rom_cust_prf_cfg)
 <LI><a href="#[88]">dbg_init_func_empty</a> from lto-llvm-34d790.o(.text.dbg_init_func_empty) referenced from lto-llvm-34d790.o(.rodata.rom_func_addr_table_var)
 <LI><a href="#[89]">dbg_platform_reset_complete_func_empty</a> from lto-llvm-34d790.o(.text.dbg_platform_reset_complete_func_empty) referenced from lto-llvm-34d790.o(.rodata.rom_func_addr_table_var)
 <LI><a href="#[af]">default_app_generate_static_random_addr</a> from lto-llvm-34d790.o(.text.default_app_generate_static_random_addr) referenced from lto-llvm-34d790.o(.rodata.user_app_callbacks)
 <LI><a href="#[a9]">default_app_on_db_init_complete</a> from lto-llvm-34d790.o(.text.default_app_on_db_init_complete) referenced from lto-llvm-34d790.o(.rodata.user_app_callbacks)
 <LI><a href="#[ab]">default_app_on_get_dev_appearance</a> from lto-llvm-34d790.o(.text.default_app_on_get_dev_appearance) referenced from lto-llvm-34d790.o(.rodata.user_app_callbacks)
 <LI><a href="#[aa]">default_app_on_get_dev_name</a> from lto-llvm-34d790.o(.text.default_app_on_get_dev_name) referenced from lto-llvm-34d790.o(.rodata.user_app_callbacks)
 <LI><a href="#[ac]">default_app_on_get_dev_slv_pref_params</a> from lto-llvm-34d790.o(.text.default_app_on_get_dev_slv_pref_params) referenced from lto-llvm-34d790.o(.rodata.user_app_callbacks)
 <LI><a href="#[b2]">default_app_on_ltk_exch</a> from lto-llvm-34d790.o(.text.default_app_on_ltk_exch) referenced from lto-llvm-34d790.o(.rodata.user_app_callbacks)
 <LI><a href="#[b0]">default_app_on_pairing_request</a> from lto-llvm-34d790.o(.text.default_app_on_pairing_request) referenced from lto-llvm-34d790.o(.rodata.user_app_callbacks)
 <LI><a href="#[a8]">default_app_on_set_dev_config_complete</a> from lto-llvm-34d790.o(.text.default_app_on_set_dev_config_complete) referenced from lto-llvm-34d790.o(.rodata.user_app_callbacks)
 <LI><a href="#[ad]">default_app_on_set_dev_info</a> from lto-llvm-34d790.o(.text.default_app_on_set_dev_info) referenced from lto-llvm-34d790.o(.rodata.user_app_callbacks)
 <LI><a href="#[b1]">default_app_on_tk_exch</a> from lto-llvm-34d790.o(.text.default_app_on_tk_exch) referenced from lto-llvm-34d790.o(.rodata.user_app_callbacks)
 <LI><a href="#[ae]">default_app_update_params_request</a> from lto-llvm-34d790.o(.text.default_app_update_params_request) referenced from lto-llvm-34d790.o(.rodata.user_app_callbacks)
 <LI><a href="#[9e]">dia_rand_func</a> from lto-llvm-34d790.o(.text.dia_rand_func) referenced from lto-llvm-34d790.o(.rodata.rom_func_addr_table_var)
 <LI><a href="#[9f]">dia_srand_func</a> from lto-llvm-34d790.o(.text.dia_srand_func) referenced from lto-llvm-34d790.o(.rodata.rom_func_addr_table_var)
 <LI><a href="#[50]">diss_cleanup</a> from lto-llvm-34d790.o(.text.diss_cleanup) referenced from lto-llvm-34d790.o(.rodata.diss_itf)
 <LI><a href="#[4f]">diss_create</a> from lto-llvm-34d790.o(.text.diss_create) referenced from lto-llvm-34d790.o(.rodata.diss_itf)
 <LI><a href="#[4e]">diss_destroy</a> from lto-llvm-34d790.o(.text.diss_destroy) referenced from lto-llvm-34d790.o(.rodata.diss_itf)
 <LI><a href="#[4d]">diss_init</a> from lto-llvm-34d790.o(.text.diss_init) referenced from lto-llvm-34d790.o(.rodata.diss_itf)
 <LI><a href="#[52]">diss_prf_itf_get</a> from lto-llvm-34d790.o(.text.diss_prf_itf_get) referenced from lto-llvm-34d790.o(.rodata.prf_if)
 <LI><a href="#[4a]">diss_set_value_req_handler</a> from lto-llvm-34d790.o(.text.diss_set_value_req_handler) referenced from lto-llvm-34d790.o(.rodata.diss_default_state)
 <LI><a href="#[4c]">diss_value_cfm_handler</a> from lto-llvm-34d790.o(.text.diss_value_cfm_handler) referenced from lto-llvm-34d790.o(.rodata.diss_default_state)
 <LI><a href="#[33]">diss_value_req_ind_handler</a> from lto-llvm-34d790.o(.text.diss_value_req_ind_handler) referenced from lto-llvm-34d790.o(.rodata.app_diss_process_handlers)
 <LI><a href="#[47]">dlg_cscnt_isr</a> from lto-llvm-34d790.o(.text.dlg_cscnt_isr) referenced from lto-llvm-34d790.o(.rodata.ble_irq)
 <LI><a href="#[48]">dlg_error_isr</a> from lto-llvm-34d790.o(.text.dlg_error_isr) referenced from lto-llvm-34d790.o(.rodata.ble_irq)
 <LI><a href="#[41]">dlg_event_isr</a> from lto-llvm-34d790.o(.text.dlg_event_isr) referenced from lto-llvm-34d790.o(.rodata.ble_irq)
 <LI><a href="#[42]">dlg_eventapfa_isr</a> from lto-llvm-34d790.o(.text.dlg_eventapfa_isr) referenced from lto-llvm-34d790.o(.rodata.ble_irq)
 <LI><a href="#[3f]">dlg_finetgtim_isr</a> from lto-llvm-34d790.o(.text.dlg_finetgtim_isr) referenced from lto-llvm-34d790.o(.rodata.ble_irq)
 <LI><a href="#[40]">dlg_rx_isr</a> from lto-llvm-34d790.o(.text.dlg_rx_isr) referenced from lto-llvm-34d790.o(.rodata.ble_irq)
 <LI><a href="#[46]">dlg_slp_isr</a> from lto-llvm-34d790.o(.text.dlg_slp_isr) referenced from lto-llvm-34d790.o(.rodata.ble_irq)
 <LI><a href="#[43]">ea_sw_isr</a> from da14535_symbols.txt(ABSOLUTE) referenced from lto-llvm-34d790.o(.rodata.ble_irq)
 <LI><a href="#[3b]">gapc_bond_ind_handler</a> from lto-llvm-34d790.o(.text.gapc_bond_ind_handler) referenced from lto-llvm-34d790.o(.rodata.app_sec_process_handlers)
 <LI><a href="#[3a]">gapc_bond_req_ind_handler</a> from lto-llvm-34d790.o(.text.gapc_bond_req_ind_handler) referenced from lto-llvm-34d790.o(.rodata.app_sec_process_handlers)
 <LI><a href="#[3d]">gapc_encrypt_ind_handler</a> from lto-llvm-34d790.o(.text.gapc_encrypt_ind_handler) referenced from lto-llvm-34d790.o(.rodata.app_sec_process_handlers)
 <LI><a href="#[3c]">gapc_encrypt_req_ind_handler</a> from lto-llvm-34d790.o(.text.gapc_encrypt_req_ind_handler) referenced from lto-llvm-34d790.o(.rodata.app_sec_process_handlers)
 <LI><a href="#[90]">gapc_lecb_connect_cfm_handler_func</a> from da14535_symbols.txt(ABSOLUTE) referenced from lto-llvm-34d790.o(.rodata.rom_func_addr_table_var)
 <LI><a href="#[3e]">gapm_addr_solved_ind_handler</a> from lto-llvm-34d790.o(.text.gapm_addr_solved_ind_handler) referenced from lto-llvm-34d790.o(.rodata.app_sec_process_handlers)
 <LI><a href="#[4b]">gattc_read_req_ind_handler</a> from lto-llvm-34d790.o(.text.gattc_read_req_ind_handler) referenced from lto-llvm-34d790.o(.rodata.diss_default_state)
 <LI><a href="#[62]">gtl_eif_init_func</a> from da14535_symbols.txt(ABSOLUTE) referenced from lto-llvm-34d790.o(.rodata.rom_func_addr_table_var)
 <LI><a href="#[64]">gtl_eif_read_hdr_func</a> from da14535_symbols.txt(ABSOLUTE) referenced from lto-llvm-34d790.o(.rodata.rom_func_addr_table_var)
 <LI><a href="#[65]">gtl_eif_read_payl_func</a> from da14535_symbols.txt(ABSOLUTE) referenced from lto-llvm-34d790.o(.rodata.rom_func_addr_table_var)
 <LI><a href="#[63]">gtl_eif_read_start_func</a> from da14535_symbols.txt(ABSOLUTE) referenced from lto-llvm-34d790.o(.rodata.rom_func_addr_table_var)
 <LI><a href="#[67]">gtl_eif_rx_done_func</a> from da14535_symbols.txt(ABSOLUTE) referenced from lto-llvm-34d790.o(.rodata.rom_func_addr_table_var)
 <LI><a href="#[66]">gtl_eif_tx_done_func</a> from da14535_symbols.txt(ABSOLUTE) referenced from lto-llvm-34d790.o(.rodata.rom_func_addr_table_var)
 <LI><a href="#[61]">gtl_init_func</a> from da14535_symbols.txt(ABSOLUTE) referenced from lto-llvm-34d790.o(.rodata.rom_func_addr_table_var)
 <LI><a href="#[68]">h4tl_init_func</a> from da14535_symbols.txt(ABSOLUTE) referenced from lto-llvm-34d790.o(.rodata.rom_func_addr_table_var)
 <LI><a href="#[6d]">h4tl_out_of_sync_func</a> from da14535_symbols.txt(ABSOLUTE) referenced from lto-llvm-34d790.o(.rodata.rom_func_addr_table_var)
 <LI><a href="#[6a]">h4tl_read_hdr_func</a> from da14535_symbols.txt(ABSOLUTE) referenced from lto-llvm-34d790.o(.rodata.rom_func_addr_table_var)
 <LI><a href="#[6c]">h4tl_read_next_out_of_sync_func</a> from da14535_symbols.txt(ABSOLUTE) referenced from lto-llvm-34d790.o(.rodata.rom_func_addr_table_var)
 <LI><a href="#[6b]">h4tl_read_payl_func</a> from da14535_symbols.txt(ABSOLUTE) referenced from lto-llvm-34d790.o(.rodata.rom_func_addr_table_var)
 <LI><a href="#[69]">h4tl_read_start_func</a> from da14535_symbols.txt(ABSOLUTE) referenced from lto-llvm-34d790.o(.rodata.rom_func_addr_table_var)
 <LI><a href="#[6f]">h4tl_rx_done_func</a> from da14535_symbols.txt(ABSOLUTE) referenced from lto-llvm-34d790.o(.rodata.rom_func_addr_table_var)
 <LI><a href="#[6e]">h4tl_tx_done_func</a> from da14535_symbols.txt(ABSOLUTE) referenced from lto-llvm-34d790.o(.rodata.rom_func_addr_table_var)
 <LI><a href="#[8a]">hci_rd_local_supp_feats_cmd_handler_func</a> from da14535_symbols.txt(ABSOLUTE) referenced from lto-llvm-34d790.o(.rodata.rom_func_addr_table_var)
 <LI><a href="#[70]">ke_task_init_func</a> from da14535_symbols.txt(ABSOLUTE) referenced from lto-llvm-34d790.o(.rodata.rom_func_addr_table_var)
 <LI><a href="#[71]">ke_timer_init_func</a> from da14535_symbols.txt(ABSOLUTE) referenced from lto-llvm-34d790.o(.rodata.rom_func_addr_table_var)
 <LI><a href="#[8e]">l2c_process_sdu_func</a> from da14535_symbols.txt(ABSOLUTE) referenced from lto-llvm-34d790.o(.rodata.rom_func_addr_table_var)
 <LI><a href="#[8d]">l2c_send_lecb_message_func</a> from da14535_symbols.txt(ABSOLUTE) referenced from lto-llvm-34d790.o(.rodata.rom_func_addr_table_var)
 <LI><a href="#[8b]">l2cc_pdu_pack_func</a> from da14535_symbols.txt(ABSOLUTE) referenced from lto-llvm-34d790.o(.rodata.rom_func_addr_table_var)
 <LI><a href="#[8f]">l2cc_pdu_recv_ind_handler_func</a> from da14535_symbols.txt(ABSOLUTE) referenced from lto-llvm-34d790.o(.rodata.rom_func_addr_table_var)
 <LI><a href="#[8c]">l2cc_pdu_unpack_func</a> from da14535_symbols.txt(ABSOLUTE) referenced from lto-llvm-34d790.o(.rodata.rom_func_addr_table_var)
 <LI><a href="#[9a]">llc_le_length_conn_init_func</a> from da14535_symbols.txt(ABSOLUTE) referenced from lto-llvm-34d790.o(.rodata.rom_func_addr_table_var)
 <LI><a href="#[99]">llc_le_length_effective_func</a> from da14535_symbols.txt(ABSOLUTE) referenced from lto-llvm-34d790.o(.rodata.rom_func_addr_table_var)
 <LI><a href="#[9d]">llc_pdu_send_func</a> from da14535_symbols.txt(ABSOLUTE) referenced from lto-llvm-34d790.o(.rodata.rom_func_addr_table_var)
 <LI><a href="#[45]">lld_crypt_isr</a> from da14535_symbols.txt(ABSOLUTE) referenced from lto-llvm-34d790.o(.rodata.ble_irq)
 <LI><a href="#[9c]">lld_data_tx_check_func</a> from da14535_symbols.txt(ABSOLUTE) referenced from lto-llvm-34d790.o(.rodata.rom_func_addr_table_var)
 <LI><a href="#[9b]">lld_data_tx_prog_func</a> from da14535_symbols.txt(ABSOLUTE) referenced from lto-llvm-34d790.o(.rodata.rom_func_addr_table_var)
 <LI><a href="#[44]">lld_evt_timer_isr</a> from da14535_symbols.txt(ABSOLUTE) referenced from lto-llvm-34d790.o(.rodata.ble_irq)
 <LI><a href="#[79]">lld_sleep_compensate_func</a> from lto-llvm-34d790.o(.text.lld_sleep_compensate_func) referenced from lto-llvm-34d790.o(.rodata.rom_func_addr_table_var)
 <LI><a href="#[7a]">lld_sleep_init_func</a> from lto-llvm-34d790.o(.text.lld_sleep_init_func) referenced from lto-llvm-34d790.o(.rodata.rom_func_addr_table_var)
 <LI><a href="#[7c]">lld_sleep_lpcycles_2_us_sel_func</a> from lto-llvm-34d790.o(.text.lld_sleep_lpcycles_2_us_sel_func) referenced from lto-llvm-34d790.o(.rodata.rom_func_addr_table_var)
 <LI><a href="#[7b]">lld_sleep_us_2_lpcycles_sel_func</a> from lto-llvm-34d790.o(.text.lld_sleep_us_2_lpcycles_sel_func) referenced from lto-llvm-34d790.o(.rodata.rom_func_addr_table_var)
 <LI><a href="#[7f]">lld_test_mode_rx_func</a> from da14535_symbols.txt(ABSOLUTE) referenced from lto-llvm-34d790.o(.rodata.rom_func_addr_table_var)
 <LI><a href="#[7e]">lld_test_mode_tx_func</a> from da14535_symbols.txt(ABSOLUTE) referenced from lto-llvm-34d790.o(.rodata.rom_func_addr_table_var)
 <LI><a href="#[7d]">lld_test_stop_func</a> from da14535_symbols.txt(ABSOLUTE) referenced from lto-llvm-34d790.o(.rodata.rom_func_addr_table_var)
 <LI><a href="#[97]">llm_create_p256_key_func</a> from da14535_symbols.txt(ABSOLUTE) referenced from lto-llvm-34d790.o(.rodata.rom_func_addr_table_var)
 <LI><a href="#[72]">llm_encryption_done_func</a> from da14535_symbols.txt(ABSOLUTE) referenced from lto-llvm-34d790.o(.rodata.rom_func_addr_table_var)
 <LI><a href="#[94]">llm_le_adv_report_ind_func</a> from da14535_symbols.txt(ABSOLUTE) referenced from lto-llvm-34d790.o(.rodata.rom_func_addr_table_var)
 <LI><a href="#[98]">llm_p256_req_handler_func</a> from da14535_symbols.txt(ABSOLUTE) referenced from lto-llvm-34d790.o(.rodata.rom_func_addr_table_var)
 <LI><a href="#[96]">llm_p256_start_func</a> from da14535_symbols.txt(ABSOLUTE) referenced from lto-llvm-34d790.o(.rodata.rom_func_addr_table_var)
 <LI><a href="#[a5]">llm_util_aa_gen_func</a> from da14535_symbols.txt(ABSOLUTE) referenced from lto-llvm-34d790.o(.rodata.rom_func_addr_table_var)
 <LI><a href="#[1e]">main</a> from lto-llvm-34d790.o(.text.main) referenced from entry9a.o(.ARM.Collect$$$$0000000B)
 <LI><a href="#[75]">nvds_del_func</a> from da14535_symbols.txt(ABSOLUTE) referenced from lto-llvm-34d790.o(.rodata.rom_func_addr_table_var)
 <LI><a href="#[73]">nvds_get_func</a> from da14535_symbols.txt(ABSOLUTE) referenced from lto-llvm-34d790.o(.rodata.rom_func_addr_table_var)
 <LI><a href="#[76]">nvds_init_func</a> from da14535_symbols.txt(ABSOLUTE) referenced from lto-llvm-34d790.o(.rodata.rom_func_addr_table_var)
 <LI><a href="#[74]">nvds_put_func</a> from da14535_symbols.txt(ABSOLUTE) referenced from lto-llvm-34d790.o(.rodata.rom_func_addr_table_var)
 <LI><a href="#[27]">pd_adpll_func</a> from lto-llvm-34d790.o(.text.pd_adpll_func) referenced from lto-llvm-34d790.o(.text.main)
 <LI><a href="#[28]">pd_id21_func</a> from lto-llvm-34d790.o(.text.pd_id21_func) referenced from lto-llvm-34d790.o(.text.main)
 <LI><a href="#[26]">pd_rad_func</a> from lto-llvm-34d790.o(.text.pd_rad_func) referenced from lto-llvm-34d790.o(.text.main)
 <LI><a href="#[25]">pd_sys_func</a> from lto-llvm-34d790.o(.text.pd_sys_func) referenced from lto-llvm-34d790.o(.text.main)
 <LI><a href="#[78]">platform_reset_func</a> from lto-llvm-34d790.o(.text.platform_reset_func) referenced from lto-llvm-34d790.o(.rodata.rom_func_addr_table_var)
 <LI><a href="#[83]">prf_add_profile_func</a> from da14535_symbols.txt(ABSOLUTE) referenced from lto-llvm-34d790.o(.rodata.rom_func_addr_table_var)
 <LI><a href="#[85]">prf_cleanup_func</a> from da14535_symbols.txt(ABSOLUTE) referenced from lto-llvm-34d790.o(.rodata.rom_func_addr_table_var)
 <LI><a href="#[84]">prf_create_func</a> from da14535_symbols.txt(ABSOLUTE) referenced from lto-llvm-34d790.o(.rodata.rom_func_addr_table_var)
 <LI><a href="#[86]">prf_get_id_from_task_func</a> from da14535_symbols.txt(ABSOLUTE) referenced from lto-llvm-34d790.o(.rodata.rom_func_addr_table_var)
 <LI><a href="#[87]">prf_get_task_from_id_func</a> from da14535_symbols.txt(ABSOLUTE) referenced from lto-llvm-34d790.o(.rodata.rom_func_addr_table_var)
 <LI><a href="#[82]">prf_init_func</a> from da14535_symbols.txt(ABSOLUTE) referenced from lto-llvm-34d790.o(.rodata.rom_func_addr_table_var)
 <LI><a href="#[32]">rf_force_agc_enable</a> from lto-llvm-34d790.o(.text.rf_force_agc_enable) referenced from lto-llvm-34d790.o(.text.rf_init_func)
 <LI><a href="#[58]">rf_init_func</a> from lto-llvm-34d790.o(.text.rf_init_func) referenced from lto-llvm-34d790.o(.rodata.rom_func_addr_table_var)
 <LI><a href="#[2c]">rf_reg_rd</a> from lto-llvm-34d790.o(.text.rf_reg_rd) referenced from lto-llvm-34d790.o(.text.rf_init_func)
 <LI><a href="#[2b]">rf_reg_wr</a> from lto-llvm-34d790.o(.text.rf_reg_wr) referenced from lto-llvm-34d790.o(.text.rf_init_func)
 <LI><a href="#[59]">rf_reinit_func</a> from lto-llvm-34d790.o(.text.rf_reinit_func) referenced from lto-llvm-34d790.o(.rodata.rom_func_addr_table_var)
 <LI><a href="#[30]">rf_reset</a> from lto-llvm-34d790.o(.text.rf_reset) referenced from lto-llvm-34d790.o(.text.rf_init_func)
 <LI><a href="#[31]">rf_rssi_convert</a> from lto-llvm-34d790.o(.text.rf_rssi_convert) referenced from lto-llvm-34d790.o(.text.rf_init_func)
 <LI><a href="#[2e]">rf_sleep</a> from da14535_symbols.txt(ABSOLUTE) referenced from lto-llvm-34d790.o(.text.rf_init_func)
 <LI><a href="#[2d]">rf_txpwr_dbm_get</a> from lto-llvm-34d790.o(.text.rf_txpwr_dbm_get) referenced from lto-llvm-34d790.o(.text.rf_init_func)
 <LI><a href="#[7]">rwble_isr</a> from lto-llvm-34d790.o(.text.rwble_isr) referenced from startup_da14535.o(RESET)
 <LI><a href="#[77]">rwip_eif_get_func</a> from da14535_symbols.txt(ABSOLUTE) referenced from lto-llvm-34d790.o(.rodata.rom_func_addr_table_var)
 <LI><a href="#[80]">smpc_check_param_func</a> from da14535_symbols.txt(ABSOLUTE) referenced from lto-llvm-34d790.o(.rodata.rom_func_addr_table_var)
 <LI><a href="#[a2]">smpc_dhkey_calc_ind_func</a> from da14535_symbols.txt(ABSOLUTE) referenced from lto-llvm-34d790.o(.rodata.rom_func_addr_table_var)
 <LI><a href="#[81]">smpc_pdu_recv_func</a> from da14535_symbols.txt(ABSOLUTE) referenced from lto-llvm-34d790.o(.rodata.rom_func_addr_table_var)
 <LI><a href="#[a1]">smpc_public_key_exchange_start_func</a> from da14535_symbols.txt(ABSOLUTE) referenced from lto-llvm-34d790.o(.rodata.rom_func_addr_table_var)
 <LI><a href="#[a3]">smpm_ecdh_key_create_func</a> from da14535_symbols.txt(ABSOLUTE) referenced from lto-llvm-34d790.o(.rodata.rom_func_addr_table_var)
 <LI><a href="#[24]">timer_canceled_handler</a> from lto-llvm-34d790.o(.text.timer_canceled_handler) referenced from lto-llvm-34d790.o(.text.app_timer_api_process_handler)
 <LI><a href="#[23]">timer_modified_handler</a> from lto-llvm-34d790.o(.text.timer_modified_handler) referenced from lto-llvm-34d790.o(.text.app_timer_api_process_handler)
 <LI><a href="#[5d]">uart_finish_transfers_func</a> from da14535_symbols.txt(ABSOLUTE) referenced from lto-llvm-34d790.o(.rodata.rom_func_addr_table_var)
 <LI><a href="#[5c]">uart_flow_off_func</a> from da14535_symbols.txt(ABSOLUTE) referenced from lto-llvm-34d790.o(.rodata.rom_func_addr_table_var)
 <LI><a href="#[5b]">uart_flow_on_func</a> from da14535_symbols.txt(ABSOLUTE) referenced from lto-llvm-34d790.o(.rodata.rom_func_addr_table_var)
 <LI><a href="#[5a]">uart_init_func</a> from da14535_symbols.txt(ABSOLUTE) referenced from lto-llvm-34d790.o(.rodata.rom_func_addr_table_var)
 <LI><a href="#[5e]">uart_read_func</a> from da14535_symbols.txt(ABSOLUTE) referenced from lto-llvm-34d790.o(.rodata.rom_func_addr_table_var)
 <LI><a href="#[2a]">uart_tx</a> from lto-llvm-34d790.o(.text.uart_tx) referenced from lto-llvm-34d790.o(.text.main)
 <LI><a href="#[5f]">uart_write_func</a> from da14535_symbols.txt(ABSOLUTE) referenced from lto-llvm-34d790.o(.rodata.rom_func_addr_table_var)
 <LI><a href="#[56]">user_catch_rest_hndl</a> from lto-llvm-34d790.o(.text.user_catch_rest_hndl) referenced from lto-llvm-34d790.o(.rodata.rom_app_task_cfg)
 <LI><a href="#[a6]">user_on_connection</a> from lto-llvm-34d790.o(.text.user_on_connection) referenced from lto-llvm-34d790.o(.rodata.user_app_callbacks)
 <LI><a href="#[a7]">user_on_disconnect</a> from lto-llvm-34d790.o(.text.user_on_disconnect) referenced from lto-llvm-34d790.o(.rodata.user_app_callbacks)
</UL>
<P>
<H3>
Global Symbols
</H3>
<P><STRONG><a name="[77]"></a>rwip_eif_get_func</STRONG> (Thumb, 0 bytes, Stack size 0 bytes, da14535_symbols.txt(ABSOLUTE), UNUSED)
<BR>[Address Reference Count : 1]<UL><LI> lto-llvm-34d790.o(.rodata.rom_func_addr_table_var)
</UL>
<P><STRONG><a name="[fd]"></a>ble_init</STRONG> (Thumb, 0 bytes, Stack size 0 bytes, da14535_symbols.txt(ABSOLUTE))
<BR><BR>[Called By]<UL><LI><a href="#[1e]">&gt;&gt;</a>&nbsp;&nbsp;&nbsp;main
</UL>

<P><STRONG><a name="[b8]"></a>ble_regs_pop</STRONG> (Thumb, 0 bytes, Stack size 0 bytes, da14535_symbols.txt(ABSOLUTE))
<BR><BR>[Called By]<UL><LI><a href="#[6]">&gt;&gt;</a>&nbsp;&nbsp;&nbsp;BLE_WAKEUP_LP_Handler
</UL>

<P><STRONG><a name="[e2]"></a>rf_reinit</STRONG> (Thumb, 0 bytes, Stack size 0 bytes, da14535_symbols.txt(ABSOLUTE))
<BR><BR>[Called By]<UL><LI><a href="#[46]">&gt;&gt;</a>&nbsp;&nbsp;&nbsp;dlg_slp_isr
</UL>

<P><STRONG><a name="[8]"></a>UART_Handler</STRONG> (Thumb, 0 bytes, Stack size 0 bytes, da14535_symbols.txt(ABSOLUTE), UNUSED)
<BR>[Address Reference Count : 1]<UL><LI> startup_da14535.o(RESET)
</UL>
<P><STRONG><a name="[c8]"></a>dia_rand</STRONG> (Thumb, 0 bytes, Stack size 0 bytes, da14535_symbols.txt(ABSOLUTE))
<BR><BR>[Called By]<UL><LI><a href="#[b2]">&gt;&gt;</a>&nbsp;&nbsp;&nbsp;default_app_on_ltk_exch
<LI><a href="#[af]">&gt;&gt;</a>&nbsp;&nbsp;&nbsp;default_app_generate_static_random_addr
<LI><a href="#[a0]">&gt;&gt;</a>&nbsp;&nbsp;&nbsp;ba431_get_rand_func
</UL>

<P><STRONG><a name="[d5]"></a>co_list_init</STRONG> (Thumb, 0 bytes, Stack size 0 bytes, da14535_symbols.txt(ABSOLUTE))
<BR><BR>[Called By]<UL><LI><a href="#[4d]">&gt;&gt;</a>&nbsp;&nbsp;&nbsp;diss_init
</UL>

<P><STRONG><a name="[d0]"></a>co_list_pop_front</STRONG> (Thumb, 0 bytes, Stack size 0 bytes, da14535_symbols.txt(ABSOLUTE))
<BR><BR>[Called By]<UL><LI><a href="#[4e]">&gt;&gt;</a>&nbsp;&nbsp;&nbsp;diss_destroy
</UL>

<P><STRONG><a name="[d9]"></a>co_list_push_back</STRONG> (Thumb, 0 bytes, Stack size 0 bytes, da14535_symbols.txt(ABSOLUTE))
<BR><BR>[Called By]<UL><LI><a href="#[4a]">&gt;&gt;</a>&nbsp;&nbsp;&nbsp;diss_set_value_req_handler
</UL>

<P><STRONG><a name="[d8]"></a>co_list_extract</STRONG> (Thumb, 0 bytes, Stack size 0 bytes, da14535_symbols.txt(ABSOLUTE))
<BR><BR>[Called By]<UL><LI><a href="#[4a]">&gt;&gt;</a>&nbsp;&nbsp;&nbsp;diss_set_value_req_handler
</UL>

<P><STRONG><a name="[99]"></a>llc_le_length_effective_func</STRONG> (Thumb, 0 bytes, Stack size 0 bytes, da14535_symbols.txt(ABSOLUTE), UNUSED)
<BR>[Address Reference Count : 1]<UL><LI> lto-llvm-34d790.o(.rodata.rom_func_addr_table_var)
</UL>
<P><STRONG><a name="[9a]"></a>llc_le_length_conn_init_func</STRONG> (Thumb, 0 bytes, Stack size 0 bytes, da14535_symbols.txt(ABSOLUTE), UNUSED)
<BR>[Address Reference Count : 1]<UL><LI> lto-llvm-34d790.o(.rodata.rom_func_addr_table_var)
</UL>
<P><STRONG><a name="[9d]"></a>llc_pdu_send_func</STRONG> (Thumb, 0 bytes, Stack size 0 bytes, da14535_symbols.txt(ABSOLUTE), UNUSED)
<BR>[Address Reference Count : 1]<UL><LI> lto-llvm-34d790.o(.rodata.rom_func_addr_table_var)
</UL>
<P><STRONG><a name="[45]"></a>lld_crypt_isr</STRONG> (Thumb, 0 bytes, Stack size 0 bytes, da14535_symbols.txt(ABSOLUTE), UNUSED)
<BR>[Address Reference Count : 1]<UL><LI> lto-llvm-34d790.o(.rodata.ble_irq)
</UL>
<P><STRONG><a name="[7e]"></a>lld_test_mode_tx_func</STRONG> (Thumb, 0 bytes, Stack size 0 bytes, da14535_symbols.txt(ABSOLUTE), UNUSED)
<BR>[Address Reference Count : 1]<UL><LI> lto-llvm-34d790.o(.rodata.rom_func_addr_table_var)
</UL>
<P><STRONG><a name="[7f]"></a>lld_test_mode_rx_func</STRONG> (Thumb, 0 bytes, Stack size 0 bytes, da14535_symbols.txt(ABSOLUTE), UNUSED)
<BR>[Address Reference Count : 1]<UL><LI> lto-llvm-34d790.o(.rodata.rom_func_addr_table_var)
</UL>
<P><STRONG><a name="[7d]"></a>lld_test_stop_func</STRONG> (Thumb, 0 bytes, Stack size 0 bytes, da14535_symbols.txt(ABSOLUTE), UNUSED)
<BR>[Address Reference Count : 1]<UL><LI> lto-llvm-34d790.o(.rodata.rom_func_addr_table_var)
</UL>
<P><STRONG><a name="[9c]"></a>lld_data_tx_check_func</STRONG> (Thumb, 0 bytes, Stack size 0 bytes, da14535_symbols.txt(ABSOLUTE), UNUSED)
<BR>[Address Reference Count : 1]<UL><LI> lto-llvm-34d790.o(.rodata.rom_func_addr_table_var)
</UL>
<P><STRONG><a name="[9b]"></a>lld_data_tx_prog_func</STRONG> (Thumb, 0 bytes, Stack size 0 bytes, da14535_symbols.txt(ABSOLUTE), UNUSED)
<BR>[Address Reference Count : 1]<UL><LI> lto-llvm-34d790.o(.rodata.rom_func_addr_table_var)
</UL>
<P><STRONG><a name="[44]"></a>lld_evt_timer_isr</STRONG> (Thumb, 0 bytes, Stack size 0 bytes, da14535_symbols.txt(ABSOLUTE), UNUSED)
<BR>[Address Reference Count : 1]<UL><LI> lto-llvm-34d790.o(.rodata.ble_irq)
</UL>
<P><STRONG><a name="[dd]"></a>lld_evt_end_isr</STRONG> (Thumb, 0 bytes, Stack size 0 bytes, da14535_symbols.txt(ABSOLUTE))
<BR><BR>[Called By]<UL><LI><a href="#[42]">&gt;&gt;</a>&nbsp;&nbsp;&nbsp;dlg_eventapfa_isr
<LI><a href="#[41]">&gt;&gt;</a>&nbsp;&nbsp;&nbsp;dlg_event_isr
</UL>

<P><STRONG><a name="[e0]"></a>lld_evt_rx_isr</STRONG> (Thumb, 0 bytes, Stack size 0 bytes, da14535_symbols.txt(ABSOLUTE))
<BR><BR>[Called By]<UL><LI><a href="#[40]">&gt;&gt;</a>&nbsp;&nbsp;&nbsp;dlg_rx_isr
</UL>

<P><STRONG><a name="[94]"></a>llm_le_adv_report_ind_func</STRONG> (Thumb, 0 bytes, Stack size 0 bytes, da14535_symbols.txt(ABSOLUTE), UNUSED)
<BR>[Address Reference Count : 1]<UL><LI> lto-llvm-34d790.o(.rodata.rom_func_addr_table_var)
</UL>
<P><STRONG><a name="[72]"></a>llm_encryption_done_func</STRONG> (Thumb, 0 bytes, Stack size 0 bytes, da14535_symbols.txt(ABSOLUTE), UNUSED)
<BR>[Address Reference Count : 1]<UL><LI> lto-llvm-34d790.o(.rodata.rom_func_addr_table_var)
</UL>
<P><STRONG><a name="[96]"></a>llm_p256_start_func</STRONG> (Thumb, 0 bytes, Stack size 0 bytes, da14535_symbols.txt(ABSOLUTE), UNUSED)
<BR>[Address Reference Count : 1]<UL><LI> lto-llvm-34d790.o(.rodata.rom_func_addr_table_var)
</UL>
<P><STRONG><a name="[97]"></a>llm_create_p256_key_func</STRONG> (Thumb, 0 bytes, Stack size 0 bytes, da14535_symbols.txt(ABSOLUTE), UNUSED)
<BR>[Address Reference Count : 1]<UL><LI> lto-llvm-34d790.o(.rodata.rom_func_addr_table_var)
</UL>
<P><STRONG><a name="[98]"></a>llm_p256_req_handler_func</STRONG> (Thumb, 0 bytes, Stack size 0 bytes, da14535_symbols.txt(ABSOLUTE), UNUSED)
<BR>[Address Reference Count : 1]<UL><LI> lto-llvm-34d790.o(.rodata.rom_func_addr_table_var)
</UL>
<P><STRONG><a name="[8a]"></a>hci_rd_local_supp_feats_cmd_handler_func</STRONG> (Thumb, 0 bytes, Stack size 0 bytes, da14535_symbols.txt(ABSOLUTE), UNUSED)
<BR>[Address Reference Count : 1]<UL><LI> lto-llvm-34d790.o(.rodata.rom_func_addr_table_var)
</UL>
<P><STRONG><a name="[a5]"></a>llm_util_aa_gen_func</STRONG> (Thumb, 0 bytes, Stack size 0 bytes, da14535_symbols.txt(ABSOLUTE), UNUSED)
<BR>[Address Reference Count : 1]<UL><LI> lto-llvm-34d790.o(.rodata.rom_func_addr_table_var)
</UL>
<P><STRONG><a name="[95]"></a>PK_PointMult_func</STRONG> (Thumb, 0 bytes, Stack size 0 bytes, da14535_symbols.txt(ABSOLUTE), UNUSED)
<BR>[Address Reference Count : 1]<UL><LI> lto-llvm-34d790.o(.rodata.rom_func_addr_table_var)
</UL>
<P><STRONG><a name="[dc]"></a>ea_finetimer_isr</STRONG> (Thumb, 0 bytes, Stack size 0 bytes, da14535_symbols.txt(ABSOLUTE))
<BR><BR>[Called By]<UL><LI><a href="#[47]">&gt;&gt;</a>&nbsp;&nbsp;&nbsp;dlg_cscnt_isr
<LI><a href="#[3f]">&gt;&gt;</a>&nbsp;&nbsp;&nbsp;dlg_finetgtim_isr
</UL>

<P><STRONG><a name="[43]"></a>ea_sw_isr</STRONG> (Thumb, 0 bytes, Stack size 0 bytes, da14535_symbols.txt(ABSOLUTE), UNUSED)
<BR>[Address Reference Count : 1]<UL><LI> lto-llvm-34d790.o(.rodata.ble_irq)
</UL>
<P><STRONG><a name="[5a]"></a>uart_init_func</STRONG> (Thumb, 0 bytes, Stack size 0 bytes, da14535_symbols.txt(ABSOLUTE), UNUSED)
<BR>[Address Reference Count : 1]<UL><LI> lto-llvm-34d790.o(.rodata.rom_func_addr_table_var)
</UL>
<P><STRONG><a name="[5b]"></a>uart_flow_on_func</STRONG> (Thumb, 0 bytes, Stack size 0 bytes, da14535_symbols.txt(ABSOLUTE), UNUSED)
<BR>[Address Reference Count : 1]<UL><LI> lto-llvm-34d790.o(.rodata.rom_func_addr_table_var)
</UL>
<P><STRONG><a name="[5c]"></a>uart_flow_off_func</STRONG> (Thumb, 0 bytes, Stack size 0 bytes, da14535_symbols.txt(ABSOLUTE), UNUSED)
<BR>[Address Reference Count : 1]<UL><LI> lto-llvm-34d790.o(.rodata.rom_func_addr_table_var)
</UL>
<P><STRONG><a name="[5d]"></a>uart_finish_transfers_func</STRONG> (Thumb, 0 bytes, Stack size 0 bytes, da14535_symbols.txt(ABSOLUTE), UNUSED)
<BR>[Address Reference Count : 1]<UL><LI> lto-llvm-34d790.o(.rodata.rom_func_addr_table_var)
</UL>
<P><STRONG><a name="[5e]"></a>uart_read_func</STRONG> (Thumb, 0 bytes, Stack size 0 bytes, da14535_symbols.txt(ABSOLUTE), UNUSED)
<BR>[Address Reference Count : 1]<UL><LI> lto-llvm-34d790.o(.rodata.rom_func_addr_table_var)
</UL>
<P><STRONG><a name="[5f]"></a>uart_write_func</STRONG> (Thumb, 0 bytes, Stack size 0 bytes, da14535_symbols.txt(ABSOLUTE), UNUSED)
<BR>[Address Reference Count : 1]<UL><LI> lto-llvm-34d790.o(.rodata.rom_func_addr_table_var)
</UL>
<P><STRONG><a name="[60]"></a>UART_Handler_func</STRONG> (Thumb, 0 bytes, Stack size 0 bytes, da14535_symbols.txt(ABSOLUTE), UNUSED)
<BR>[Address Reference Count : 1]<UL><LI> lto-llvm-34d790.o(.rodata.rom_func_addr_table_var)
</UL>
<P><STRONG><a name="[61]"></a>gtl_init_func</STRONG> (Thumb, 0 bytes, Stack size 0 bytes, da14535_symbols.txt(ABSOLUTE), UNUSED)
<BR>[Address Reference Count : 1]<UL><LI> lto-llvm-34d790.o(.rodata.rom_func_addr_table_var)
</UL>
<P><STRONG><a name="[63]"></a>gtl_eif_read_start_func</STRONG> (Thumb, 0 bytes, Stack size 0 bytes, da14535_symbols.txt(ABSOLUTE), UNUSED)
<BR>[Address Reference Count : 1]<UL><LI> lto-llvm-34d790.o(.rodata.rom_func_addr_table_var)
</UL>
<P><STRONG><a name="[64]"></a>gtl_eif_read_hdr_func</STRONG> (Thumb, 0 bytes, Stack size 0 bytes, da14535_symbols.txt(ABSOLUTE), UNUSED)
<BR>[Address Reference Count : 1]<UL><LI> lto-llvm-34d790.o(.rodata.rom_func_addr_table_var)
</UL>
<P><STRONG><a name="[65]"></a>gtl_eif_read_payl_func</STRONG> (Thumb, 0 bytes, Stack size 0 bytes, da14535_symbols.txt(ABSOLUTE), UNUSED)
<BR>[Address Reference Count : 1]<UL><LI> lto-llvm-34d790.o(.rodata.rom_func_addr_table_var)
</UL>
<P><STRONG><a name="[66]"></a>gtl_eif_tx_done_func</STRONG> (Thumb, 0 bytes, Stack size 0 bytes, da14535_symbols.txt(ABSOLUTE), UNUSED)
<BR>[Address Reference Count : 1]<UL><LI> lto-llvm-34d790.o(.rodata.rom_func_addr_table_var)
</UL>
<P><STRONG><a name="[67]"></a>gtl_eif_rx_done_func</STRONG> (Thumb, 0 bytes, Stack size 0 bytes, da14535_symbols.txt(ABSOLUTE), UNUSED)
<BR>[Address Reference Count : 1]<UL><LI> lto-llvm-34d790.o(.rodata.rom_func_addr_table_var)
</UL>
<P><STRONG><a name="[62]"></a>gtl_eif_init_func</STRONG> (Thumb, 0 bytes, Stack size 0 bytes, da14535_symbols.txt(ABSOLUTE), UNUSED)
<BR>[Address Reference Count : 1]<UL><LI> lto-llvm-34d790.o(.rodata.rom_func_addr_table_var)
</UL>
<P><STRONG><a name="[69]"></a>h4tl_read_start_func</STRONG> (Thumb, 0 bytes, Stack size 0 bytes, da14535_symbols.txt(ABSOLUTE), UNUSED)
<BR>[Address Reference Count : 1]<UL><LI> lto-llvm-34d790.o(.rodata.rom_func_addr_table_var)
</UL>
<P><STRONG><a name="[6a]"></a>h4tl_read_hdr_func</STRONG> (Thumb, 0 bytes, Stack size 0 bytes, da14535_symbols.txt(ABSOLUTE), UNUSED)
<BR>[Address Reference Count : 1]<UL><LI> lto-llvm-34d790.o(.rodata.rom_func_addr_table_var)
</UL>
<P><STRONG><a name="[6b]"></a>h4tl_read_payl_func</STRONG> (Thumb, 0 bytes, Stack size 0 bytes, da14535_symbols.txt(ABSOLUTE), UNUSED)
<BR>[Address Reference Count : 1]<UL><LI> lto-llvm-34d790.o(.rodata.rom_func_addr_table_var)
</UL>
<P><STRONG><a name="[6c]"></a>h4tl_read_next_out_of_sync_func</STRONG> (Thumb, 0 bytes, Stack size 0 bytes, da14535_symbols.txt(ABSOLUTE), UNUSED)
<BR>[Address Reference Count : 1]<UL><LI> lto-llvm-34d790.o(.rodata.rom_func_addr_table_var)
</UL>
<P><STRONG><a name="[6d]"></a>h4tl_out_of_sync_func</STRONG> (Thumb, 0 bytes, Stack size 0 bytes, da14535_symbols.txt(ABSOLUTE), UNUSED)
<BR>[Address Reference Count : 1]<UL><LI> lto-llvm-34d790.o(.rodata.rom_func_addr_table_var)
</UL>
<P><STRONG><a name="[6e]"></a>h4tl_tx_done_func</STRONG> (Thumb, 0 bytes, Stack size 0 bytes, da14535_symbols.txt(ABSOLUTE), UNUSED)
<BR>[Address Reference Count : 1]<UL><LI> lto-llvm-34d790.o(.rodata.rom_func_addr_table_var)
</UL>
<P><STRONG><a name="[6f]"></a>h4tl_rx_done_func</STRONG> (Thumb, 0 bytes, Stack size 0 bytes, da14535_symbols.txt(ABSOLUTE), UNUSED)
<BR>[Address Reference Count : 1]<UL><LI> lto-llvm-34d790.o(.rodata.rom_func_addr_table_var)
</UL>
<P><STRONG><a name="[68]"></a>h4tl_init_func</STRONG> (Thumb, 0 bytes, Stack size 0 bytes, da14535_symbols.txt(ABSOLUTE), UNUSED)
<BR>[Address Reference Count : 1]<UL><LI> lto-llvm-34d790.o(.rodata.rom_func_addr_table_var)
</UL>
<P><STRONG><a name="[92]"></a>attc_l2cc_pdu_recv_handler_func</STRONG> (Thumb, 0 bytes, Stack size 0 bytes, da14535_symbols.txt(ABSOLUTE), UNUSED)
<BR>[Address Reference Count : 1]<UL><LI> lto-llvm-34d790.o(.rodata.rom_func_addr_table_var)
</UL>
<P><STRONG><a name="[d2]"></a>attm_svc_create_db</STRONG> (Thumb, 0 bytes, Stack size 0 bytes, da14535_symbols.txt(ABSOLUTE))
<BR><BR>[Called By]<UL><LI><a href="#[4d]">&gt;&gt;</a>&nbsp;&nbsp;&nbsp;diss_init
</UL>

<P><STRONG><a name="[91]"></a>atts_l2cc_pdu_recv_handler_func</STRONG> (Thumb, 0 bytes, Stack size 0 bytes, da14535_symbols.txt(ABSOLUTE), UNUSED)
<BR>[Address Reference Count : 1]<UL><LI> lto-llvm-34d790.o(.rodata.rom_func_addr_table_var)
</UL>
<P><STRONG><a name="[81]"></a>smpc_pdu_recv_func</STRONG> (Thumb, 0 bytes, Stack size 0 bytes, da14535_symbols.txt(ABSOLUTE), UNUSED)
<BR>[Address Reference Count : 1]<UL><LI> lto-llvm-34d790.o(.rodata.rom_func_addr_table_var)
</UL>
<P><STRONG><a name="[8f]"></a>l2cc_pdu_recv_ind_handler_func</STRONG> (Thumb, 0 bytes, Stack size 0 bytes, da14535_symbols.txt(ABSOLUTE), UNUSED)
<BR>[Address Reference Count : 1]<UL><LI> lto-llvm-34d790.o(.rodata.rom_func_addr_table_var)
</UL>
<P><STRONG><a name="[90]"></a>gapc_lecb_connect_cfm_handler_func</STRONG> (Thumb, 0 bytes, Stack size 0 bytes, da14535_symbols.txt(ABSOLUTE), UNUSED)
<BR>[Address Reference Count : 1]<UL><LI> lto-llvm-34d790.o(.rodata.rom_func_addr_table_var)
</UL>
<P><STRONG><a name="[8b]"></a>l2cc_pdu_pack_func</STRONG> (Thumb, 0 bytes, Stack size 0 bytes, da14535_symbols.txt(ABSOLUTE), UNUSED)
<BR>[Address Reference Count : 1]<UL><LI> lto-llvm-34d790.o(.rodata.rom_func_addr_table_var)
</UL>
<P><STRONG><a name="[8c]"></a>l2cc_pdu_unpack_func</STRONG> (Thumb, 0 bytes, Stack size 0 bytes, da14535_symbols.txt(ABSOLUTE), UNUSED)
<BR>[Address Reference Count : 1]<UL><LI> lto-llvm-34d790.o(.rodata.rom_func_addr_table_var)
</UL>
<P><STRONG><a name="[8e]"></a>l2c_process_sdu_func</STRONG> (Thumb, 0 bytes, Stack size 0 bytes, da14535_symbols.txt(ABSOLUTE), UNUSED)
<BR>[Address Reference Count : 1]<UL><LI> lto-llvm-34d790.o(.rodata.rom_func_addr_table_var)
</UL>
<P><STRONG><a name="[8d]"></a>l2c_send_lecb_message_func</STRONG> (Thumb, 0 bytes, Stack size 0 bytes, da14535_symbols.txt(ABSOLUTE), UNUSED)
<BR>[Address Reference Count : 1]<UL><LI> lto-llvm-34d790.o(.rodata.rom_func_addr_table_var)
</UL>
<P><STRONG><a name="[80]"></a>smpc_check_param_func</STRONG> (Thumb, 0 bytes, Stack size 0 bytes, da14535_symbols.txt(ABSOLUTE), UNUSED)
<BR>[Address Reference Count : 1]<UL><LI> lto-llvm-34d790.o(.rodata.rom_func_addr_table_var)
</UL>
<P><STRONG><a name="[a1]"></a>smpc_public_key_exchange_start_func</STRONG> (Thumb, 0 bytes, Stack size 0 bytes, da14535_symbols.txt(ABSOLUTE), UNUSED)
<BR>[Address Reference Count : 1]<UL><LI> lto-llvm-34d790.o(.rodata.rom_func_addr_table_var)
</UL>
<P><STRONG><a name="[a2]"></a>smpc_dhkey_calc_ind_func</STRONG> (Thumb, 0 bytes, Stack size 0 bytes, da14535_symbols.txt(ABSOLUTE), UNUSED)
<BR>[Address Reference Count : 1]<UL><LI> lto-llvm-34d790.o(.rodata.rom_func_addr_table_var)
</UL>
<P><STRONG><a name="[a3]"></a>smpm_ecdh_key_create_func</STRONG> (Thumb, 0 bytes, Stack size 0 bytes, da14535_symbols.txt(ABSOLUTE), UNUSED)
<BR>[Address Reference Count : 1]<UL><LI> lto-llvm-34d790.o(.rodata.rom_func_addr_table_var)
</UL>
<P><STRONG><a name="[d3]"></a>ke_malloc</STRONG> (Thumb, 0 bytes, Stack size 0 bytes, da14535_symbols.txt(ABSOLUTE))
<BR><BR>[Called By]<UL><LI><a href="#[4a]">&gt;&gt;</a>&nbsp;&nbsp;&nbsp;diss_set_value_req_handler
<LI><a href="#[4d]">&gt;&gt;</a>&nbsp;&nbsp;&nbsp;diss_init
</UL>

<P><STRONG><a name="[d1]"></a>ke_free</STRONG> (Thumb, 0 bytes, Stack size 0 bytes, da14535_symbols.txt(ABSOLUTE))
<BR><BR>[Called By]<UL><LI><a href="#[4a]">&gt;&gt;</a>&nbsp;&nbsp;&nbsp;diss_set_value_req_handler
<LI><a href="#[4e]">&gt;&gt;</a>&nbsp;&nbsp;&nbsp;diss_destroy
</UL>

<P><STRONG><a name="[bd]"></a>ke_msg_alloc</STRONG> (Thumb, 0 bytes, Stack size 0 bytes, da14535_symbols.txt(ABSOLUTE))
<BR><BR>[Called By]<UL><LI><a href="#[49]">&gt;&gt;</a>&nbsp;&nbsp;&nbsp;app_custs1_create_db
<LI><a href="#[35]">&gt;&gt;</a>&nbsp;&nbsp;&nbsp;app_timer_api_process_handler
<LI><a href="#[33]">&gt;&gt;</a>&nbsp;&nbsp;&nbsp;diss_value_req_ind_handler
<LI><a href="#[51]">&gt;&gt;</a>&nbsp;&nbsp;&nbsp;app_diss_create_db
<LI><a href="#[56]">&gt;&gt;</a>&nbsp;&nbsp;&nbsp;user_catch_rest_hndl
<LI><a href="#[54]">&gt;&gt;</a>&nbsp;&nbsp;&nbsp;app_easy_gap_dev_configure
<LI><a href="#[cc]">&gt;&gt;</a>&nbsp;&nbsp;&nbsp;ltk_exch_create_msg
<LI><a href="#[c5]">&gt;&gt;</a>&nbsp;&nbsp;&nbsp;app_easy_security_tk_exch
<LI><a href="#[b0]">&gt;&gt;</a>&nbsp;&nbsp;&nbsp;default_app_on_pairing_request
<LI><a href="#[c2]">&gt;&gt;</a>&nbsp;&nbsp;&nbsp;app_easy_gap_undirected_advertise_start
<LI><a href="#[4c]">&gt;&gt;</a>&nbsp;&nbsp;&nbsp;diss_value_cfm_handler
<LI><a href="#[4b]">&gt;&gt;</a>&nbsp;&nbsp;&nbsp;gattc_read_req_ind_handler
<LI><a href="#[4a]">&gt;&gt;</a>&nbsp;&nbsp;&nbsp;diss_set_value_req_handler
</UL>

<P><STRONG><a name="[bf]"></a>ke_msg_send</STRONG> (Thumb, 0 bytes, Stack size 0 bytes, da14535_symbols.txt(ABSOLUTE))
<BR><BR>[Called By]<UL><LI><a href="#[49]">&gt;&gt;</a>&nbsp;&nbsp;&nbsp;app_custs1_create_db
<LI><a href="#[35]">&gt;&gt;</a>&nbsp;&nbsp;&nbsp;app_timer_api_process_handler
<LI><a href="#[33]">&gt;&gt;</a>&nbsp;&nbsp;&nbsp;diss_value_req_ind_handler
<LI><a href="#[51]">&gt;&gt;</a>&nbsp;&nbsp;&nbsp;app_diss_create_db
<LI><a href="#[56]">&gt;&gt;</a>&nbsp;&nbsp;&nbsp;user_catch_rest_hndl
<LI><a href="#[54]">&gt;&gt;</a>&nbsp;&nbsp;&nbsp;app_easy_gap_dev_configure
<LI><a href="#[b2]">&gt;&gt;</a>&nbsp;&nbsp;&nbsp;default_app_on_ltk_exch
<LI><a href="#[c5]">&gt;&gt;</a>&nbsp;&nbsp;&nbsp;app_easy_security_tk_exch
<LI><a href="#[b0]">&gt;&gt;</a>&nbsp;&nbsp;&nbsp;default_app_on_pairing_request
<LI><a href="#[c2]">&gt;&gt;</a>&nbsp;&nbsp;&nbsp;app_easy_gap_undirected_advertise_start
<LI><a href="#[4c]">&gt;&gt;</a>&nbsp;&nbsp;&nbsp;diss_value_cfm_handler
<LI><a href="#[4b]">&gt;&gt;</a>&nbsp;&nbsp;&nbsp;gattc_read_req_ind_handler
<LI><a href="#[4a]">&gt;&gt;</a>&nbsp;&nbsp;&nbsp;diss_set_value_req_handler
</UL>

<P><STRONG><a name="[70]"></a>ke_task_init_func</STRONG> (Thumb, 0 bytes, Stack size 0 bytes, da14535_symbols.txt(ABSOLUTE), UNUSED)
<BR>[Address Reference Count : 1]<UL><LI> lto-llvm-34d790.o(.rodata.rom_func_addr_table_var)
</UL>
<P><STRONG><a name="[ff]"></a>ke_task_create</STRONG> (Thumb, 0 bytes, Stack size 0 bytes, da14535_symbols.txt(ABSOLUTE))
<BR><BR>[Called By]<UL><LI><a href="#[1e]">&gt;&gt;</a>&nbsp;&nbsp;&nbsp;main
</UL>

<P><STRONG><a name="[c4]"></a>ke_state_set</STRONG> (Thumb, 0 bytes, Stack size 0 bytes, da14535_symbols.txt(ABSOLUTE))
<BR><BR>[Called By]<UL><LI><a href="#[c2]">&gt;&gt;</a>&nbsp;&nbsp;&nbsp;app_easy_gap_undirected_advertise_start
<LI><a href="#[4c]">&gt;&gt;</a>&nbsp;&nbsp;&nbsp;diss_value_cfm_handler
<LI><a href="#[4b]">&gt;&gt;</a>&nbsp;&nbsp;&nbsp;gattc_read_req_ind_handler
<LI><a href="#[4d]">&gt;&gt;</a>&nbsp;&nbsp;&nbsp;diss_init
<LI><a href="#[1e]">&gt;&gt;</a>&nbsp;&nbsp;&nbsp;main
</UL>

<P><STRONG><a name="[da]"></a>ke_state_get</STRONG> (Thumb, 0 bytes, Stack size 0 bytes, da14535_symbols.txt(ABSOLUTE))
<BR><BR>[Called By]<UL><LI><a href="#[4c]">&gt;&gt;</a>&nbsp;&nbsp;&nbsp;diss_value_cfm_handler
<LI><a href="#[4b]">&gt;&gt;</a>&nbsp;&nbsp;&nbsp;gattc_read_req_ind_handler
</UL>

<P><STRONG><a name="[71]"></a>ke_timer_init_func</STRONG> (Thumb, 0 bytes, Stack size 0 bytes, da14535_symbols.txt(ABSOLUTE), UNUSED)
<BR>[Address Reference Count : 1]<UL><LI> lto-llvm-34d790.o(.rodata.rom_func_addr_table_var)
</UL>
<P><STRONG><a name="[c7]"></a>ke_timer_set</STRONG> (Thumb, 0 bytes, Stack size 0 bytes, da14535_symbols.txt(ABSOLUTE))
<BR><BR>[Called By]<UL><LI><a href="#[35]">&gt;&gt;</a>&nbsp;&nbsp;&nbsp;app_timer_api_process_handler
</UL>

<P><STRONG><a name="[e1]"></a>rwip_wakeup</STRONG> (Thumb, 0 bytes, Stack size 0 bytes, da14535_symbols.txt(ABSOLUTE))
<BR><BR>[Called By]<UL><LI><a href="#[46]">&gt;&gt;</a>&nbsp;&nbsp;&nbsp;dlg_slp_isr
</UL>

<P><STRONG><a name="[db]"></a>rwip_wakeup_end</STRONG> (Thumb, 0 bytes, Stack size 0 bytes, da14535_symbols.txt(ABSOLUTE))
<BR><BR>[Called By]<UL><LI><a href="#[47]">&gt;&gt;</a>&nbsp;&nbsp;&nbsp;dlg_cscnt_isr
</UL>

<P><STRONG><a name="[e8]"></a>rwip_wakeup_delay_set</STRONG> (Thumb, 0 bytes, Stack size 0 bytes, da14535_symbols.txt(ABSOLUTE))
<BR><BR>[Called By]<UL><LI><a href="#[7a]">&gt;&gt;</a>&nbsp;&nbsp;&nbsp;lld_sleep_init_func
</UL>

<P><STRONG><a name="[e7]"></a>__aeabi_uidiv</STRONG> (Thumb, 0 bytes, Stack size 0 bytes, da14535_symbols.txt(ABSOLUTE))
<BR><BR>[Called By]<UL><LI><a href="#[31]">&gt;&gt;</a>&nbsp;&nbsp;&nbsp;rf_rssi_convert
<LI><a href="#[79]">&gt;&gt;</a>&nbsp;&nbsp;&nbsp;lld_sleep_compensate_func
<LI><a href="#[7a]">&gt;&gt;</a>&nbsp;&nbsp;&nbsp;lld_sleep_init_func
<LI><a href="#[7b]">&gt;&gt;</a>&nbsp;&nbsp;&nbsp;lld_sleep_us_2_lpcycles_sel_func
</UL>

<P><STRONG><a name="[e9]"></a>__aeabi_lmul</STRONG> (Thumb, 0 bytes, Stack size 0 bytes, da14535_symbols.txt(ABSOLUTE))
<BR><BR>[Called By]<UL><LI><a href="#[e6]">&gt;&gt;</a>&nbsp;&nbsp;&nbsp;lld_sleep_lpcycles_2_us_rcx_func
</UL>

<P><STRONG><a name="[c6]"></a>__aeabi_memcpy</STRONG> (Thumb, 0 bytes, Stack size 0 bytes, da14535_symbols.txt(ABSOLUTE))
<BR><BR>[Called By]<UL><LI><a href="#[33]">&gt;&gt;</a>&nbsp;&nbsp;&nbsp;diss_value_req_ind_handler
<LI><a href="#[3b]">&gt;&gt;</a>&nbsp;&nbsp;&nbsp;gapc_bond_ind_handler
<LI><a href="#[b2]">&gt;&gt;</a>&nbsp;&nbsp;&nbsp;default_app_on_ltk_exch
<LI><a href="#[c5]">&gt;&gt;</a>&nbsp;&nbsp;&nbsp;app_easy_security_tk_exch
<LI><a href="#[b0]">&gt;&gt;</a>&nbsp;&nbsp;&nbsp;default_app_on_pairing_request
<LI><a href="#[ad]">&gt;&gt;</a>&nbsp;&nbsp;&nbsp;default_app_on_set_dev_info
<LI><a href="#[aa]">&gt;&gt;</a>&nbsp;&nbsp;&nbsp;default_app_on_get_dev_name
<LI><a href="#[4c]">&gt;&gt;</a>&nbsp;&nbsp;&nbsp;diss_value_cfm_handler
<LI><a href="#[4b]">&gt;&gt;</a>&nbsp;&nbsp;&nbsp;gattc_read_req_ind_handler
<LI><a href="#[4a]">&gt;&gt;</a>&nbsp;&nbsp;&nbsp;diss_set_value_req_handler
<LI><a href="#[a4]">&gt;&gt;</a>&nbsp;&nbsp;&nbsp;ble_init_arp_func
<LI><a href="#[58]">&gt;&gt;</a>&nbsp;&nbsp;&nbsp;rf_init_func
<LI><a href="#[27]">&gt;&gt;</a>&nbsp;&nbsp;&nbsp;pd_adpll_func
<LI><a href="#[26]">&gt;&gt;</a>&nbsp;&nbsp;&nbsp;pd_rad_func
<LI><a href="#[1e]">&gt;&gt;</a>&nbsp;&nbsp;&nbsp;main
</UL>

<P><STRONG><a name="[c1]"></a>__aeabi_memclr</STRONG> (Thumb, 0 bytes, Stack size 0 bytes, da14535_symbols.txt(ABSOLUTE))
<BR><BR>[Called By]<UL><LI><a href="#[54]">&gt;&gt;</a>&nbsp;&nbsp;&nbsp;app_easy_gap_dev_configure
<LI><a href="#[c5]">&gt;&gt;</a>&nbsp;&nbsp;&nbsp;app_easy_security_tk_exch
</UL>

<P><STRONG><a name="[d4]"></a>__aeabi_memclr4</STRONG> (Thumb, 0 bytes, Stack size 0 bytes, da14535_symbols.txt(ABSOLUTE))
<BR><BR>[Called By]<UL><LI><a href="#[4a]">&gt;&gt;</a>&nbsp;&nbsp;&nbsp;diss_set_value_req_handler
<LI><a href="#[4d]">&gt;&gt;</a>&nbsp;&nbsp;&nbsp;diss_init
</UL>

<P><STRONG><a name="[f4]"></a>__aeabi_memclr8</STRONG> (Thumb, 0 bytes, Stack size 0 bytes, da14535_symbols.txt(ABSOLUTE))
<BR><BR>[Called By]<UL><LI><a href="#[1e]">&gt;&gt;</a>&nbsp;&nbsp;&nbsp;main
</UL>

<P><STRONG><a name="[ea]"></a>__aeabi_llsl</STRONG> (Thumb, 0 bytes, Stack size 0 bytes, da14535_symbols.txt(ABSOLUTE))
<BR><BR>[Called By]<UL><LI><a href="#[1e]">&gt;&gt;</a>&nbsp;&nbsp;&nbsp;main
</UL>

<P><STRONG><a name="[110]"></a>SystemInit_ROM</STRONG> (Thumb, 0 bytes, Stack size 0 bytes, da14535_symbols.txt(ABSOLUTE))
<BR><BR>[Called By]<UL><LI><a href="#[1f]">&gt;&gt;</a>&nbsp;&nbsp;&nbsp;SystemInit
</UL>

<P><STRONG><a name="[73]"></a>nvds_get_func</STRONG> (Thumb, 0 bytes, Stack size 0 bytes, da14535_symbols.txt(ABSOLUTE), UNUSED)
<BR>[Address Reference Count : 1]<UL><LI> lto-llvm-34d790.o(.rodata.rom_func_addr_table_var)
</UL>
<P><STRONG><a name="[76]"></a>nvds_init_func</STRONG> (Thumb, 0 bytes, Stack size 0 bytes, da14535_symbols.txt(ABSOLUTE), UNUSED)
<BR>[Address Reference Count : 1]<UL><LI> lto-llvm-34d790.o(.rodata.rom_func_addr_table_var)
</UL>
<P><STRONG><a name="[75]"></a>nvds_del_func</STRONG> (Thumb, 0 bytes, Stack size 0 bytes, da14535_symbols.txt(ABSOLUTE), UNUSED)
<BR>[Address Reference Count : 1]<UL><LI> lto-llvm-34d790.o(.rodata.rom_func_addr_table_var)
</UL>
<P><STRONG><a name="[74]"></a>nvds_put_func</STRONG> (Thumb, 0 bytes, Stack size 0 bytes, da14535_symbols.txt(ABSOLUTE), UNUSED)
<BR>[Address Reference Count : 1]<UL><LI> lto-llvm-34d790.o(.rodata.rom_func_addr_table_var)
</UL>
<P><STRONG><a name="[f9]"></a>init_pwr_and_clk_ble_part_start_ROM</STRONG> (Thumb, 0 bytes, Stack size 0 bytes, da14535_symbols.txt(ABSOLUTE))
<BR><BR>[Called By]<UL><LI><a href="#[1e]">&gt;&gt;</a>&nbsp;&nbsp;&nbsp;main
</UL>

<P><STRONG><a name="[fa]"></a>init_pwr_and_clk_ble_part_rcx_ROM</STRONG> (Thumb, 0 bytes, Stack size 0 bytes, da14535_symbols.txt(ABSOLUTE))
<BR><BR>[Called By]<UL><LI><a href="#[1e]">&gt;&gt;</a>&nbsp;&nbsp;&nbsp;main
</UL>

<P><STRONG><a name="[fb]"></a>init_pwr_and_clk_ble_part_end_ROM</STRONG> (Thumb, 0 bytes, Stack size 0 bytes, da14535_symbols.txt(ABSOLUTE))
<BR><BR>[Called By]<UL><LI><a href="#[1e]">&gt;&gt;</a>&nbsp;&nbsp;&nbsp;main
</UL>

<P><STRONG><a name="[fe]"></a>calc_rcx_freq_ROM</STRONG> (Thumb, 0 bytes, Stack size 0 bytes, da14535_symbols.txt(ABSOLUTE))
<BR><BR>[Called By]<UL><LI><a href="#[1e]">&gt;&gt;</a>&nbsp;&nbsp;&nbsp;main
</UL>

<P><STRONG><a name="[f2]"></a>set_xtal32m_trim_value_ROM</STRONG> (Thumb, 0 bytes, Stack size 0 bytes, da14535_symbols.txt(ABSOLUTE))
<BR><BR>[Called By]<UL><LI><a href="#[1e]">&gt;&gt;</a>&nbsp;&nbsp;&nbsp;main
</UL>

<P><STRONG><a name="[cf]"></a>csprng_seed</STRONG> (Thumb, 0 bytes, Stack size 0 bytes, da14535_symbols.txt(ABSOLUTE))
<BR><BR>[Called By]<UL><LI><a href="#[9f]">&gt;&gt;</a>&nbsp;&nbsp;&nbsp;dia_srand_func
<LI><a href="#[1e]">&gt;&gt;</a>&nbsp;&nbsp;&nbsp;main
</UL>

<P><STRONG><a name="[ce]"></a>csprng_get_next_uint32</STRONG> (Thumb, 0 bytes, Stack size 0 bytes, da14535_symbols.txt(ABSOLUTE))
<BR><BR>[Called By]<UL><LI><a href="#[9e]">&gt;&gt;</a>&nbsp;&nbsp;&nbsp;dia_rand_func
</UL>

<P><STRONG><a name="[f1]"></a>otp_cs_store_ROM</STRONG> (Thumb, 0 bytes, Stack size 0 bytes, da14535_symbols.txt(ABSOLUTE))
<BR><BR>[Called By]<UL><LI><a href="#[1e]">&gt;&gt;</a>&nbsp;&nbsp;&nbsp;main
</UL>

<P><STRONG><a name="[105]"></a>otp_cs_load_pd_rad_ROM</STRONG> (Thumb, 0 bytes, Stack size 0 bytes, da14535_symbols.txt(ABSOLUTE))
<BR><BR>[Called By]<UL><LI><a href="#[104]">&gt;&gt;</a>&nbsp;&nbsp;&nbsp;otp_cs_load_pd_rad
</UL>

<P><STRONG><a name="[103]"></a>otp_cs_load_pd_adpll_ROM</STRONG> (Thumb, 0 bytes, Stack size 0 bytes, da14535_symbols.txt(ABSOLUTE))
<BR><BR>[Called By]<UL><LI><a href="#[102]">&gt;&gt;</a>&nbsp;&nbsp;&nbsp;otp_cs_load_pd_adpll
</UL>

<P><STRONG><a name="[ec]"></a>arch_asm_delay_us</STRONG> (Thumb, 0 bytes, Stack size 0 bytes, da14535_symbols.txt(ABSOLUTE))
<BR><BR>[Called By]<UL><LI><a href="#[1e]">&gt;&gt;</a>&nbsp;&nbsp;&nbsp;main
</UL>

<P><STRONG><a name="[b7]"></a>syscntl_use_highest_amba_clocks</STRONG> (Thumb, 0 bytes, Stack size 0 bytes, da14535_symbols.txt(ABSOLUTE))
<BR><BR>[Called By]<UL><LI><a href="#[6]">&gt;&gt;</a>&nbsp;&nbsp;&nbsp;BLE_WAKEUP_LP_Handler
<LI><a href="#[16]">&gt;&gt;</a>&nbsp;&nbsp;&nbsp;WKUP_QUADEC_Handler
</UL>

<P><STRONG><a name="[bb]"></a>syscntl_dcdc_set_level</STRONG> (Thumb, 0 bytes, Stack size 0 bytes, da14535_symbols.txt(ABSOLUTE))
<BR><BR>[Called By]<UL><LI><a href="#[21]">&gt;&gt;</a>&nbsp;&nbsp;&nbsp;NMI_HandlerC
<LI><a href="#[22]">&gt;&gt;</a>&nbsp;&nbsp;&nbsp;HardFault_HandlerC
</UL>

<P><STRONG><a name="[f6]"></a>syscntl_dcdc_turn_on_in_boost_ROM</STRONG> (Thumb, 0 bytes, Stack size 0 bytes, da14535_symbols.txt(ABSOLUTE))
<BR><BR>[Called By]<UL><LI><a href="#[1e]">&gt;&gt;</a>&nbsp;&nbsp;&nbsp;main
</UL>

<P><STRONG><a name="[29]"></a>GPIO_ConfigurePin_ROM</STRONG> (Thumb, 0 bytes, Stack size 0 bytes, da14535_symbols.txt(ABSOLUTE), UNUSED)
<BR>[Address Reference Count : 1]<UL><LI> lto-llvm-34d790.o(.text.main)
</UL>
<P><STRONG><a name="[ba]"></a>GPIO_ResetIRQ</STRONG> (Thumb, 0 bytes, Stack size 0 bytes, da14535_symbols.txt(ABSOLUTE))
<BR><BR>[Called By]<UL><LI><a href="#[b9]">&gt;&gt;</a>&nbsp;&nbsp;&nbsp;GPIOn_Handler
</UL>

<P><STRONG><a name="[fc]"></a>trng_acquire</STRONG> (Thumb, 0 bytes, Stack size 0 bytes, da14535_symbols.txt(ABSOLUTE))
<BR><BR>[Called By]<UL><LI><a href="#[1e]">&gt;&gt;</a>&nbsp;&nbsp;&nbsp;main
</UL>

<P><STRONG><a name="[f7]"></a>uart_enable</STRONG> (Thumb, 0 bytes, Stack size 0 bytes, da14535_symbols.txt(ABSOLUTE))
<BR><BR>[Called By]<UL><LI><a href="#[1e]">&gt;&gt;</a>&nbsp;&nbsp;&nbsp;main
</UL>

<P><STRONG><a name="[10f]"></a>uart_write_buffer</STRONG> (Thumb, 0 bytes, Stack size 0 bytes, da14535_symbols.txt(ABSOLUTE))
<BR><BR>[Called By]<UL><LI><a href="#[2a]">&gt;&gt;</a>&nbsp;&nbsp;&nbsp;uart_tx
</UL>

<P><STRONG><a name="[f8]"></a>i2c_init</STRONG> (Thumb, 0 bytes, Stack size 0 bytes, da14535_symbols.txt(ABSOLUTE))
<BR><BR>[Called By]<UL><LI><a href="#[1e]">&gt;&gt;</a>&nbsp;&nbsp;&nbsp;main
</UL>

<P><STRONG><a name="[100]"></a>i2c_master_transmit_buffer_sync</STRONG> (Thumb, 0 bytes, Stack size 0 bytes, da14535_symbols.txt(ABSOLUTE))
<BR><BR>[Called By]<UL><LI><a href="#[1e]">&gt;&gt;</a>&nbsp;&nbsp;&nbsp;main
</UL>

<P><STRONG><a name="[101]"></a>i2c_master_receive_buffer_sync</STRONG> (Thumb, 0 bytes, Stack size 0 bytes, da14535_symbols.txt(ABSOLUTE))
<BR><BR>[Called By]<UL><LI><a href="#[1e]">&gt;&gt;</a>&nbsp;&nbsp;&nbsp;main
</UL>

<P><STRONG><a name="[ee]"></a>hw_otpc_enter_mode</STRONG> (Thumb, 0 bytes, Stack size 0 bytes, da14535_symbols.txt(ABSOLUTE))
<BR><BR>[Called By]<UL><LI><a href="#[1e]">&gt;&gt;</a>&nbsp;&nbsp;&nbsp;main
</UL>

<P><STRONG><a name="[ed]"></a>hw_otpc_init_ROM</STRONG> (Thumb, 0 bytes, Stack size 0 bytes, da14535_symbols.txt(ABSOLUTE))
<BR><BR>[Called By]<UL><LI><a href="#[1e]">&gt;&gt;</a>&nbsp;&nbsp;&nbsp;main
</UL>

<P><STRONG><a name="[f3]"></a>hw_otpc_disable_ROM</STRONG> (Thumb, 0 bytes, Stack size 0 bytes, da14535_symbols.txt(ABSOLUTE))
<BR><BR>[Called By]<UL><LI><a href="#[1e]">&gt;&gt;</a>&nbsp;&nbsp;&nbsp;main
</UL>

<P><STRONG><a name="[b6]"></a>BLE_WAKEUP_LP_Handler_ROM</STRONG> (Thumb, 0 bytes, Stack size 0 bytes, da14535_symbols.txt(ABSOLUTE))
<BR><BR>[Called By]<UL><LI><a href="#[6]">&gt;&gt;</a>&nbsp;&nbsp;&nbsp;BLE_WAKEUP_LP_Handler
</UL>

<P><STRONG><a name="[10d]"></a>rwble_isr_ROM</STRONG> (Thumb, 0 bytes, Stack size 0 bytes, da14535_symbols.txt(ABSOLUTE))
<BR><BR>[Called By]<UL><LI><a href="#[7]">&gt;&gt;</a>&nbsp;&nbsp;&nbsp;rwble_isr
</UL>

<P><STRONG><a name="[10a]"></a>rf_calibration</STRONG> (Thumb, 0 bytes, Stack size 0 bytes, da14535_symbols.txt(ABSOLUTE))
<BR><BR>[Called By]<UL><LI><a href="#[58]">&gt;&gt;</a>&nbsp;&nbsp;&nbsp;rf_init_func
</UL>

<P><STRONG><a name="[106]"></a>rf_adplldig_activate</STRONG> (Thumb, 0 bytes, Stack size 0 bytes, da14535_symbols.txt(ABSOLUTE))
<BR><BR>[Called By]<UL><LI><a href="#[59]">&gt;&gt;</a>&nbsp;&nbsp;&nbsp;rf_reinit_func
<LI><a href="#[58]">&gt;&gt;</a>&nbsp;&nbsp;&nbsp;rf_init_func
</UL>

<P><STRONG><a name="[de]"></a>rf_adplldig_deactivate</STRONG> (Thumb, 0 bytes, Stack size 0 bytes, da14535_symbols.txt(ABSOLUTE))
<BR><BR>[Called By]<UL><LI><a href="#[59]">&gt;&gt;</a>&nbsp;&nbsp;&nbsp;rf_reinit_func
<LI><a href="#[58]">&gt;&gt;</a>&nbsp;&nbsp;&nbsp;rf_init_func
<LI><a href="#[41]">&gt;&gt;</a>&nbsp;&nbsp;&nbsp;dlg_event_isr
</UL>

<P><STRONG><a name="[2e]"></a>rf_sleep</STRONG> (Thumb, 0 bytes, Stack size 0 bytes, da14535_symbols.txt(ABSOLUTE), UNUSED)
<BR>[Address Reference Count : 1]<UL><LI> lto-llvm-34d790.o(.text.rf_init_func)
</UL>
<P><STRONG><a name="[108]"></a>update_radiopwrupdn_pref_setting</STRONG> (Thumb, 0 bytes, Stack size 0 bytes, da14535_symbols.txt(ABSOLUTE))
<BR><BR>[Called By]<UL><LI><a href="#[59]">&gt;&gt;</a>&nbsp;&nbsp;&nbsp;rf_reinit_func
<LI><a href="#[58]">&gt;&gt;</a>&nbsp;&nbsp;&nbsp;rf_init_func
</UL>

<P><STRONG><a name="[109]"></a>rf_regs</STRONG> (Thumb, 0 bytes, Stack size 0 bytes, da14535_symbols.txt(ABSOLUTE))
<BR><BR>[Called By]<UL><LI><a href="#[59]">&gt;&gt;</a>&nbsp;&nbsp;&nbsp;rf_reinit_func
<LI><a href="#[58]">&gt;&gt;</a>&nbsp;&nbsp;&nbsp;rf_init_func
</UL>

<P><STRONG><a name="[10c]"></a>ble_update_arp_adpll_div_val_ROM</STRONG> (Thumb, 0 bytes, Stack size 0 bytes, da14535_symbols.txt(ABSOLUTE))
<BR><BR>[Called By]<UL><LI><a href="#[59]">&gt;&gt;</a>&nbsp;&nbsp;&nbsp;rf_reinit_func
</UL>

<P><STRONG><a name="[10b]"></a>ble_update_arp_ROM</STRONG> (Thumb, 0 bytes, Stack size 0 bytes, da14535_symbols.txt(ABSOLUTE))
<BR><BR>[Called By]<UL><LI><a href="#[58]">&gt;&gt;</a>&nbsp;&nbsp;&nbsp;rf_init_func
</UL>

<P><STRONG><a name="[82]"></a>prf_init_func</STRONG> (Thumb, 0 bytes, Stack size 0 bytes, da14535_symbols.txt(ABSOLUTE), UNUSED)
<BR>[Address Reference Count : 1]<UL><LI> lto-llvm-34d790.o(.rodata.rom_func_addr_table_var)
</UL>
<P><STRONG><a name="[83]"></a>prf_add_profile_func</STRONG> (Thumb, 0 bytes, Stack size 0 bytes, da14535_symbols.txt(ABSOLUTE), UNUSED)
<BR>[Address Reference Count : 1]<UL><LI> lto-llvm-34d790.o(.rodata.rom_func_addr_table_var)
</UL>
<P><STRONG><a name="[84]"></a>prf_create_func</STRONG> (Thumb, 0 bytes, Stack size 0 bytes, da14535_symbols.txt(ABSOLUTE), UNUSED)
<BR>[Address Reference Count : 1]<UL><LI> lto-llvm-34d790.o(.rodata.rom_func_addr_table_var)
</UL>
<P><STRONG><a name="[85]"></a>prf_cleanup_func</STRONG> (Thumb, 0 bytes, Stack size 0 bytes, da14535_symbols.txt(ABSOLUTE), UNUSED)
<BR>[Address Reference Count : 1]<UL><LI> lto-llvm-34d790.o(.rodata.rom_func_addr_table_var)
</UL>
<P><STRONG><a name="[d6]"></a>prf_env_get</STRONG> (Thumb, 0 bytes, Stack size 0 bytes, da14535_symbols.txt(ABSOLUTE))
<BR><BR>[Called By]<UL><LI><a href="#[4c]">&gt;&gt;</a>&nbsp;&nbsp;&nbsp;diss_value_cfm_handler
<LI><a href="#[4b]">&gt;&gt;</a>&nbsp;&nbsp;&nbsp;gattc_read_req_ind_handler
<LI><a href="#[4a]">&gt;&gt;</a>&nbsp;&nbsp;&nbsp;diss_set_value_req_handler
</UL>

<P><STRONG><a name="[e5]"></a>prf_dst_task_get</STRONG> (Thumb, 0 bytes, Stack size 0 bytes, da14535_symbols.txt(ABSOLUTE))
<BR><BR>[Called By]<UL><LI><a href="#[4b]">&gt;&gt;</a>&nbsp;&nbsp;&nbsp;gattc_read_req_ind_handler
</UL>

<P><STRONG><a name="[86]"></a>prf_get_id_from_task_func</STRONG> (Thumb, 0 bytes, Stack size 0 bytes, da14535_symbols.txt(ABSOLUTE), UNUSED)
<BR>[Address Reference Count : 1]<UL><LI> lto-llvm-34d790.o(.rodata.rom_func_addr_table_var)
</UL>
<P><STRONG><a name="[87]"></a>prf_get_task_from_id_func</STRONG> (Thumb, 0 bytes, Stack size 0 bytes, da14535_symbols.txt(ABSOLUTE), UNUSED)
<BR>[Address Reference Count : 1]<UL><LI> lto-llvm-34d790.o(.rodata.rom_func_addr_table_var)
</UL>
<P><STRONG><a name="[53]"></a>custs1_prf_itf_get</STRONG> (Thumb, 0 bytes, Stack size 0 bytes, da14535_symbols.txt(ABSOLUTE), UNUSED)
<BR>[Address Reference Count : 1]<UL><LI> lto-llvm-34d790.o(.rodata.prf_if)
</UL>
<P><STRONG><a name="[cd]"></a>app_db_init_start</STRONG> (Thumb, 0 bytes, Stack size 0 bytes, da14535_symbols.txt(ABSOLUTE))
<BR><BR>[Called By]<UL><LI><a href="#[a8]">&gt;&gt;</a>&nbsp;&nbsp;&nbsp;default_app_on_set_dev_config_complete
</UL>

<P><STRONG><a name="[c3]"></a>append_device_name</STRONG> (Thumb, 0 bytes, Stack size 0 bytes, da14535_symbols.txt(ABSOLUTE))
<BR><BR>[Called By]<UL><LI><a href="#[c2]">&gt;&gt;</a>&nbsp;&nbsp;&nbsp;app_easy_gap_undirected_advertise_start
</UL>

<P><STRONG><a name="[e3]"></a>app_easy_gap_disconnect</STRONG> (Thumb, 0 bytes, Stack size 0 bytes, da14535_symbols.txt(ABSOLUTE))
<BR><BR>[Called By]<UL><LI><a href="#[3b]">&gt;&gt;</a>&nbsp;&nbsp;&nbsp;gapc_bond_ind_handler
</UL>

<P><STRONG><a name="[be]"></a>get_user_prf_srv_perm</STRONG> (Thumb, 0 bytes, Stack size 0 bytes, da14535_symbols.txt(ABSOLUTE))
<BR><BR>[Called By]<UL><LI><a href="#[49]">&gt;&gt;</a>&nbsp;&nbsp;&nbsp;app_custs1_create_db
<LI><a href="#[51]">&gt;&gt;</a>&nbsp;&nbsp;&nbsp;app_diss_create_db
</UL>

<P><STRONG><a name="[ca]"></a>prf_init_srv_perm</STRONG> (Thumb, 0 bytes, Stack size 0 bytes, da14535_symbols.txt(ABSOLUTE))
<BR><BR>[Called By]<UL><LI><a href="#[c9]">&gt;&gt;</a>&nbsp;&nbsp;&nbsp;default_app_on_init
</UL>

<P><STRONG><a name="[34]"></a>app_gap_process_handler</STRONG> (Thumb, 0 bytes, Stack size 0 bytes, da14535_symbols.txt(ABSOLUTE), UNUSED)
<BR>[Address Reference Count : 1]<UL><LI> lto-llvm-34d790.o(.rodata.app_process_handlers)
</UL>
<P><STRONG><a name="[c0]"></a>app_std_process_event</STRONG> (Thumb, 0 bytes, Stack size 0 bytes, da14535_symbols.txt(ABSOLUTE))
<BR><BR>[Called By]<UL><LI><a href="#[39]">&gt;&gt;</a>&nbsp;&nbsp;&nbsp;app_custs1_process_handler
<LI><a href="#[38]">&gt;&gt;</a>&nbsp;&nbsp;&nbsp;app_diss_process_handler
<LI><a href="#[37]">&gt;&gt;</a>&nbsp;&nbsp;&nbsp;app_sec_process_handler
</UL>

<P><STRONG><a name="[cb]"></a>app_fill_random_byte_array</STRONG> (Thumb, 0 bytes, Stack size 0 bytes, da14535_symbols.txt(ABSOLUTE))
<BR><BR>[Called By]<UL><LI><a href="#[b2]">&gt;&gt;</a>&nbsp;&nbsp;&nbsp;default_app_on_ltk_exch
</UL>

<P><STRONG><a name="[20]"></a>__main</STRONG> (Thumb, 0 bytes, Stack size unknown bytes, entry.o(.ARM.Collect$$$$00000000))
<BR>[Address Reference Count : 1]<UL><LI> startup_da14535.o(.text)
</UL>
<P><STRONG><a name="[111]"></a>_main_stk</STRONG> (Thumb, 0 bytes, Stack size unknown bytes, entry2.o(.ARM.Collect$$$$00000001))

<P><STRONG><a name="[b3]"></a>_main_scatterload</STRONG> (Thumb, 0 bytes, Stack size unknown bytes, entry5.o(.ARM.Collect$$$$00000004))
<BR><BR>[Calls]<UL><LI><a href="#[b4]">&gt;&gt;</a>&nbsp;&nbsp;&nbsp;__scatterload
</UL>

<P><STRONG><a name="[b5]"></a>__main_after_scatterload</STRONG> (Thumb, 0 bytes, Stack size unknown bytes, entry5.o(.ARM.Collect$$$$00000004))
<BR><BR>[Called By]<UL><LI><a href="#[b4]">&gt;&gt;</a>&nbsp;&nbsp;&nbsp;__scatterload
</UL>

<P><STRONG><a name="[112]"></a>_main_clock</STRONG> (Thumb, 0 bytes, Stack size unknown bytes, entry7b.o(.ARM.Collect$$$$00000008))

<P><STRONG><a name="[113]"></a>_main_cpp_init</STRONG> (Thumb, 0 bytes, Stack size unknown bytes, entry8b.o(.ARM.Collect$$$$0000000A))

<P><STRONG><a name="[114]"></a>_main_init</STRONG> (Thumb, 0 bytes, Stack size unknown bytes, entry9a.o(.ARM.Collect$$$$0000000B))

<P><STRONG><a name="[115]"></a>__rt_final_cpp</STRONG> (Thumb, 0 bytes, Stack size unknown bytes, entry10a.o(.ARM.Collect$$$$0000000D))

<P><STRONG><a name="[116]"></a>__rt_final_exit</STRONG> (Thumb, 0 bytes, Stack size unknown bytes, entry11a.o(.ARM.Collect$$$$0000000F))

<P><STRONG><a name="[0]"></a>Reset_Handler</STRONG> (Thumb, 8 bytes, Stack size 0 bytes, startup_da14535.o(.text))
<BR>[Address Reference Count : 1]<UL><LI> startup_da14535.o(RESET)
</UL>
<P><STRONG><a name="[3]"></a>SVC_Handler</STRONG> (Thumb, 2 bytes, Stack size 0 bytes, startup_da14535.o(.text))
<BR><BR>[Calls]<UL><LI><a href="#[3]">&gt;&gt;</a>&nbsp;&nbsp;&nbsp;SVC_Handler
</UL>
<BR>[Called By]<UL><LI><a href="#[3]">&gt;&gt;</a>&nbsp;&nbsp;&nbsp;SVC_Handler
</UL>
<BR>[Address Reference Count : 1]<UL><LI> startup_da14535.o(RESET)
</UL>
<P><STRONG><a name="[4]"></a>PendSV_Handler</STRONG> (Thumb, 2 bytes, Stack size 0 bytes, startup_da14535.o(.text))
<BR><BR>[Calls]<UL><LI><a href="#[4]">&gt;&gt;</a>&nbsp;&nbsp;&nbsp;PendSV_Handler
</UL>
<BR>[Called By]<UL><LI><a href="#[4]">&gt;&gt;</a>&nbsp;&nbsp;&nbsp;PendSV_Handler
</UL>
<BR>[Address Reference Count : 1]<UL><LI> startup_da14535.o(RESET)
</UL>
<P><STRONG><a name="[e]"></a>BLE_RF_DIAG_Handler</STRONG> (Thumb, 0 bytes, Stack size 0 bytes, startup_da14535.o(.text))
<BR><BR>[Calls]<UL><LI><a href="#[e]">&gt;&gt;</a>&nbsp;&nbsp;&nbsp;BLE_RF_DIAG_Handler
</UL>
<BR>[Called By]<UL><LI><a href="#[e]">&gt;&gt;</a>&nbsp;&nbsp;&nbsp;BLE_RF_DIAG_Handler
</UL>
<BR>[Address Reference Count : 1]<UL><LI> startup_da14535.o(RESET)
</UL>
<P><STRONG><a name="[19]"></a>DMA_Handler</STRONG> (Thumb, 0 bytes, Stack size 0 bytes, startup_da14535.o(.text))
<BR>[Address Reference Count : 1]<UL><LI> startup_da14535.o(RESET)
</UL>
<P><STRONG><a name="[d]"></a>KEYBRD_Handler</STRONG> (Thumb, 0 bytes, Stack size 0 bytes, startup_da14535.o(.text))
<BR>[Address Reference Count : 1]<UL><LI> startup_da14535.o(RESET)
</UL>
<P><STRONG><a name="[1b]"></a>RESERVED21_Handler</STRONG> (Thumb, 0 bytes, Stack size 0 bytes, startup_da14535.o(.text))
<BR>[Address Reference Count : 1]<UL><LI> startup_da14535.o(RESET)
</UL>
<P><STRONG><a name="[1c]"></a>RESERVED22_Handler</STRONG> (Thumb, 0 bytes, Stack size 0 bytes, startup_da14535.o(.text))
<BR>[Address Reference Count : 1]<UL><LI> startup_da14535.o(RESET)
</UL>
<P><STRONG><a name="[1d]"></a>RESERVED23_Handler</STRONG> (Thumb, 0 bytes, Stack size 0 bytes, startup_da14535.o(.text))
<BR>[Address Reference Count : 1]<UL><LI> startup_da14535.o(RESET)
</UL>
<P><STRONG><a name="[f]"></a>RFCAL_Handler</STRONG> (Thumb, 0 bytes, Stack size 0 bytes, startup_da14535.o(.text))
<BR>[Address Reference Count : 1]<UL><LI> startup_da14535.o(RESET)
</UL>
<P><STRONG><a name="[18]"></a>RTC_Handler</STRONG> (Thumb, 0 bytes, Stack size 0 bytes, startup_da14535.o(.text))
<BR>[Address Reference Count : 1]<UL><LI> startup_da14535.o(RESET)
</UL>
<P><STRONG><a name="[b]"></a>SPI_Handler</STRONG> (Thumb, 0 bytes, Stack size 0 bytes, startup_da14535.o(.text))
<BR>[Address Reference Count : 1]<UL><LI> startup_da14535.o(RESET)
</UL>
<P><STRONG><a name="[17]"></a>SWTIM1_Handler</STRONG> (Thumb, 0 bytes, Stack size 0 bytes, startup_da14535.o(.text))
<BR>[Address Reference Count : 1]<UL><LI> startup_da14535.o(RESET)
</UL>
<P><STRONG><a name="[15]"></a>SWTIM_Handler</STRONG> (Thumb, 0 bytes, Stack size 0 bytes, startup_da14535.o(.text))
<BR>[Address Reference Count : 1]<UL><LI> startup_da14535.o(RESET)
</UL>
<P><STRONG><a name="[1a]"></a>XTAL32M_RDY_Handler</STRONG> (Thumb, 0 bytes, Stack size 0 bytes, startup_da14535.o(.text))
<BR>[Address Reference Count : 1]<UL><LI> startup_da14535.o(RESET)
</UL>
<P><STRONG><a name="[117]"></a>patch_data1</STRONG> (Thumb, 2 bytes, Stack size 0 bytes, patch_3.o(.text), UNUSED)

<P><STRONG><a name="[118]"></a>patch_data2</STRONG> (Thumb, 2 bytes, Stack size 0 bytes, patch_3.o(.text), UNUSED)

<P><STRONG><a name="[f5]"></a>patch_global_vars_init</STRONG> (Thumb, 2 bytes, Stack size 0 bytes, patch_3.o(.text))
<BR><BR>[Called By]<UL><LI><a href="#[1e]">&gt;&gt;</a>&nbsp;&nbsp;&nbsp;main
</UL>

<P><STRONG><a name="[10e]"></a>strlen</STRONG> (Thumb, 14 bytes, Stack size 0 bytes, strlen.o(.text))
<BR><BR>[Called By]<UL><LI><a href="#[2a]">&gt;&gt;</a>&nbsp;&nbsp;&nbsp;uart_tx
</UL>

<P><STRONG><a name="[b4]"></a>__scatterload</STRONG> (Thumb, 28 bytes, Stack size 0 bytes, init.o(.text))
<BR><BR>[Calls]<UL><LI><a href="#[b5]">&gt;&gt;</a>&nbsp;&nbsp;&nbsp;__main_after_scatterload
</UL>
<BR>[Called By]<UL><LI><a href="#[b3]">&gt;&gt;</a>&nbsp;&nbsp;&nbsp;_main_scatterload
</UL>

<P><STRONG><a name="[119]"></a>__scatterload_rt2</STRONG> (Thumb, 0 bytes, Stack size 0 bytes, init.o(.text), UNUSED)

<P><STRONG><a name="[c]"></a>ADC_Handler</STRONG> (Thumb, 8 bytes, Stack size 0 bytes, lto-llvm-34d790.o(.text.ADC_Handler))
<BR>[Address Reference Count : 1]<UL><LI> startup_da14535.o(RESET)
</UL>
<P><STRONG><a name="[6]"></a>BLE_WAKEUP_LP_Handler</STRONG> (Thumb, 84 bytes, Stack size 8 bytes, lto-llvm-34d790.o(.text.BLE_WAKEUP_LP_Handler))
<BR><BR>[Stack]<UL><LI>Max Depth = 8<LI>Call Chain = BLE_WAKEUP_LP_Handler
</UL>
<BR>[Calls]<UL><LI><a href="#[b8]">&gt;&gt;</a>&nbsp;&nbsp;&nbsp;ble_regs_pop
<LI><a href="#[b6]">&gt;&gt;</a>&nbsp;&nbsp;&nbsp;BLE_WAKEUP_LP_Handler_ROM
<LI><a href="#[b7]">&gt;&gt;</a>&nbsp;&nbsp;&nbsp;syscntl_use_highest_amba_clocks
</UL>
<BR>[Address Reference Count : 1]<UL><LI> startup_da14535.o(RESET)
</UL>
<P><STRONG><a name="[10]"></a>GPIO0_Handler</STRONG> (Thumb, 10 bytes, Stack size 8 bytes, lto-llvm-34d790.o(.text.GPIO0_Handler))
<BR><BR>[Stack]<UL><LI>Max Depth = 16<LI>Call Chain = GPIO0_Handler &rArr; GPIOn_Handler
</UL>
<BR>[Calls]<UL><LI><a href="#[b9]">&gt;&gt;</a>&nbsp;&nbsp;&nbsp;GPIOn_Handler
</UL>
<BR>[Address Reference Count : 1]<UL><LI> startup_da14535.o(RESET)
</UL>
<P><STRONG><a name="[11]"></a>GPIO1_Handler</STRONG> (Thumb, 10 bytes, Stack size 8 bytes, lto-llvm-34d790.o(.text.GPIO1_Handler))
<BR><BR>[Stack]<UL><LI>Max Depth = 16<LI>Call Chain = GPIO1_Handler &rArr; GPIOn_Handler
</UL>
<BR>[Calls]<UL><LI><a href="#[b9]">&gt;&gt;</a>&nbsp;&nbsp;&nbsp;GPIOn_Handler
</UL>
<BR>[Address Reference Count : 1]<UL><LI> startup_da14535.o(RESET)
</UL>
<P><STRONG><a name="[12]"></a>GPIO2_Handler</STRONG> (Thumb, 10 bytes, Stack size 8 bytes, lto-llvm-34d790.o(.text.GPIO2_Handler))
<BR><BR>[Stack]<UL><LI>Max Depth = 16<LI>Call Chain = GPIO2_Handler &rArr; GPIOn_Handler
</UL>
<BR>[Calls]<UL><LI><a href="#[b9]">&gt;&gt;</a>&nbsp;&nbsp;&nbsp;GPIOn_Handler
</UL>
<BR>[Address Reference Count : 1]<UL><LI> startup_da14535.o(RESET)
</UL>
<P><STRONG><a name="[13]"></a>GPIO3_Handler</STRONG> (Thumb, 10 bytes, Stack size 8 bytes, lto-llvm-34d790.o(.text.GPIO3_Handler))
<BR><BR>[Stack]<UL><LI>Max Depth = 16<LI>Call Chain = GPIO3_Handler &rArr; GPIOn_Handler
</UL>
<BR>[Calls]<UL><LI><a href="#[b9]">&gt;&gt;</a>&nbsp;&nbsp;&nbsp;GPIOn_Handler
</UL>
<BR>[Address Reference Count : 1]<UL><LI> startup_da14535.o(RESET)
</UL>
<P><STRONG><a name="[14]"></a>GPIO4_Handler</STRONG> (Thumb, 10 bytes, Stack size 8 bytes, lto-llvm-34d790.o(.text.GPIO4_Handler))
<BR><BR>[Stack]<UL><LI>Max Depth = 16<LI>Call Chain = GPIO4_Handler &rArr; GPIOn_Handler
</UL>
<BR>[Calls]<UL><LI><a href="#[b9]">&gt;&gt;</a>&nbsp;&nbsp;&nbsp;GPIOn_Handler
</UL>
<BR>[Address Reference Count : 1]<UL><LI> startup_da14535.o(RESET)
</UL>
<P><STRONG><a name="[22]"></a>HardFault_HandlerC</STRONG> (Thumb, 132 bytes, Stack size 24 bytes, lto-llvm-34d790.o(.text.HardFault_HandlerC))
<BR><BR>[Stack]<UL><LI>Max Depth = 24<LI>Call Chain = HardFault_HandlerC
</UL>
<BR>[Calls]<UL><LI><a href="#[bb]">&gt;&gt;</a>&nbsp;&nbsp;&nbsp;syscntl_dcdc_set_level
</UL>
<BR>[Address Reference Count : 1]<UL><LI> startup_da14535.o(.text)
</UL>
<P><STRONG><a name="[a]"></a>I2C_Handler</STRONG> (Thumb, 12 bytes, Stack size 0 bytes, lto-llvm-34d790.o(.text.I2C_Handler))
<BR>[Address Reference Count : 1]<UL><LI> startup_da14535.o(RESET)
</UL>
<P><STRONG><a name="[21]"></a>NMI_HandlerC</STRONG> (Thumb, 164 bytes, Stack size 24 bytes, lto-llvm-34d790.o(.text.NMI_HandlerC))
<BR><BR>[Stack]<UL><LI>Max Depth = 24<LI>Call Chain = NMI_HandlerC
</UL>
<BR>[Calls]<UL><LI><a href="#[bb]">&gt;&gt;</a>&nbsp;&nbsp;&nbsp;syscntl_dcdc_set_level
</UL>
<BR>[Address Reference Count : 1]<UL><LI> startup_da14535.o(.text)
</UL>
<P><STRONG><a name="[5]"></a>SysTick_Handler</STRONG> (Thumb, 2 bytes, Stack size 0 bytes, lto-llvm-34d790.o(.text.SysTick_Handler))
<BR>[Address Reference Count : 1]<UL><LI> startup_da14535.o(RESET)
</UL>
<P><STRONG><a name="[9]"></a>UART2_Handler</STRONG> (Thumb, 96 bytes, Stack size 16 bytes, lto-llvm-34d790.o(.text.UART2_Handler))
<BR><BR>[Stack]<UL><LI>Max Depth = 16<LI>Call Chain = UART2_Handler
</UL>
<BR>[Calls]<UL><LI><a href="#[bc]">&gt;&gt;</a>&nbsp;&nbsp;&nbsp;uart_rx_isr
</UL>
<BR>[Address Reference Count : 1]<UL><LI> startup_da14535.o(RESET)
</UL>
<P><STRONG><a name="[16]"></a>WKUP_QUADEC_Handler</STRONG> (Thumb, 108 bytes, Stack size 8 bytes, lto-llvm-34d790.o(.text.WKUP_QUADEC_Handler))
<BR><BR>[Stack]<UL><LI>Max Depth = 8<LI>Call Chain = WKUP_QUADEC_Handler
</UL>
<BR>[Calls]<UL><LI><a href="#[b7]">&gt;&gt;</a>&nbsp;&nbsp;&nbsp;syscntl_use_highest_amba_clocks
</UL>
<BR>[Address Reference Count : 1]<UL><LI> startup_da14535.o(RESET)
</UL>
<P><STRONG><a name="[1e]"></a>main</STRONG> (Thumb, 1592 bytes, Stack size 104 bytes, lto-llvm-34d790.o(.text.main))
<BR><BR>[Stack]<UL><LI>Max Depth = 136<LI>Call Chain = main &rArr; lld_sleep_init_func &rArr; lld_sleep_lpcycles_2_us_rcx_func
</UL>
<BR>[Calls]<UL><LI><a href="#[100]">&gt;&gt;</a>&nbsp;&nbsp;&nbsp;i2c_master_transmit_buffer_sync
<LI><a href="#[101]">&gt;&gt;</a>&nbsp;&nbsp;&nbsp;i2c_master_receive_buffer_sync
<LI><a href="#[ff]">&gt;&gt;</a>&nbsp;&nbsp;&nbsp;ke_task_create
<LI><a href="#[c4]">&gt;&gt;</a>&nbsp;&nbsp;&nbsp;ke_state_set
<LI><a href="#[f3]">&gt;&gt;</a>&nbsp;&nbsp;&nbsp;hw_otpc_disable_ROM
<LI><a href="#[ed]">&gt;&gt;</a>&nbsp;&nbsp;&nbsp;hw_otpc_init_ROM
<LI><a href="#[f7]">&gt;&gt;</a>&nbsp;&nbsp;&nbsp;uart_enable
<LI><a href="#[f8]">&gt;&gt;</a>&nbsp;&nbsp;&nbsp;i2c_init
<LI><a href="#[fc]">&gt;&gt;</a>&nbsp;&nbsp;&nbsp;trng_acquire
<LI><a href="#[f6]">&gt;&gt;</a>&nbsp;&nbsp;&nbsp;syscntl_dcdc_turn_on_in_boost_ROM
<LI><a href="#[f0]">&gt;&gt;</a>&nbsp;&nbsp;&nbsp;sb_set_debugger_mode (Weak Reference)
<LI><a href="#[f1]">&gt;&gt;</a>&nbsp;&nbsp;&nbsp;otp_cs_store_ROM
<LI><a href="#[f5]">&gt;&gt;</a>&nbsp;&nbsp;&nbsp;patch_global_vars_init
<LI><a href="#[fe]">&gt;&gt;</a>&nbsp;&nbsp;&nbsp;calc_rcx_freq_ROM
<LI><a href="#[f9]">&gt;&gt;</a>&nbsp;&nbsp;&nbsp;init_pwr_and_clk_ble_part_start_ROM
<LI><a href="#[fa]">&gt;&gt;</a>&nbsp;&nbsp;&nbsp;init_pwr_and_clk_ble_part_rcx_ROM
<LI><a href="#[ee]">&gt;&gt;</a>&nbsp;&nbsp;&nbsp;hw_otpc_enter_mode
<LI><a href="#[ec]">&gt;&gt;</a>&nbsp;&nbsp;&nbsp;arch_asm_delay_us
<LI><a href="#[fd]">&gt;&gt;</a>&nbsp;&nbsp;&nbsp;ble_init
<LI><a href="#[eb]">&gt;&gt;</a>&nbsp;&nbsp;&nbsp;reset_indication (Weak Reference)
<LI><a href="#[f2]">&gt;&gt;</a>&nbsp;&nbsp;&nbsp;set_xtal32m_trim_value_ROM
<LI><a href="#[ef]">&gt;&gt;</a>&nbsp;&nbsp;&nbsp;sb_read_otp_header (Weak Reference)
<LI><a href="#[fb]">&gt;&gt;</a>&nbsp;&nbsp;&nbsp;init_pwr_and_clk_ble_part_end_ROM
<LI><a href="#[cf]">&gt;&gt;</a>&nbsp;&nbsp;&nbsp;csprng_seed
<LI><a href="#[c9]">&gt;&gt;</a>&nbsp;&nbsp;&nbsp;default_app_on_init
<LI><a href="#[7a]">&gt;&gt;</a>&nbsp;&nbsp;&nbsp;lld_sleep_init_func
<LI><a href="#[df]">&gt;&gt;</a>&nbsp;&nbsp;&nbsp;calibrate_rcx20
<LI><a href="#[ea]">&gt;&gt;</a>&nbsp;&nbsp;&nbsp;__aeabi_llsl
<LI><a href="#[f4]">&gt;&gt;</a>&nbsp;&nbsp;&nbsp;__aeabi_memclr8
<LI><a href="#[c6]">&gt;&gt;</a>&nbsp;&nbsp;&nbsp;__aeabi_memcpy
</UL>
<BR>[Address Reference Count : 1]<UL><LI> entry9a.o(.ARM.Collect$$$$0000000B)
</UL>
<P><STRONG><a name="[7]"></a>rwble_isr</STRONG> (Thumb, 44 bytes, Stack size 8 bytes, lto-llvm-34d790.o(.text.rwble_isr))
<BR><BR>[Stack]<UL><LI>Max Depth = 8<LI>Call Chain = rwble_isr
</UL>
<BR>[Calls]<UL><LI><a href="#[10d]">&gt;&gt;</a>&nbsp;&nbsp;&nbsp;rwble_isr_ROM
</UL>
<BR>[Address Reference Count : 1]<UL><LI> startup_da14535.o(RESET)
</UL>
<P><STRONG><a name="[11a]"></a>__scatterload_copy</STRONG> (Thumb, 14 bytes, Stack size unknown bytes, handlers.o(i.__scatterload_copy), UNUSED)

<P><STRONG><a name="[11b]"></a>__scatterload_null</STRONG> (Thumb, 2 bytes, Stack size unknown bytes, handlers.o(i.__scatterload_null), UNUSED)

<P><STRONG><a name="[11c]"></a>__scatterload_zeroinit</STRONG> (Thumb, 14 bytes, Stack size unknown bytes, handlers.o(i.__scatterload_zeroinit), UNUSED)

<P><STRONG><a name="[1f]"></a>SystemInit</STRONG> (Thumb, 12 bytes, Stack size 8 bytes, lto-llvm-34d790.o(system_DA14xxx))
<BR><BR>[Stack]<UL><LI>Max Depth = 8<LI>Call Chain = SystemInit
</UL>
<BR>[Calls]<UL><LI><a href="#[110]">&gt;&gt;</a>&nbsp;&nbsp;&nbsp;SystemInit_ROM
</UL>
<BR>[Address Reference Count : 1]<UL><LI> startup_da14535.o(.text)
</UL><P>
<H3>
Local Symbols
</H3>
<P><STRONG><a name="[1]"></a>NMI_Handler</STRONG> (Thumb, 24 bytes, Stack size 0 bytes, startup_da14535.o(.text))
<BR>[Address Reference Count : 1]<UL><LI> startup_da14535.o(RESET)
</UL>
<P><STRONG><a name="[2]"></a>HardFault_Handler</STRONG> (Thumb, 24 bytes, Stack size 0 bytes, startup_da14535.o(.text))
<BR>[Address Reference Count : 1]<UL><LI> startup_da14535.o(RESET)
</UL>
<P><STRONG><a name="[78]"></a>platform_reset_func</STRONG> (Thumb, 24 bytes, Stack size 0 bytes, lto-llvm-34d790.o(.text.platform_reset_func))
<BR>[Address Reference Count : 1]<UL><LI> lto-llvm-34d790.o(.rodata.rom_func_addr_table_var)
</UL>
<P><STRONG><a name="[88]"></a>dbg_init_func_empty</STRONG> (Thumb, 2 bytes, Stack size 0 bytes, lto-llvm-34d790.o(.text.dbg_init_func_empty))
<BR>[Address Reference Count : 1]<UL><LI> lto-llvm-34d790.o(.rodata.rom_func_addr_table_var)
</UL>
[...]
<LI><a href="#[d9]">&gt;&gt;</a>&nbsp;&nbsp;&nbsp;co_list_push_back
<LI><a href="#[bd]">&gt;&gt;</a>&nbsp;&nbsp;&nbsp;ke_msg_alloc
<LI><a href="#[d3]">&gt;&gt;</a>&nbsp;&nbsp;&nbsp;ke_malloc
<LI><a href="#[d1]">&gt;&gt;</a>&nbsp;&nbsp;&nbsp;ke_free
<LI><a href="#[d7]">&gt;&gt;</a>&nbsp;&nbsp;&nbsp;diss_value_to_handle
<LI><a href="#[d4]">&gt;&gt;</a>&nbsp;&nbsp;&nbsp;__aeabi_memclr4
<LI><a href="#[c6]">&gt;&gt;</a>&nbsp;&nbsp;&nbsp;__aeabi_memcpy
</UL>
<BR>[Address Reference Count : 1]<UL><LI> lto-llvm-34d790.o(.rodata.diss_default_state)
</UL>
<P><STRONG><a name="[4b]"></a>gattc_read_req_ind_handler</STRONG> (Thumb, 212 bytes, Stack size 32 bytes, lto-llvm-34d790.o(.text.gattc_read_req_ind_handler))
<BR><BR>[Stack]<UL><LI>Max Depth = 40<LI>Call Chain = gattc_read_req_ind_handler &rArr; diss_handle_to_value
</UL>
<BR>[Calls]<UL><LI><a href="#[bf]">&gt;&gt;</a>&nbsp;&nbsp;&nbsp;ke_msg_send
<LI><a href="#[d6]">&gt;&gt;</a>&nbsp;&nbsp;&nbsp;prf_env_get
<LI><a href="#[da]">&gt;&gt;</a>&nbsp;&nbsp;&nbsp;ke_state_get
<LI><a href="#[e5]">&gt;&gt;</a>&nbsp;&nbsp;&nbsp;prf_dst_task_get
<LI><a href="#[bd]">&gt;&gt;</a>&nbsp;&nbsp;&nbsp;ke_msg_alloc
<LI><a href="#[c4]">&gt;&gt;</a>&nbsp;&nbsp;&nbsp;ke_state_set
<LI><a href="#[e4]">&gt;&gt;</a>&nbsp;&nbsp;&nbsp;diss_handle_to_value
<LI><a href="#[c6]">&gt;&gt;</a>&nbsp;&nbsp;&nbsp;__aeabi_memcpy
</UL>
<BR>[Address Reference Count : 1]<UL><LI> lto-llvm-34d790.o(.rodata.diss_default_state)
</UL>
<P><STRONG><a name="[4c]"></a>diss_value_cfm_handler</STRONG> (Thumb, 152 bytes, Stack size 24 bytes, lto-llvm-34d790.o(.text.diss_value_cfm_handler))
<BR><BR>[Stack]<UL><LI>Max Depth = 40<LI>Call Chain = diss_value_cfm_handler &rArr; diss_value_to_handle
</UL>
<BR>[Calls]<UL><LI><a href="#[bf]">&gt;&gt;</a>&nbsp;&nbsp;&nbsp;ke_msg_send
<LI><a href="#[d6]">&gt;&gt;</a>&nbsp;&nbsp;&nbsp;prf_env_get
<LI><a href="#[da]">&gt;&gt;</a>&nbsp;&nbsp;&nbsp;ke_state_get
<LI><a href="#[bd]">&gt;&gt;</a>&nbsp;&nbsp;&nbsp;ke_msg_alloc
<LI><a href="#[c4]">&gt;&gt;</a>&nbsp;&nbsp;&nbsp;ke_state_set
<LI><a href="#[d7]">&gt;&gt;</a>&nbsp;&nbsp;&nbsp;diss_value_to_handle
<LI><a href="#[c6]">&gt;&gt;</a>&nbsp;&nbsp;&nbsp;__aeabi_memcpy
</UL>
<BR>[Address Reference Count : 1]<UL><LI> lto-llvm-34d790.o(.rodata.diss_default_state)
</UL>
<P><STRONG><a name="[c9]"></a>default_app_on_init</STRONG> (Thumb, 20 bytes, Stack size 8 bytes, lto-llvm-34d790.o(.text.default_app_on_init))
<BR><BR>[Stack]<UL><LI>Max Depth = 8<LI>Call Chain = default_app_on_init
</UL>
<BR>[Calls]<UL><LI><a href="#[ca]">&gt;&gt;</a>&nbsp;&nbsp;&nbsp;prf_init_srv_perm
</UL>
<BR>[Called By]<UL><LI><a href="#[a6]">&gt;&gt;</a>&nbsp;&nbsp;&nbsp;user_on_connection
<LI><a href="#[1e]">&gt;&gt;</a>&nbsp;&nbsp;&nbsp;main
</UL>

<P><STRONG><a name="[a8]"></a>default_app_on_set_dev_config_complete</STRONG> (Thumb, 16 bytes, Stack size 8 bytes, lto-llvm-34d790.o(.text.default_app_on_set_dev_config_complete))
<BR><BR>[Stack]<UL><LI>Max Depth = 16<LI>Call Chain = default_app_on_set_dev_config_complete &rArr; app_easy_gap_undirected_advertise_start
</UL>
<BR>[Calls]<UL><LI><a href="#[cd]">&gt;&gt;</a>&nbsp;&nbsp;&nbsp;app_db_init_start
<LI><a href="#[c2]">&gt;&gt;</a>&nbsp;&nbsp;&nbsp;app_easy_gap_undirected_advertise_start
</UL>
<BR>[Address Reference Count : 1]<UL><LI> lto-llvm-34d790.o(.rodata.user_app_callbacks)
</UL>
<P><STRONG><a name="[c2]"></a>app_easy_gap_undirected_advertise_start</STRONG> (Thumb, 88 bytes, Stack size 8 bytes, lto-llvm-34d790.o(.text.app_easy_gap_undirected_advertise_start))
<BR><BR>[Stack]<UL><LI>Max Depth = 8<LI>Call Chain = app_easy_gap_undirected_advertise_start
</UL>
<BR>[Calls]<UL><LI><a href="#[c3]">&gt;&gt;</a>&nbsp;&nbsp;&nbsp;append_device_name
<LI><a href="#[bf]">&gt;&gt;</a>&nbsp;&nbsp;&nbsp;ke_msg_send
<LI><a href="#[bd]">&gt;&gt;</a>&nbsp;&nbsp;&nbsp;ke_msg_alloc
<LI><a href="#[c4]">&gt;&gt;</a>&nbsp;&nbsp;&nbsp;ke_state_set
</UL>
<BR>[Called By]<UL><LI><a href="#[a7]">&gt;&gt;</a>&nbsp;&nbsp;&nbsp;user_on_disconnect
<LI><a href="#[a6]">&gt;&gt;</a>&nbsp;&nbsp;&nbsp;user_on_connection
<LI><a href="#[a9]">&gt;&gt;</a>&nbsp;&nbsp;&nbsp;default_app_on_db_init_complete
<LI><a href="#[a8]">&gt;&gt;</a>&nbsp;&nbsp;&nbsp;default_app_on_set_dev_config_complete
</UL>

<P><STRONG><a name="[a9]"></a>default_app_on_db_init_complete</STRONG> (Thumb, 8 bytes, Stack size 8 bytes, lto-llvm-34d790.o(.text.default_app_on_db_init_complete))
<BR><BR>[Stack]<UL><LI>Max Depth = 16<LI>Call Chain = default_app_on_db_init_complete &rArr; app_easy_gap_undirected_advertise_start
</UL>
<BR>[Calls]<UL><LI><a href="#[c2]">&gt;&gt;</a>&nbsp;&nbsp;&nbsp;app_easy_gap_undirected_advertise_start
</UL>
<BR>[Address Reference Count : 1]<UL><LI> lto-llvm-34d790.o(.rodata.user_app_callbacks)
</UL>
<P><STRONG><a name="[aa]"></a>default_app_on_get_dev_name</STRONG> (Thumb, 20 bytes, Stack size 8 bytes, lto-llvm-34d790.o(.text.default_app_on_get_dev_name))
<BR><BR>[Stack]<UL><LI>Max Depth = 8<LI>Call Chain = default_app_on_get_dev_name
</UL>
<BR>[Calls]<UL><LI><a href="#[c6]">&gt;&gt;</a>&nbsp;&nbsp;&nbsp;__aeabi_memcpy
</UL>
<BR>[Address Reference Count : 1]<UL><LI> lto-llvm-34d790.o(.rodata.user_app_callbacks)
</UL>
<P><STRONG><a name="[ab]"></a>default_app_on_get_dev_appearance</STRONG> (Thumb, 12 bytes, Stack size 0 bytes, lto-llvm-34d790.o(.text.default_app_on_get_dev_appearance))
<BR>[Address Reference Count : 1]<UL><LI> lto-llvm-34d790.o(.rodata.user_app_callbacks)
</UL>
<P><STRONG><a name="[ac]"></a>default_app_on_get_dev_slv_pref_params</STRONG> (Thumb, 18 bytes, Stack size 0 bytes, lto-llvm-34d790.o(.text.default_app_on_get_dev_slv_pref_params))
<BR>[Address Reference Count : 1]<UL><LI> lto-llvm-34d790.o(.rodata.user_app_callbacks)
</UL>
<P><STRONG><a name="[ad]"></a>default_app_on_set_dev_info</STRONG> (Thumb, 56 bytes, Stack size 8 bytes, lto-llvm-34d790.o(.text.default_app_on_set_dev_info))
<BR><BR>[Stack]<UL><LI>Max Depth = 8<LI>Call Chain = default_app_on_set_dev_info
</UL>
<BR>[Calls]<UL><LI><a href="#[c6]">&gt;&gt;</a>&nbsp;&nbsp;&nbsp;__aeabi_memcpy
</UL>
<BR>[Address Reference Count : 1]<UL><LI> lto-llvm-34d790.o(.rodata.user_app_callbacks)
</UL>
<P><STRONG><a name="[ae]"></a>default_app_update_params_request</STRONG> (Thumb, 12 bytes, Stack size 0 bytes, lto-llvm-34d790.o(.text.default_app_update_params_request))
<BR>[Address Reference Count : 1]<UL><LI> lto-llvm-34d790.o(.rodata.user_app_callbacks)
</UL>
<P><STRONG><a name="[af]"></a>default_app_generate_static_random_addr</STRONG> (Thumb, 44 bytes, Stack size 8 bytes, lto-llvm-34d790.o(.text.default_app_generate_static_random_addr))
<BR><BR>[Stack]<UL><LI>Max Depth = 8<LI>Call Chain = default_app_generate_static_random_addr
</UL>
<BR>[Calls]<UL><LI><a href="#[c8]">&gt;&gt;</a>&nbsp;&nbsp;&nbsp;dia_rand
</UL>
<BR>[Address Reference Count : 1]<UL><LI> lto-llvm-34d790.o(.rodata.user_app_callbacks)
</UL>
<P><STRONG><a name="[b0]"></a>default_app_on_pairing_request</STRONG> (Thumb, 60 bytes, Stack size 16 bytes, lto-llvm-34d790.o(.text.default_app_on_pairing_request))
<BR><BR>[Stack]<UL><LI>Max Depth = 16<LI>Call Chain = default_app_on_pairing_request
</UL>
<BR>[Calls]<UL><LI><a href="#[bf]">&gt;&gt;</a>&nbsp;&nbsp;&nbsp;ke_msg_send
<LI><a href="#[bd]">&gt;&gt;</a>&nbsp;&nbsp;&nbsp;ke_msg_alloc
<LI><a href="#[c6]">&gt;&gt;</a>&nbsp;&nbsp;&nbsp;__aeabi_memcpy
</UL>
<BR>[Called By]<UL><LI><a href="#[3a]">&gt;&gt;</a>&nbsp;&nbsp;&nbsp;gapc_bond_req_ind_handler
</UL>
<BR>[Address Reference Count : 1]<UL><LI> lto-llvm-34d790.o(.rodata.user_app_callbacks)
</UL>
<P><STRONG><a name="[b1]"></a>default_app_on_tk_exch</STRONG> (Thumb, 60 bytes, Stack size 40 bytes, lto-llvm-34d790.o(.text.default_app_on_tk_exch))
<BR><BR>[Stack]<UL><LI>Max Depth = 64<LI>Call Chain = default_app_on_tk_exch &rArr; app_easy_security_tk_exch
</UL>
<BR>[Calls]<UL><LI><a href="#[c5]">&gt;&gt;</a>&nbsp;&nbsp;&nbsp;app_easy_security_tk_exch
</UL>
<BR>[Called By]<UL><LI><a href="#[3a]">&gt;&gt;</a>&nbsp;&nbsp;&nbsp;gapc_bond_req_ind_handler
</UL>
<BR>[Address Reference Count : 1]<UL><LI> lto-llvm-34d790.o(.rodata.user_app_callbacks)
</UL>
<P><STRONG><a name="[c5]"></a>app_easy_security_tk_exch</STRONG> (Thumb, 76 bytes, Stack size 24 bytes, lto-llvm-34d790.o(.text.app_easy_security_tk_exch))
<BR><BR>[Stack]<UL><LI>Max Depth = 24<LI>Call Chain = app_easy_security_tk_exch
</UL>
<BR>[Calls]<UL><LI><a href="#[bf]">&gt;&gt;</a>&nbsp;&nbsp;&nbsp;ke_msg_send
<LI><a href="#[bd]">&gt;&gt;</a>&nbsp;&nbsp;&nbsp;ke_msg_alloc
<LI><a href="#[c1]">&gt;&gt;</a>&nbsp;&nbsp;&nbsp;__aeabi_memclr
<LI><a href="#[c6]">&gt;&gt;</a>&nbsp;&nbsp;&nbsp;__aeabi_memcpy
</UL>
<BR>[Called By]<UL><LI><a href="#[b1]">&gt;&gt;</a>&nbsp;&nbsp;&nbsp;default_app_on_tk_exch
</UL>

<P><STRONG><a name="[b2]"></a>default_app_on_ltk_exch</STRONG> (Thumb, 120 bytes, Stack size 24 bytes, lto-llvm-34d790.o(.text.default_app_on_ltk_exch))
<BR><BR>[Stack]<UL><LI>Max Depth = 32<LI>Call Chain = default_app_on_ltk_exch &rArr; ltk_exch_create_msg
</UL>
<BR>[Calls]<UL><LI><a href="#[cb]">&gt;&gt;</a>&nbsp;&nbsp;&nbsp;app_fill_random_byte_array
<LI><a href="#[bf]">&gt;&gt;</a>&nbsp;&nbsp;&nbsp;ke_msg_send
<LI><a href="#[c8]">&gt;&gt;</a>&nbsp;&nbsp;&nbsp;dia_rand
<LI><a href="#[cc]">&gt;&gt;</a>&nbsp;&nbsp;&nbsp;ltk_exch_create_msg
<LI><a href="#[c6]">&gt;&gt;</a>&nbsp;&nbsp;&nbsp;__aeabi_memcpy
</UL>
<BR>[Called By]<UL><LI><a href="#[3a]">&gt;&gt;</a>&nbsp;&nbsp;&nbsp;gapc_bond_req_ind_handler
</UL>
<BR>[Address Reference Count : 1]<UL><LI> lto-llvm-34d790.o(.rodata.user_app_callbacks)
</UL>
<P><STRONG><a name="[cc]"></a>ltk_exch_create_msg</STRONG> (Thumb, 44 bytes, Stack size 8 bytes, lto-llvm-34d790.o(.text.ltk_exch_create_msg))
<BR><BR>[Stack]<UL><LI>Max Depth = 8<LI>Call Chain = ltk_exch_create_msg
</UL>
<BR>[Calls]<UL><LI><a href="#[bd]">&gt;&gt;</a>&nbsp;&nbsp;&nbsp;ke_msg_alloc
</UL>
<BR>[Called By]<UL><LI><a href="#[b2]">&gt;&gt;</a>&nbsp;&nbsp;&nbsp;default_app_on_ltk_exch
</UL>

<P><STRONG><a name="[55]"></a>app_db_init_next</STRONG> (Thumb, 84 bytes, Stack size 16 bytes, lto-llvm-34d790.o(.text.app_db_init_next))
<BR><BR>[Stack]<UL><LI>Max Depth = 16<LI>Call Chain = app_db_init_next
</UL>
<BR>[Address Reference Count : 1]<UL><LI> lto-llvm-34d790.o(.rodata.rom_app_task_cfg)
</UL>
<P><STRONG><a name="[54]"></a>app_easy_gap_dev_configure</STRONG> (Thumb, 76 bytes, Stack size 16 bytes, lto-llvm-34d790.o(.text.app_easy_gap_dev_configure))
<BR><BR>[Stack]<UL><LI>Max Depth = 16<LI>Call Chain = app_easy_gap_dev_configure
</UL>
<BR>[Calls]<UL><LI><a href="#[bf]">&gt;&gt;</a>&nbsp;&nbsp;&nbsp;ke_msg_send
<LI><a href="#[bd]">&gt;&gt;</a>&nbsp;&nbsp;&nbsp;ke_msg_alloc
<LI><a href="#[c1]">&gt;&gt;</a>&nbsp;&nbsp;&nbsp;__aeabi_memclr
</UL>
<BR>[Address Reference Count : 1]<UL><LI> lto-llvm-34d790.o(.rodata.rom_app_task_cfg)
</UL>
<P><STRONG><a name="[37]"></a>app_sec_process_handler</STRONG> (Thumb, 28 bytes, Stack size 24 bytes, lto-llvm-34d790.o(.text.app_sec_process_handler))
<BR><BR>[Stack]<UL><LI>Max Depth = 24<LI>Call Chain = app_sec_process_handler
</UL>
<BR>[Calls]<UL><LI><a href="#[c0]">&gt;&gt;</a>&nbsp;&nbsp;&nbsp;app_std_process_event
</UL>
<BR>[Address Reference Count : 1]<UL><LI> lto-llvm-34d790.o(.rodata.app_process_handlers)
</UL>
<P><STRONG><a name="[3a]"></a>gapc_bond_req_ind_handler</STRONG> (Thumb, 100 bytes, Stack size 8 bytes, lto-llvm-34d790.o(.text.gapc_bond_req_ind_handler))
<BR><BR>[Stack]<UL><LI>Max Depth = 72<LI>Call Chain = gapc_bond_req_ind_handler &rArr; default_app_on_tk_exch &rArr; app_easy_security_tk_exch
</UL>
<BR>[Calls]<UL><LI><a href="#[b2]">&gt;&gt;</a>&nbsp;&nbsp;&nbsp;default_app_on_ltk_exch
<LI><a href="#[b1]">&gt;&gt;</a>&nbsp;&nbsp;&nbsp;default_app_on_tk_exch
<LI><a href="#[b0]">&gt;&gt;</a>&nbsp;&nbsp;&nbsp;default_app_on_pairing_request
</UL>
<BR>[Address Reference Count : 1]<UL><LI> lto-llvm-34d790.o(.rodata.app_sec_process_handlers)
</UL>
<P><STRONG><a name="[3b]"></a>gapc_bond_ind_handler</STRONG> (Thumb, 240 bytes, Stack size 16 bytes, lto-llvm-34d790.o(.text.gapc_bond_ind_handler))
<BR><BR>[Stack]<UL><LI>Max Depth = 32<LI>Call Chain = gapc_bond_ind_handler &rArr; user_catch_rest_hndl
</UL>
<BR>[Calls]<UL><LI><a href="#[e3]">&gt;&gt;</a>&nbsp;&nbsp;&nbsp;app_easy_gap_disconnect
<LI><a href="#[56]">&gt;&gt;</a>&nbsp;&nbsp;&nbsp;user_catch_rest_hndl
<LI><a href="#[c6]">&gt;&gt;</a>&nbsp;&nbsp;&nbsp;__aeabi_memcpy
</UL>
<BR>[Address Reference Count : 1]<UL><LI> lto-llvm-34d790.o(.rodata.app_sec_process_handlers)
</UL>
<P><STRONG><a name="[56]"></a>user_catch_rest_hndl</STRONG> (Thumb, 32 bytes, Stack size 16 bytes, lto-llvm-34d790.o(.text.user_catch_rest_hndl))
<BR><BR>[Stack]<UL><LI>Max Depth = 16<LI>Call Chain = user_catch_rest_hndl
</UL>
<BR>[Calls]<UL><LI><a href="#[bf]">&gt;&gt;</a>&nbsp;&nbsp;&nbsp;ke_msg_send
<LI><a href="#[bd]">&gt;&gt;</a>&nbsp;&nbsp;&nbsp;ke_msg_alloc
</UL>
<BR>[Called By]<UL><LI><a href="#[3b]">&gt;&gt;</a>&nbsp;&nbsp;&nbsp;gapc_bond_ind_handler
</UL>
<BR>[Address Reference Count : 1]<UL><LI> lto-llvm-34d790.o(.rodata.rom_app_task_cfg)
</UL>
<P><STRONG><a name="[3c]"></a>gapc_encrypt_req_ind_handler</STRONG> (Thumb, 4 bytes, Stack size 0 bytes, lto-llvm-34d790.o(.text.gapc_encrypt_req_ind_handler))
<BR>[Address Reference Count : 1]<UL><LI> lto-llvm-34d790.o(.rodata.app_sec_process_handlers)
</UL>
<P><STRONG><a name="[3d]"></a>gapc_encrypt_ind_handler</STRONG> (Thumb, 20 bytes, Stack size 0 bytes, lto-llvm-34d790.o(.text.gapc_encrypt_ind_handler))
<BR>[Address Reference Count : 1]<UL><LI> lto-llvm-34d790.o(.rodata.app_sec_process_handlers)
</UL>
<P><STRONG><a name="[3e]"></a>gapm_addr_solved_ind_handler</STRONG> (Thumb, 4 bytes, Stack size 0 bytes, lto-llvm-34d790.o(.text.gapm_addr_solved_ind_handler))
<BR>[Address Reference Count : 1]<UL><LI> lto-llvm-34d790.o(.rodata.app_sec_process_handlers)
</UL>
<P><STRONG><a name="[51]"></a>app_diss_create_db</STRONG> (Thumb, 52 bytes, Stack size 16 bytes, lto-llvm-34d790.o(.text.app_diss_create_db))
<BR><BR>[Stack]<UL><LI>Max Depth = 16<LI>Call Chain = app_diss_create_db
</UL>
<BR>[Calls]<UL><LI><a href="#[be]">&gt;&gt;</a>&nbsp;&nbsp;&nbsp;get_user_prf_srv_perm
<LI><a href="#[bf]">&gt;&gt;</a>&nbsp;&nbsp;&nbsp;ke_msg_send
<LI><a href="#[bd]">&gt;&gt;</a>&nbsp;&nbsp;&nbsp;ke_msg_alloc
</UL>
<BR>[Address Reference Count : 1]<UL><LI> lto-llvm-34d790.o(.rodata.prf_funcs)
</UL>
<P><STRONG><a name="[38]"></a>app_diss_process_handler</STRONG> (Thumb, 28 bytes, Stack size 24 bytes, lto-llvm-34d790.o(.text.app_diss_process_handler))
<BR><BR>[Stack]<UL><LI>Max Depth = 24<LI>Call Chain = app_diss_process_handler
</UL>
<BR>[Calls]<UL><LI><a href="#[c0]">&gt;&gt;</a>&nbsp;&nbsp;&nbsp;app_std_process_event
</UL>
<BR>[Address Reference Count : 1]<UL><LI> lto-llvm-34d790.o(.rodata.app_process_handlers)
</UL>
<P><STRONG><a name="[33]"></a>diss_value_req_ind_handler</STRONG> (Thumb, 124 bytes, Stack size 24 bytes, lto-llvm-34d790.o(.text.diss_value_req_ind_handler))
<BR><BR>[Stack]<UL><LI>Max Depth = 24<LI>Call Chain = diss_value_req_ind_handler
</UL>
<BR>[Calls]<UL><LI><a href="#[bf]">&gt;&gt;</a>&nbsp;&nbsp;&nbsp;ke_msg_send
<LI><a href="#[bd]">&gt;&gt;</a>&nbsp;&nbsp;&nbsp;ke_msg_alloc
<LI><a href="#[c6]">&gt;&gt;</a>&nbsp;&nbsp;&nbsp;__aeabi_memcpy
</UL>
<BR>[Address Reference Count : 1]<UL><LI> lto-llvm-34d790.o(.rodata.app_diss_process_handlers)
</UL>
<P><STRONG><a name="[36]"></a>app_msg_utils_api_process_handler</STRONG> (Thumb, 48 bytes, Stack size 8 bytes, lto-llvm-34d790.o(.text.app_msg_utils_api_process_handler))
<BR><BR>[Stack]<UL><LI>Max Depth = 8<LI>Call Chain = app_msg_utils_api_process_handler
</UL>
<BR>[Address Reference Count : 1]<UL><LI> lto-llvm-34d790.o(.rodata.app_process_handlers)
</UL>
<P><STRONG><a name="[35]"></a>app_timer_api_process_handler</STRONG> (Thumb, 312 bytes, Stack size 16 bytes, lto-llvm-34d790.o(.text.app_timer_api_process_handler))
<BR><BR>[Stack]<UL><LI>Max Depth = 16<LI>Call Chain = app_timer_api_process_handler
</UL>
<BR>[Calls]<UL><LI><a href="#[c7]">&gt;&gt;</a>&nbsp;&nbsp;&nbsp;ke_timer_set
<LI><a href="#[bf]">&gt;&gt;</a>&nbsp;&nbsp;&nbsp;ke_msg_send
<LI><a href="#[bd]">&gt;&gt;</a>&nbsp;&nbsp;&nbsp;ke_msg_alloc
</UL>
<BR>[Address Reference Count : 1]<UL><LI> lto-llvm-34d790.o(.rodata.app_process_handlers)
</UL>
<P><STRONG><a name="[23]"></a>timer_modified_handler</STRONG> (Thumb, 2 bytes, Stack size 0 bytes, lto-llvm-34d790.o(.text.timer_modified_handler))
<BR>[Address Reference Count : 1]<UL><LI> lto-llvm-34d790.o(.text.app_timer_api_process_handler)
</UL>
<P><STRONG><a name="[24]"></a>timer_canceled_handler</STRONG> (Thumb, 2 bytes, Stack size 0 bytes, lto-llvm-34d790.o(.text.timer_canceled_handler))
<BR>[Address Reference Count : 1]<UL><LI> lto-llvm-34d790.o(.text.app_timer_api_process_handler)
</UL>
<P><STRONG><a name="[57]"></a>custs_get_func_callbacks</STRONG> (Thumb, 12 bytes, Stack size 0 bytes, lto-llvm-34d790.o(.text.custs_get_func_callbacks))
<BR>[Address Reference Count : 1]<UL><LI> lto-llvm-34d790.o(.rodata.rom_cust_prf_cfg)
</UL>
<P><STRONG><a name="[49]"></a>app_custs1_create_db</STRONG> (Thumb, 52 bytes, Stack size 16 bytes, lto-llvm-34d790.o(.text.app_custs1_create_db))
<BR><BR>[Stack]<UL><LI>Max Depth = 16<LI>Call Chain = app_custs1_create_db
</UL>
<BR>[Calls]<UL><LI><a href="#[be]">&gt;&gt;</a>&nbsp;&nbsp;&nbsp;get_user_prf_srv_perm
<LI><a href="#[bf]">&gt;&gt;</a>&nbsp;&nbsp;&nbsp;ke_msg_send
<LI><a href="#[bd]">&gt;&gt;</a>&nbsp;&nbsp;&nbsp;ke_msg_alloc
</UL>
<BR>[Address Reference Count : 1]<UL><LI> lto-llvm-34d790.o(.rodata.cust_prf_funcs)
</UL>
<P><STRONG><a name="[39]"></a>app_custs1_process_handler</STRONG> (Thumb, 26 bytes, Stack size 24 bytes, lto-llvm-34d790.o(.text.app_custs1_process_handler))
<BR><BR>[Stack]<UL><LI>Max Depth = 24<LI>Call Chain = app_custs1_process_handler
</UL>
<BR>[Calls]<UL><LI><a href="#[c0]">&gt;&gt;</a>&nbsp;&nbsp;&nbsp;app_std_process_event
</UL>
<BR>[Address Reference Count : 1]<UL><LI> lto-llvm-34d790.o(.rodata.app_process_handlers)
</UL>
<P><STRONG><a name="[a6]"></a>user_on_connection</STRONG> (Thumb, 60 bytes, Stack size 16 bytes, lto-llvm-34d790.o(.text.user_on_connection))
<BR><BR>[Stack]<UL><LI>Max Depth = 24<LI>Call Chain = user_on_connection &rArr; app_easy_gap_undirected_advertise_start
</UL>
<BR>[Calls]<UL><LI><a href="#[c2]">&gt;&gt;</a>&nbsp;&nbsp;&nbsp;app_easy_gap_undirected_advertise_start
<LI><a href="#[c9]">&gt;&gt;</a>&nbsp;&nbsp;&nbsp;default_app_on_init
</UL>
<BR>[Address Reference Count : 1]<UL><LI> lto-llvm-34d790.o(.rodata.user_app_callbacks)
</UL>
<P><STRONG><a name="[a7]"></a>user_on_disconnect</STRONG> (Thumb, 8 bytes, Stack size 8 bytes, lto-llvm-34d790.o(.text.user_on_disconnect))
<BR><BR>[Stack]<UL><LI>Max Depth = 16<LI>Call Chain = user_on_disconnect &rArr; app_easy_gap_undirected_advertise_start
</UL>
<BR>[Calls]<UL><LI><a href="#[c2]">&gt;&gt;</a>&nbsp;&nbsp;&nbsp;app_easy_gap_undirected_advertise_start
</UL>
<BR>[Address Reference Count : 1]<UL><LI> lto-llvm-34d790.o(.rodata.user_app_callbacks)
</UL>
<P><STRONG><a name="[2a]"></a>uart_tx</STRONG> (Thumb, 28 bytes, Stack size 8 bytes, lto-llvm-34d790.o(.text.uart_tx))
<BR><BR>[Stack]<UL><LI>Max Depth = 8<LI>Call Chain = uart_tx
</UL>
<BR>[Calls]<UL><LI><a href="#[10f]">&gt;&gt;</a>&nbsp;&nbsp;&nbsp;uart_write_buffer
<LI><a href="#[10e]">&gt;&gt;</a>&nbsp;&nbsp;&nbsp;strlen
</UL>
<BR>[Address Reference Count : 1]<UL><LI> lto-llvm-34d790.o(.text.main)
</UL><P>
<H3>
Undefined Global Symbols
</H3>
<P><STRONG><a name="[eb]"></a>reset_indication</STRONG> (Unknown, 0 bytes, Stack size 0 bytes, UNDEFINED)
<BR><BR>[Called By]<UL><LI><a href="#[1e]">&gt;&gt;</a>&nbsp;&nbsp;&nbsp;main
</UL>

<P><STRONG><a name="[ef]"></a>sb_read_otp_header</STRONG> (Unknown, 0 bytes, Stack size 0 bytes, UNDEFINED)
<BR><BR>[Called By]<UL><LI><a href="#[1e]">&gt;&gt;</a>&nbsp;&nbsp;&nbsp;main
</UL>

<P><STRONG><a name="[f0]"></a>sb_set_debugger_mode</STRONG> (Unknown, 0 bytes, Stack size 0 bytes, UNDEFINED)
<BR><BR>[Called By]<UL><LI><a href="#[1e]">&gt;&gt;</a>&nbsp;&nbsp;&nbsp;main
</UL>
<HR></body></html>
