Component: Arm Compiler for Embedded 6.19 Tool: armlink [5e73cb00]

==============================================================================

Section Cross References

    startup_da14531.o(RESET) refers to startup_da14531.o(STACK) for __initial_sp
    startup_da14531.o(RESET) refers to startup_da14531.o(.text) for Reset_Handler
    startup_da14531.o(RESET) refers to lto-llvm-fbdfb5.o(.text.SysTick_Handler) for SysTick_Handler
    startup_da14531.o(RESET) refers to lto-llvm-fbdfb5.o(.text.BLE_WAKEUP_LP_Handler) for BLE_WAKEUP_LP_Handler
    startup_da14531.o(RESET) refers to lto-llvm-fbdfb5.o(.text.rwble_isr) for rwble_isr
    startup_da14531.o(RESET) refers to lto-llvm-fbdfb5.o(.text.UART2_Handler) for UART2_Handler
    startup_da14531.o(RESET) refers to lto-llvm-fbdfb5.o(.text.I2C_Handler) for I2C_Handler
    startup_da14531.o(RESET) refers to lto-llvm-fbdfb5.o(.text.ADC_Handler) for ADC_Handler
    startup_da14531.o(RESET) refers to lto-llvm-fbdfb5.o(.text.BLE_RF_DIAG_Handler) for BLE_RF_DIAG_Handler
    startup_da14531.o(RESET) refers to lto-llvm-fbdfb5.o(.text.GPIO0_Handler) for GPIO0_Handler
    startup_da14531.o(RESET) refers to lto-llvm-fbdfb5.o(.text.GPIO1_Handler) for GPIO1_Handler
    startup_da14531.o(RESET) refers to lto-llvm-fbdfb5.o(.text.GPIO2_Handler) for GPIO2_Handler
    startup_da14531.o(RESET) refers to lto-llvm-fbdfb5.o(.text.GPIO3_Handler) for GPIO3_Handler
    startup_da14531.o(RESET) refers to lto-llvm-fbdfb5.o(.text.GPIO4_Handler) for GPIO4_Handler
    startup_da14531.o(RESET) refers to lto-llvm-fbdfb5.o(.text.WKUP_QUADEC_Handler) for WKUP_QUADEC_Handler
    startup_da14531.o(.text) refers to lto-llvm-fbdfb5.o(system_DA14xxx) for SystemInit
    startup_da14531.o(.text) refers to entry.o(.ARM.Collect$$$$00000000) for __main
    startup_da14531.o(.text) refers to lto-llvm-fbdfb5.o(.text.NMI_HandlerC) for NMI_HandlerC
    startup_da14531.o(.text) refers to lto-llvm-fbdfb5.o(.text.HardFault_HandlerC) for HardFault_HandlerC
    rf_ldo_calibration.o(.text) refers to arch_asm.o(.text) for arch_asm_delay_us
    rf_ldo_calibration.o(.text) refers to rf_ldo_calibration.o(.bss) for .bss
    rf_ldo_calibration.o(.text) refers to lto-llvm-fbdfb5.o(.bss.retention_mem_area0) for rf_ldo_calibration_pending
    common.o(.text) refers to arch_asm.o(.text) for arch_asm_delay_us
    entry.o(.ARM.Collect$$$$00000000) refers (Special) to entry10a.o(.ARM.Collect$$$$0000000D) for __rt_final_cpp
    entry.o(.ARM.Collect$$$$00000000) refers (Special) to entry11a.o(.ARM.Collect$$$$0000000F) for __rt_final_exit
    entry.o(.ARM.Collect$$$$00000000) refers (Special) to entry7b.o(.ARM.Collect$$$$00000008) for _main_clock
    entry.o(.ARM.Collect$$$$00000000) refers (Special) to entry8b.o(.ARM.Collect$$$$0000000A) for _main_cpp_init
    entry.o(.ARM.Collect$$$$00000000) refers (Special) to entry9a.o(.ARM.Collect$$$$0000000B) for _main_init
    entry.o(.ARM.Collect$$$$00000000) refers (Special) to entry5.o(.ARM.Collect$$$$00000004) for _main_scatterload
    entry.o(.ARM.Collect$$$$00000000) refers (Special) to entry2.o(.ARM.Collect$$$$00000001) for _main_stk
    entry2.o(.ARM.Collect$$$$00000001) refers to entry2.o(.ARM.Collect$$$$00002712) for __lit__00000000
    entry2.o(.ARM.Collect$$$$00002712) refers to startup_da14531.o(STACK) for __initial_sp
    entry2.o(__vectab_stack_and_reset_area) refers to startup_da14531.o(STACK) for __initial_sp
    entry2.o(__vectab_stack_and_reset_area) refers to entry.o(.ARM.Collect$$$$00000000) for __main
    entry5.o(.ARM.Collect$$$$00000004) refers to init.o(.text) for __scatterload
    entry9a.o(.ARM.Collect$$$$0000000B) refers to lto-llvm-fbdfb5.o(.text.main) for main
    entry9b.o(.ARM.Collect$$$$0000000C) refers to lto-llvm-fbdfb5.o(.text.main) for main
    init.o(.text) refers to entry5.o(.ARM.Collect$$$$00000004) for __main_after_scatterload
    lto-llvm-fbdfb5.o(system_DA14xxx) refers to lto-llvm-fbdfb5.o(otp_cs_booter) for [Anonymous Symbol]
    lto-llvm-fbdfb5.o(.ARM.exidxsystem_DA14xxx) refers to lto-llvm-fbdfb5.o(system_DA14xxx) for [Anonymous Symbol]
    lto-llvm-fbdfb5.o(.ARM.exidx.text.HardFault_HandlerC) refers to lto-llvm-fbdfb5.o(.text.HardFault_HandlerC) for [Anonymous Symbol]
    lto-llvm-fbdfb5.o(.ARM.exidx.text.NMI_HandlerC) refers to lto-llvm-fbdfb5.o(.text.NMI_HandlerC) for [Anonymous Symbol]
    lto-llvm-fbdfb5.o(.ARM.exidx.text.platform_reset_func) refers to lto-llvm-fbdfb5.o(.text.platform_reset_func) for [Anonymous Symbol]
    lto-llvm-fbdfb5.o(.ARM.exidx.text.dbg_init_func_empty) refers to lto-llvm-fbdfb5.o(.text.dbg_init_func_empty) for [Anonymous Symbol]
    lto-llvm-fbdfb5.o(.ARM.exidx.text.dbg_platform_reset_complete_func_empty) refers to lto-llvm-fbdfb5.o(.text.dbg_platform_reset_complete_func_empty) for [Anonymous Symbol]
    lto-llvm-fbdfb5.o(.ARM.exidx.text.crypto_init_func) refers to lto-llvm-fbdfb5.o(.text.crypto_init_func) for [Anonymous Symbol]
[...]
    gapc_auth_set                            0x07f12f15   Thumb Code     0  da14531_01_symbols.txt ABSOLUTE
    gapc_svc_chg_ccc_get                     0x07f12f35   Thumb Code     0  da14531_01_symbols.txt ABSOLUTE
    gapc_svc_chg_ccc_set                     0x07f12f45   Thumb Code     0  da14531_01_symbols.txt ABSOLUTE
    gapc_check_lecb_sec_perm                 0x07f12f5b   Thumb Code     0  da14531_01_symbols.txt ABSOLUTE
    gapc_search_lecb_channel                 0x07f12fc3   Thumb Code     0  da14531_01_symbols.txt ABSOLUTE
    gapc_lecnx_check_tx                      0x07f12ffd   Thumb Code     0  da14531_01_symbols.txt ABSOLUTE
    gapc_lecnx_check_rx                      0x07f13045   Thumb Code     0  da14531_01_symbols.txt ABSOLUTE
    gapc_lecnx_get_field                     0x07f13089   Thumb Code     0  da14531_01_symbols.txt ABSOLUTE
    gapc_process_op                          0x07f130f9   Thumb Code     0  da14531_01_symbols.txt ABSOLUTE
    gapc_param_update_sanity                 0x07f13249   Thumb Code     0  da14531_01_symbols.txt ABSOLUTE
    gapc_param_cb_con_sanity                 0x07f13271   Thumb Code     0  da14531_01_symbols.txt ABSOLUTE
    gapc_param_update_cmd_handler            0x07f135c3   Thumb Code     0  da14531_01_symbols.txt ABSOLUTE
    l2cc_pdu_recv_ind_handler_func           0x07f136d7   Thumb Code     0  da14531_01_symbols.txt ABSOLUTE
    gapc_lecb_connect_cfm_handler_func       0x07f14565   Thumb Code     0  da14531_01_symbols.txt ABSOLUTE
    gapm_init                                0x07f14921   Thumb Code     0  da14531_01_symbols.txt ABSOLUTE
    gapm_init_attr                           0x07f14979   Thumb Code     0  da14531_01_symbols.txt ABSOLUTE
    gapm_get_operation                       0x07f149a5   Thumb Code     0  da14531_01_symbols.txt ABSOLUTE
    gapm_get_requester                       0x07f149b7   Thumb Code     0  da14531_01_symbols.txt ABSOLUTE
    gapm_reschedule_operation                0x07f149cf   Thumb Code     0  da14531_01_symbols.txt ABSOLUTE
    gapm_send_complete_evt                   0x07f149f1   Thumb Code     0  da14531_01_symbols.txt ABSOLUTE
    gapm_send_error_evt                      0x07f14a27   Thumb Code     0  da14531_01_symbols.txt ABSOLUTE
    gapm_con_create                          0x07f14a47   Thumb Code     0  da14531_01_symbols.txt ABSOLUTE
    gapm_con_enable                          0x07f14aa3   Thumb Code     0  da14531_01_symbols.txt ABSOLUTE
    gapm_con_cleanup                         0x07f14aaf   Thumb Code     0  da14531_01_symbols.txt ABSOLUTE
    gapm_get_id_from_task                    0x07f14adf   Thumb Code     0  da14531_01_symbols.txt ABSOLUTE
    gapm_get_task_from_id                    0x07f14b1f   Thumb Code     0  da14531_01_symbols.txt ABSOLUTE
    gapm_is_disc_connection                  0x07f14b5b   Thumb Code     0  da14531_01_symbols.txt ABSOLUTE
    gapm_adv_sanity                          0x07f154d7   Thumb Code     0  da14531_01_symbols.txt ABSOLUTE
    gapm_adv_op_sanity                       0x07f155cb   Thumb Code     0  da14531_01_symbols.txt ABSOLUTE
    gapm_set_adv_mode                        0x07f1574d   Thumb Code     0  da14531_01_symbols.txt ABSOLUTE
    gapm_set_adv_data                        0x07f15765   Thumb Code     0  da14531_01_symbols.txt ABSOLUTE
    gapm_execute_adv_op                      0x07f157db   Thumb Code     0  da14531_01_symbols.txt ABSOLUTE
    gapm_get_role                            0x07f158ef   Thumb Code     0  da14531_01_symbols.txt ABSOLUTE
    gapm_update_air_op_state                 0x07f158f5   Thumb Code     0  da14531_01_symbols.txt ABSOLUTE
    gapm_get_irk                             0x07f159a5   Thumb Code     0  da14531_01_symbols.txt ABSOLUTE
    gapm_get_bdaddr                          0x07f159ab   Thumb Code     0  da14531_01_symbols.txt ABSOLUTE
    gapm_basic_hci_cmd_send                  0x07f159b1   Thumb Code     0  da14531_01_symbols.txt ABSOLUTE
    l2cc_pdu_pack_func                       0x07f15a59   Thumb Code     0  da14531_01_symbols.txt ABSOLUTE
    l2cc_detect_dest                         0x07f15f55   Thumb Code     0  da14531_01_symbols.txt ABSOLUTE
    l2cc_handle_invalid_pdu                  0x07f15fb1   Thumb Code     0  da14531_01_symbols.txt ABSOLUTE
    l2cc_pdu_unpack_func                     0x07f160c7   Thumb Code     0  da14531_01_symbols.txt ABSOLUTE
    l2c_process_sdu_func                     0x07f163fd   Thumb Code     0  da14531_01_symbols.txt ABSOLUTE
    l2c_send_lecb_message_func               0x07f164fd   Thumb Code     0  da14531_01_symbols.txt ABSOLUTE
    smpc_check_param_func                    0x07f165f9   Thumb Code     0  da14531_01_symbols.txt ABSOLUTE
    gapc_hci_handler                         0x07f17183   Thumb Code     0  da14531_01_symbols.txt ABSOLUTE
    gapm_hci_handler                         0x07f179e9   Thumb Code     0  da14531_01_symbols.txt ABSOLUTE
    smpc_pairing_prepare                     0x07f17a45   Thumb Code     0  da14531_01_symbols.txt ABSOLUTE
    smpc_pairing_tk_exch                     0x07f17a5f   Thumb Code     0  da14531_01_symbols.txt ABSOLUTE
    smpc_pairing_ltk_exch                    0x07f17b0f   Thumb Code     0  da14531_01_symbols.txt ABSOLUTE
    smpc_pairing_csrk_exch                   0x07f17b63   Thumb Code     0  da14531_01_symbols.txt ABSOLUTE
    smpc_pairing_rsp                         0x07f17bab   Thumb Code     0  da14531_01_symbols.txt ABSOLUTE
    smpc_pairing_req_handler                 0x07f17c95   Thumb Code     0  da14531_01_symbols.txt ABSOLUTE
    smpc_security_req_send                   0x07f17ced   Thumb Code     0  da14531_01_symbols.txt ABSOLUTE
    smpc_encrypt_start_handler               0x07f17d17   Thumb Code     0  da14531_01_symbols.txt ABSOLUTE
    smpc_encrypt_cfm                         0x07f17d4b   Thumb Code     0  da14531_01_symbols.txt ABSOLUTE
    smpc_sign_command                        0x07f17d77   Thumb Code     0  da14531_01_symbols.txt ABSOLUTE
    smpc_sign_cont                           0x07f17e4d   Thumb Code     0  da14531_01_symbols.txt ABSOLUTE
    smpc_calc_confirm_cont                   0x07f17ff7   Thumb Code     0  da14531_01_symbols.txt ABSOLUTE
    smpc_confirm_gen_rand                    0x07f184e1   Thumb Code     0  da14531_01_symbols.txt ABSOLUTE
    smpc_public_key_exchange_start_func      0x07f185a7   Thumb Code     0  da14531_01_symbols.txt ABSOLUTE
    smpc_dhkey_calc_start                    0x07f185bd   Thumb Code     0  da14531_01_symbols.txt ABSOLUTE
    smpc_sec_authentication_start            0x07f185ed   Thumb Code     0  da14531_01_symbols.txt ABSOLUTE
    smpc_dhkey_calc_ind_func                 0x07f1861b   Thumb Code     0  da14531_01_symbols.txt ABSOLUTE
    smpm_gen_rand_addr                       0x07f18655   Thumb Code     0  da14531_01_symbols.txt ABSOLUTE
    smpm_resolv_addr                         0x07f1866d   Thumb Code     0  da14531_01_symbols.txt ABSOLUTE
    smpm_use_enc_block                       0x07f1868f   Thumb Code     0  da14531_01_symbols.txt ABSOLUTE
    smpm_gen_rand_nb                         0x07f18697   Thumb Code     0  da14531_01_symbols.txt ABSOLUTE
    smpm_ecdh_key_create_func                0x07f1869f   Thumb Code     0  da14531_01_symbols.txt ABSOLUTE
    ke_init                                  0x07f186bd   Thumb Code     0  da14531_01_symbols.txt ABSOLUTE
    ke_flush                                 0x07f186ef   Thumb Code     0  da14531_01_symbols.txt ABSOLUTE
    ke_sleep_check                           0x07f1872f   Thumb Code     0  da14531_01_symbols.txt ABSOLUTE
    ke_stats_get                             0x07f18741   Thumb Code     0  da14531_01_symbols.txt ABSOLUTE
    ke_event_init                            0x07f1875d   Thumb Code     0  da14531_01_symbols.txt ABSOLUTE
    ke_event_callback_set                    0x07f18769   Thumb Code     0  da14531_01_symbols.txt ABSOLUTE
    ke_event_set                             0x07f1877d   Thumb Code     0  da14531_01_symbols.txt ABSOLUTE
    ke_event_clear                           0x07f187a9   Thumb Code     0  da14531_01_symbols.txt ABSOLUTE
    ke_event_get                             0x07f187d5   Thumb Code     0  da14531_01_symbols.txt ABSOLUTE
    ke_event_get_all                         0x07f187fb   Thumb Code     0  da14531_01_symbols.txt ABSOLUTE
    ke_event_flush                           0x07f18801   Thumb Code     0  da14531_01_symbols.txt ABSOLUTE
    ke_event_schedule                        0x07f18809   Thumb Code     0  da14531_01_symbols.txt ABSOLUTE
    ke_mem_init                              0x07f18859   Thumb Code     0  da14531_01_symbols.txt ABSOLUTE
    ke_mem_is_empty                          0x07f188a5   Thumb Code     0  da14531_01_symbols.txt ABSOLUTE
    ke_check_malloc                          0x07f188e5   Thumb Code     0  da14531_01_symbols.txt ABSOLUTE
    ke_malloc                                0x07f18975   Thumb Code     0  da14531_01_symbols.txt ABSOLUTE
    ke_free                                  0x07f18a6b   Thumb Code     0  da14531_01_symbols.txt ABSOLUTE
    ke_is_free                               0x07f18b4d   Thumb Code     0  da14531_01_symbols.txt ABSOLUTE
    ke_get_mem_usage                         0x07f18b5f   Thumb Code     0  da14531_01_symbols.txt ABSOLUTE
    ke_get_max_mem_usage                     0x07f18b6b   Thumb Code     0  da14531_01_symbols.txt ABSOLUTE
    ke_msg_alloc                             0x07f18b91   Thumb Code     0  da14531_01_symbols.txt ABSOLUTE
    ke_msg_send                              0x07f18bc7   Thumb Code     0  da14531_01_symbols.txt ABSOLUTE
    ke_msg_send_basic                        0x07f18bf3   Thumb Code     0  da14531_01_symbols.txt ABSOLUTE
    ke_msg_forward                           0x07f18c01   Thumb Code     0  da14531_01_symbols.txt ABSOLUTE
    ke_msg_forward_new_id                    0x07f18c0b   Thumb Code     0  da14531_01_symbols.txt ABSOLUTE
    ke_msg_free                              0x07f18c1b   Thumb Code     0  da14531_01_symbols.txt ABSOLUTE
    ke_msg_dest_id_get                       0x07f18c23   Thumb Code     0  da14531_01_symbols.txt ABSOLUTE
    ke_msg_src_id_get                        0x07f18c29   Thumb Code     0  da14531_01_symbols.txt ABSOLUTE
    ke_msg_in_queue                          0x07f18c2f   Thumb Code     0  da14531_01_symbols.txt ABSOLUTE
    ke_queue_extract                         0x07f18c41   Thumb Code     0  da14531_01_symbols.txt ABSOLUTE
    ke_queue_insert                          0x07f18c91   Thumb Code     0  da14531_01_symbols.txt ABSOLUTE
    ke_task_init_func                        0x07f18f7b   Thumb Code     0  da14531_01_symbols.txt ABSOLUTE
    ke_task_create                           0x07f18f8f   Thumb Code     0  da14531_01_symbols.txt ABSOLUTE
    ke_task_delete                           0x07f18fc7   Thumb Code     0  da14531_01_symbols.txt ABSOLUTE
    ke_state_set                             0x07f18ff3   Thumb Code     0  da14531_01_symbols.txt ABSOLUTE
    ke_state_get                             0x07f1901d   Thumb Code     0  da14531_01_symbols.txt ABSOLUTE
    ke_msg_discard                           0x07f1903b   Thumb Code     0  da14531_01_symbols.txt ABSOLUTE
    ke_msg_save                              0x07f1903f   Thumb Code     0  da14531_01_symbols.txt ABSOLUTE
    ke_task_msg_flush                        0x07f19043   Thumb Code     0  da14531_01_symbols.txt ABSOLUTE
    ke_timer_init_func                       0x07f19203   Thumb Code     0  da14531_01_symbols.txt ABSOLUTE
    ke_timer_set                             0x07f1920f   Thumb Code     0  da14531_01_symbols.txt ABSOLUTE
    ke_timer_clear                           0x07f192a3   Thumb Code     0  da14531_01_symbols.txt ABSOLUTE
    ke_timer_active                          0x07f192f9   Thumb Code     0  da14531_01_symbols.txt ABSOLUTE
    ke_timer_sleep_check                     0x07f1931f   Thumb Code     0  da14531_01_symbols.txt ABSOLUTE
    rwble_hl_init                            0x07f193ed   Thumb Code     0  da14531_01_symbols.txt ABSOLUTE
    rwble_hl_reset                           0x07f1940f   Thumb Code     0  da14531_01_symbols.txt ABSOLUTE
    rwble_hl_send_message                    0x07f19431   Thumb Code     0  da14531_01_symbols.txt ABSOLUTE
    rwip_check_wakeup_boundary               0x07f19435   Thumb Code     0  da14531_01_symbols.txt ABSOLUTE
    rwip_init                                0x07f1945b   Thumb Code     0  da14531_01_symbols.txt ABSOLUTE
    rwip_reset                               0x07f1951f   Thumb Code     0  da14531_01_symbols.txt ABSOLUTE
    rwip_version                             0x07f19557   Thumb Code     0  da14531_01_symbols.txt ABSOLUTE
    rwip_schedule                            0x07f1955f   Thumb Code     0  da14531_01_symbols.txt ABSOLUTE
    rwip_prevent_sleep_set                   0x07f1960b   Thumb Code     0  da14531_01_symbols.txt ABSOLUTE
    rwip_wakeup                              0x07f1962d   Thumb Code     0  da14531_01_symbols.txt ABSOLUTE
    rwip_prevent_sleep_clear                 0x07f19643   Thumb Code     0  da14531_01_symbols.txt ABSOLUTE
    rwip_wakeup_end                          0x07f19665   Thumb Code     0  da14531_01_symbols.txt ABSOLUTE
    rwip_wakeup_delay_set                    0x07f19681   Thumb Code     0  da14531_01_symbols.txt ABSOLUTE
    rwip_sleep_enable                        0x07f1968f   Thumb Code     0  da14531_01_symbols.txt ABSOLUTE
    rwip_ext_wakeup_enable                   0x07f19695   Thumb Code     0  da14531_01_symbols.txt ABSOLUTE
    rwble_init                               0x07f196b9   Thumb Code     0  da14531_01_symbols.txt ABSOLUTE
    rwble_reset                              0x07f1971f   Thumb Code     0  da14531_01_symbols.txt ABSOLUTE
    rwble_version                            0x07f19753   Thumb Code     0  da14531_01_symbols.txt ABSOLUTE
    rwble_send_message                       0x07f1977f   Thumb Code     0  da14531_01_symbols.txt ABSOLUTE
    YieldToScheduler                         0x07f19889   Thumb Code     0  da14531_01_symbols.txt ABSOLUTE
    xorshift64star                           0x07f19891   Thumb Code     0  da14531_01_symbols.txt ABSOLUTE
    uECC_set_rng                             0x07f198f7   Thumb Code     0  da14531_01_symbols.txt ABSOLUTE
    uECC_get_rng                             0x07f198fd   Thumb Code     0  da14531_01_symbols.txt ABSOLUTE
    uECC_curve_private_key_size              0x07f19903   Thumb Code     0  da14531_01_symbols.txt ABSOLUTE
    uECC_curve_public_key_size               0x07f19913   Thumb Code     0  da14531_01_symbols.txt ABSOLUTE
    uECC_vli_clear                           0x07f1991b   Thumb Code     0  da14531_01_symbols.txt ABSOLUTE
    uECC_vli_isZero                          0x07f19931   Thumb Code     0  da14531_01_symbols.txt ABSOLUTE
    uECC_vli_testBit                         0x07f19953   Thumb Code     0  da14531_01_symbols.txt ABSOLUTE
    uECC_vli_numBits                         0x07f19965   Thumb Code     0  da14531_01_symbols.txt ABSOLUTE
    uECC_vli_set                             0x07f1999f   Thumb Code     0  da14531_01_symbols.txt ABSOLUTE
    uECC_vli_equal                           0x07f199dd   Thumb Code     0  da14531_01_symbols.txt ABSOLUTE
    uECC_vli_cmp                             0x07f19a01   Thumb Code     0  da14531_01_symbols.txt ABSOLUTE
    uECC_vli_rshift1                         0x07f19a37   Thumb Code     0  da14531_01_symbols.txt ABSOLUTE
    uECC_vli_square                          0x07f19a55   Thumb Code     0  da14531_01_symbols.txt ABSOLUTE
    uECC_vli_modAdd                          0x07f19a61   Thumb Code     0  da14531_01_symbols.txt ABSOLUTE
    uECC_vli_modSub                          0x07f19a8f   Thumb Code     0  da14531_01_symbols.txt ABSOLUTE
    uECC_vli_mmod                            0x07f19aaf   Thumb Code     0  da14531_01_symbols.txt ABSOLUTE
    uECC_vli_modMult                         0x07f19bb9   Thumb Code     0  da14531_01_symbols.txt ABSOLUTE
    uECC_vli_modMult_fast                    0x07f19bdb   Thumb Code     0  da14531_01_symbols.txt ABSOLUTE
    uECC_vli_modSquare                       0x07f19bfb   Thumb Code     0  da14531_01_symbols.txt ABSOLUTE
    uECC_vli_modSquare_fast                  0x07f19c09   Thumb Code     0  da14531_01_symbols.txt ABSOLUTE
    uECC_vli_modInv                          0x07f19c49   Thumb Code     0  da14531_01_symbols.txt ABSOLUTE
    uECC_secp256r1                           0x07f19f85   Thumb Code     0  da14531_01_symbols.txt ABSOLUTE
    uECC_vli_nativeToBytes                   0x07f1a583   Thumb Code     0  da14531_01_symbols.txt ABSOLUTE
    uECC_vli_bytesToNative                   0x07f1a5a5   Thumb Code     0  da14531_01_symbols.txt ABSOLUTE
    uECC_generate_random_int                 0x07f1a5e3   Thumb Code     0  da14531_01_symbols.txt ABSOLUTE
    uECC_make_key                            0x07f1a645   Thumb Code     0  da14531_01_symbols.txt ABSOLUTE
    uECC_shared_secret                       0x07f1a6c3   Thumb Code     0  da14531_01_symbols.txt ABSOLUTE
    uECC_compress                            0x07f1a77f   Thumb Code     0  da14531_01_symbols.txt ABSOLUTE
    uECC_decompress                          0x07f1a7ad   Thumb Code     0  da14531_01_symbols.txt ABSOLUTE
    uECC_valid_point                         0x07f1a81d   Thumb Code     0  da14531_01_symbols.txt ABSOLUTE
    uECC_valid_public_key                    0x07f1a87f   Thumb Code     0  da14531_01_symbols.txt ABSOLUTE
    uECC_compute_public_key                  0x07f1a8b3   Thumb Code     0  da14531_01_symbols.txt ABSOLUTE
    uECC_sign                                0x07f1ab39   Thumb Code     0  da14531_01_symbols.txt ABSOLUTE
    uECC_sign_deterministic                  0x07f1ac1f   Thumb Code     0  da14531_01_symbols.txt ABSOLUTE
    uECC_verify                              0x07f1ad8d   Thumb Code     0  da14531_01_symbols.txt ABSOLUTE
    uECC_curve_num_words                     0x07f1b039   Thumb Code     0  da14531_01_symbols.txt ABSOLUTE
    uECC_curve_num_bytes                     0x07f1b041   Thumb Code     0  da14531_01_symbols.txt ABSOLUTE
    uECC_curve_num_bits                      0x07f1b049   Thumb Code     0  da14531_01_symbols.txt ABSOLUTE
    uECC_curve_num_n_words                   0x07f1b051   Thumb Code     0  da14531_01_symbols.txt ABSOLUTE
    uECC_curve_num_n_bytes                   0x07f1b061   Thumb Code     0  da14531_01_symbols.txt ABSOLUTE
    uECC_curve_num_n_bits                    0x07f1b071   Thumb Code     0  da14531_01_symbols.txt ABSOLUTE
    uECC_curve_p                             0x07f1b079   Thumb Code     0  da14531_01_symbols.txt ABSOLUTE
    uECC_curve_n                             0x07f1b07d   Thumb Code     0  da14531_01_symbols.txt ABSOLUTE
    uECC_curve_G                             0x07f1b081   Thumb Code     0  da14531_01_symbols.txt ABSOLUTE
    uECC_curve_b                             0x07f1b085   Thumb Code     0  da14531_01_symbols.txt ABSOLUTE
    uECC_vli_mod_sqrt                        0x07f1b089   Thumb Code     0  da14531_01_symbols.txt ABSOLUTE
    uECC_vli_mmod_fast                       0x07f1b08f   Thumb Code     0  da14531_01_symbols.txt ABSOLUTE
    uECC_point_mult                          0x07f1b095   Thumb Code     0  da14531_01_symbols.txt ABSOLUTE
    __aeabi_uidiv                            0x07f1b169   Thumb Code     0  da14531_01_symbols.txt ABSOLUTE
    __aeabi_uidivmod                         0x07f1b169   Thumb Code     0  da14531_01_symbols.txt ABSOLUTE
    __aeabi_idiv                             0x07f1b195   Thumb Code     0  da14531_01_symbols.txt ABSOLUTE
    __aeabi_idivmod                          0x07f1b195   Thumb Code     0  da14531_01_symbols.txt ABSOLUTE
    __aeabi_lmul                             0x07f1b1bd   Thumb Code     0  da14531_01_symbols.txt ABSOLUTE
    _ll_mul                                  0x07f1b1bd   Thumb Code     0  da14531_01_symbols.txt ABSOLUTE
    rand                                     0x07f1b239   Thumb Code     0  da14531_01_symbols.txt ABSOLUTE
    srand                                    0x07f1b24b   Thumb Code     0  da14531_01_symbols.txt ABSOLUTE
    __aeabi_memcpy                           0x07f1b25d   Thumb Code     0  da14531_01_symbols.txt ABSOLUTE
    __aeabi_memcpy4                          0x07f1b25d   Thumb Code     0  da14531_01_symbols.txt ABSOLUTE
    __aeabi_memcpy8                          0x07f1b25d   Thumb Code     0  da14531_01_symbols.txt ABSOLUTE
    __aeabi_memset                           0x07f1b281   Thumb Code     0  da14531_01_symbols.txt ABSOLUTE
    __aeabi_memset4                          0x07f1b281   Thumb Code     0  da14531_01_symbols.txt ABSOLUTE
    __aeabi_memset8                          0x07f1b281   Thumb Code     0  da14531_01_symbols.txt ABSOLUTE
    __aeabi_memclr                           0x07f1b28f   Thumb Code     0  da14531_01_symbols.txt ABSOLUTE
    __aeabi_memclr4                          0x07f1b28f   Thumb Code     0  da14531_01_symbols.txt ABSOLUTE
    __aeabi_memclr8                          0x07f1b28f   Thumb Code     0  da14531_01_symbols.txt ABSOLUTE
    _memset$wrapper                          0x07f1b293   Thumb Code     0  da14531_01_symbols.txt ABSOLUTE
    memcmp                                   0x07f1b2a5   Thumb Code     0  da14531_01_symbols.txt ABSOLUTE
    __aeabi_uread4                           0x07f1b2bf   Thumb Code     0  da14531_01_symbols.txt ABSOLUTE
    __rt_uread4                              0x07f1b2bf   Thumb Code     0  da14531_01_symbols.txt ABSOLUTE
    _uread4                                  0x07f1b2bf   Thumb Code     0  da14531_01_symbols.txt ABSOLUTE
    __aeabi_uwrite4                          0x07f1b2d3   Thumb Code     0  da14531_01_symbols.txt ABSOLUTE
    __rt_uwrite4                             0x07f1b2d3   Thumb Code     0  da14531_01_symbols.txt ABSOLUTE
    _uwrite4                                 0x07f1b2d3   Thumb Code     0  da14531_01_symbols.txt ABSOLUTE
    __aeabi_llsl                             0x07f1b2e5   Thumb Code     0  da14531_01_symbols.txt ABSOLUTE
    _ll_shift_l                              0x07f1b2e5   Thumb Code     0  da14531_01_symbols.txt ABSOLUTE
    __ARM_common_switch8                     0x07f1b305   Thumb Code     0  da14531_01_symbols.txt ABSOLUTE
    uart_api                                 0x07f1b320   Data           0  da14531_01_symbols.txt ABSOLUTE
    co_sca2ppm                               0x07f1b330   Data           0  da14531_01_symbols.txt ABSOLUTE
    co_null_bdaddr                           0x07f1b340   Data           0  da14531_01_symbols.txt ABSOLUTE
    co_default_bdaddr                        0x07f1b346   Data           0  da14531_01_symbols.txt ABSOLUTE
    llc_state_handler                        0x07f1b5bc   Data           0  da14531_01_symbols.txt ABSOLUTE
    llc_default_handler                      0x07f1b68c   Data           0  da14531_01_symbols.txt ABSOLUTE
    llm_debug_private_key                    0x07f1b6aa   Data           0  da14531_01_symbols.txt ABSOLUTE
    llm_state_handler                        0x07f1b844   Data           0  da14531_01_symbols.txt ABSOLUTE
    llm_default_handler                      0x07f1b874   Data           0  da14531_01_symbols.txt ABSOLUTE
    ecc_p256_G                               0x07f1b87c   Data           0  da14531_01_symbols.txt ABSOLUTE
    gtl_default_state                        0x07f1b8cc   Data           0  da14531_01_symbols.txt ABSOLUTE
    gtl_default_handler                      0x07f1b8d4   Data           0  da14531_01_symbols.txt ABSOLUTE
    hci_cmd_desc_tab_lk_ctrl                 0x07f1b8e0   Data           0  da14531_01_symbols.txt ABSOLUTE
    hci_cmd_desc_tab_ctrl_bb                 0x07f1b904   Data           0  da14531_01_symbols.txt ABSOLUTE
    hci_cmd_desc_tab_info_par                0x07f1b97c   Data           0  da14531_01_symbols.txt ABSOLUTE
    hci_cmd_desc_tab_stat_par                0x07f1b9ac   Data           0  da14531_01_symbols.txt ABSOLUTE
    hci_cmd_desc_tab_le                      0x07f1b9b8   Data           0  da14531_01_symbols.txt ABSOLUTE
    hci_cmd_desc_tab_vs                      0x07f1bb5c   Data           0  da14531_01_symbols.txt ABSOLUTE
    rom_hci_cmd_desc_root_tab                0x07f1bc94   Data           0  da14531_01_symbols.txt ABSOLUTE
    hci_evt_desc_tab                         0x07f1bcc4   Data           0  da14531_01_symbols.txt ABSOLUTE
    hci_evt_le_desc_tab                      0x07f1bd0c   Data           0  da14531_01_symbols.txt ABSOLUTE
    attc_handlers                            0x07f1bd6c   Data           0  da14531_01_symbols.txt ABSOLUTE
    atts_handlers                            0x07f1bddc   Data           0  da14531_01_symbols.txt ABSOLUTE
    gattc_default_state                      0x07f1be5c   Data           0  da14531_01_symbols.txt ABSOLUTE
    gattc_default_handler                    0x07f1bf3c   Data           0  da14531_01_symbols.txt ABSOLUTE
    gattm_default_state                      0x07f1bf88   Data           0  da14531_01_symbols.txt ABSOLUTE
    gattm_default_handler                    0x07f1bfe0   Data           0  da14531_01_symbols.txt ABSOLUTE
    l2cc_default_state                       0x07f1bff8   Data           0  da14531_01_symbols.txt ABSOLUTE
    l2cc_default_handler                     0x07f1c010   Data           0  da14531_01_symbols.txt ABSOLUTE
    const_Rb                                 0x07f1c031   Data           0  da14531_01_symbols.txt ABSOLUTE
    gapc_default_state                       0x07f1c064   Data           0  da14531_01_symbols.txt ABSOLUTE
    gapc_default_handler                     0x07f1c1ac   Data           0  da14531_01_symbols.txt ABSOLUTE
    gapm_default_state                       0x07f1c248   Data           0  da14531_01_symbols.txt ABSOLUTE
    gapm_default_handler                     0x07f1c300   Data           0  da14531_01_symbols.txt ABSOLUTE
    smpc_construct_pdu                       0x07f1c424   Data           0  da14531_01_symbols.txt ABSOLUTE
    SystemInit_ROM                           0x07f1c891   Thumb Code     0  da14531_01_symbols.txt ABSOLUTE
    arch_printf_flush                        0x07f1cb85   Thumb Code     0  da14531_01_symbols.txt ABSOLUTE
    arch_vprintf                             0x07f1cc3d   Thumb Code     0  da14531_01_symbols.txt ABSOLUTE
    arch_printf                              0x07f1cc9d   Thumb Code     0  da14531_01_symbols.txt ABSOLUTE
    arch_puts                                0x07f1ccb1   Thumb Code     0  da14531_01_symbols.txt ABSOLUTE
    arch_printf_process                      0x07f1ccc1   Thumb Code     0  da14531_01_symbols.txt ABSOLUTE
    nvds_get_func                            0x07f1cd6d   Thumb Code     0  da14531_01_symbols.txt ABSOLUTE
    nvds_init_func                           0x07f1ce49   Thumb Code     0  da14531_01_symbols.txt ABSOLUTE
    nvds_del_func                            0x07f1ce4d   Thumb Code     0  da14531_01_symbols.txt ABSOLUTE
    nvds_put_func                            0x07f1ce51   Thumb Code     0  da14531_01_symbols.txt ABSOLUTE
    init_pwr_and_clk_ble_part_start_ROM      0x07f1ce55   Thumb Code     0  da14531_01_symbols.txt ABSOLUTE
    init_pwr_and_clk_ble_part_xtal32k_ROM    0x07f1cea1   Thumb Code     0  da14531_01_symbols.txt ABSOLUTE
    init_pwr_and_clk_ble_part_rcx_ROM        0x07f1cee1   Thumb Code     0  da14531_01_symbols.txt ABSOLUTE
    init_pwr_and_clk_ble_part_end_ROM        0x07f1cf19   Thumb Code     0  da14531_01_symbols.txt ABSOLUTE
    calc_rcx_freq_ROM                        0x07f1cf4d   Thumb Code     0  da14531_01_symbols.txt ABSOLUTE
    calc_rcx_freq_stas_ROM                   0x07f1cf89   Thumb Code     0  da14531_01_symbols.txt ABSOLUTE
    check_sys_startup_period_ROM             0x07f1cfc9   Thumb Code     0  da14531_01_symbols.txt ABSOLUTE
    set_xtal32m_trim_value_ROM               0x07f1cff9   Thumb Code     0  da14531_01_symbols.txt ABSOLUTE
    csprng_seed                              0x07f1d0e1   Thumb Code     0  da14531_01_symbols.txt ABSOLUTE
    csprng_get_next_uint32                   0x07f1d111   Thumb Code     0  da14531_01_symbols.txt ABSOLUTE
    hash                                     0x07f1d1b9   Thumb Code     0  da14531_01_symbols.txt ABSOLUTE
    otp_cs_store_ROM                         0x07f1d205   Thumb Code     0  da14531_01_symbols.txt ABSOLUTE
    otp_cs_load_pd_rad_ROM                   0x07f1d4a1   Thumb Code     0  da14531_01_symbols.txt ABSOLUTE
    otp_cs_load_pd_adpll_ROM                 0x07f1d509   Thumb Code     0  da14531_01_symbols.txt ABSOLUTE
    syscntl_use_lowest_amba_clocks           0x07f1d585   Thumb Code     0  da14531_01_symbols.txt ABSOLUTE
    syscntl_use_highest_amba_clocks          0x07f1d59b   Thumb Code     0  da14531_01_symbols.txt ABSOLUTE
    syscntl_cfg_xtal32m_amp_reg              0x07f1d5b1   Thumb Code     0  da14531_01_symbols.txt ABSOLUTE
    syscntl_por_vbat_high_cfg                0x07f1d5c9   Thumb Code     0  da14531_01_symbols.txt ABSOLUTE
    syscntl_por_vbat_low_cfg                 0x07f1d5ed   Thumb Code     0  da14531_01_symbols.txt ABSOLUTE
    syscntl_dcdc_set_level                   0x07f1d615   Thumb Code     0  da14531_01_symbols.txt ABSOLUTE
    syscntl_dcdc_cfg                         0x07f1d63d   Thumb Code     0  da14531_01_symbols.txt ABSOLUTE
    syscntl_dcdc_get_level                   0x07f1d65d   Thumb Code     0  da14531_01_symbols.txt ABSOLUTE
    syscntl_dcdc_turn_off_ROM                0x07f1d675   Thumb Code     0  da14531_01_symbols.txt ABSOLUTE
    syscntl_dcdc_turn_on_in_boost_ROM        0x07f1d6c5   Thumb Code     0  da14531_01_symbols.txt ABSOLUTE
    syscntl_dcdc_turn_on_in_buck             0x07f1d721   Thumb Code     0  da14531_01_symbols.txt ABSOLUTE
    GPIO_SetPinFunction_ROM                  0x07f1d74d   Thumb Code     0  da14531_01_symbols.txt ABSOLUTE
    GPIO_GetPinFunction_ROM                  0x07f1d75d   Thumb Code     0  da14531_01_symbols.txt ABSOLUTE
    GPIO_SetInactive_ROM                     0x07f1d771   Thumb Code     0  da14531_01_symbols.txt ABSOLUTE
    GPIO_SetActive_ROM                       0x07f1d781   Thumb Code     0  da14531_01_symbols.txt ABSOLUTE
    GPIO_ConfigurePin_ROM                    0x07f1d791   Thumb Code     0  da14531_01_symbols.txt ABSOLUTE
    GPIO_ConfigurePinPower_ROM               0x07f1d7b5   Thumb Code     0  da14531_01_symbols.txt ABSOLUTE
    GPIO_GetPinStatus_ROM                    0x07f1d7cd   Thumb Code     0  da14531_01_symbols.txt ABSOLUTE
    GPIO_is_valid_da14531_qfn_ROM            0x07f1d7e5   Thumb Code     0  da14531_01_symbols.txt ABSOLUTE
    GPIO_is_valid_da14531_wlscp_ROM          0x07f1d7f1   Thumb Code     0  da14531_01_symbols.txt ABSOLUTE
    GPIO_EnableIRQ_ROM                       0x07f1d7fd   Thumb Code     0  da14531_01_symbols.txt ABSOLUTE
    GPIO_GetIRQInputLevel                    0x07f1d8f5   Thumb Code     0  da14531_01_symbols.txt ABSOLUTE
    GPIO_SetIRQInputLevel                    0x07f1d985   Thumb Code     0  da14531_01_symbols.txt ABSOLUTE
    GPIO_ResetIRQ                            0x07f1d9a9   Thumb Code     0  da14531_01_symbols.txt ABSOLUTE
    GPIO_EnablePorPin_ROM                    0x07f1d9cd   Thumb Code     0  da14531_01_symbols.txt ABSOLUTE
    GPIO_DisablePorPin                       0x07f1d9f1   Thumb Code     0  da14531_01_symbols.txt ABSOLUTE
    GPIO_SetPorTime                          0x07f1d9fd   Thumb Code     0  da14531_01_symbols.txt ABSOLUTE
    GPIO_GetPorTime                          0x07f1da0d   Thumb Code     0  da14531_01_symbols.txt ABSOLUTE
    wkupct_enable_irq_ROM                    0x07f1dabd   Thumb Code     0  da14531_01_symbols.txt ABSOLUTE
    wkupct2_enable_irq_ROM                   0x07f1db05   Thumb Code     0  da14531_01_symbols.txt ABSOLUTE
    wkupct_disable_irq                       0x07f1db4d   Thumb Code     0  da14531_01_symbols.txt ABSOLUTE
    wkupct2_disable_irq                      0x07f1db69   Thumb Code     0  da14531_01_symbols.txt ABSOLUTE
    quad_decoder_init                        0x07f1db85   Thumb Code     0  da14531_01_symbols.txt ABSOLUTE
    quad_decoder_disable_irq                 0x07f1dbc9   Thumb Code     0  da14531_01_symbols.txt ABSOLUTE
    quad_decoder_release                     0x07f1dbe1   Thumb Code     0  da14531_01_symbols.txt ABSOLUTE
    quad_decoder_enable_irq                  0x07f1dc01   Thumb Code     0  da14531_01_symbols.txt ABSOLUTE
    quad_decoder_clear_irq                   0x07f1dc31   Thumb Code     0  da14531_01_symbols.txt ABSOLUTE
    trng_acquire                             0x07f1dc81   Thumb Code     0  da14531_01_symbols.txt ABSOLUTE
    trng_acquire_v2                          0x07f1dcb1   Thumb Code     0  da14531_01_symbols.txt ABSOLUTE
    spi_slave_receive                        0x07f1dd89   Thumb Code     0  da14531_01_symbols.txt ABSOLUTE
    spi_slave_transfer                       0x07f1de39   Thumb Code     0  da14531_01_symbols.txt ABSOLUTE
    spi_master_receive                       0x07f1df25   Thumb Code     0  da14531_01_symbols.txt ABSOLUTE
    spi_set_speed                            0x07f1e061   Thumb Code     0  da14531_01_symbols.txt ABSOLUTE
    spi_enable                               0x07f1e08d   Thumb Code     0  da14531_01_symbols.txt ABSOLUTE
    spi_disable                              0x07f1e0b1   Thumb Code     0  da14531_01_symbols.txt ABSOLUTE
    spi_set_cp_mode                          0x07f1e0d5   Thumb Code     0  da14531_01_symbols.txt ABSOLUTE
    spi_set_bitmode                          0x07f1e0e9   Thumb Code     0  da14531_01_symbols.txt ABSOLUTE
    spi_initialize_ROM                       0x07f1e115   Thumb Code     0  da14531_01_symbols.txt ABSOLUTE
    spi_cs_high                              0x07f1e17d   Thumb Code     0  da14531_01_symbols.txt ABSOLUTE
    spi_access                               0x07f1e199   Thumb Code     0  da14531_01_symbols.txt ABSOLUTE
    spi_get_incr                             0x07f1e205   Thumb Code     0  da14531_01_symbols.txt ABSOLUTE
    spi_get_wsz                              0x07f1e219   Thumb Code     0  da14531_01_symbols.txt ABSOLUTE
    i2c_eeprom_release                       0x07f1e399   Thumb Code     0  da14531_01_symbols.txt ABSOLUTE
    i2c_write_last_byte                      0x07f1e3a1   Thumb Code     0  da14531_01_symbols.txt ABSOLUTE
    uart_enable                              0x07f1e3b1   Thumb Code     0  da14531_01_symbols.txt ABSOLUTE
    uart_disable                             0x07f1e3e5   Thumb Code     0  da14531_01_symbols.txt ABSOLUTE
    uart_write_byte                          0x07f1e44f   Thumb Code     0  da14531_01_symbols.txt ABSOLUTE
    uart_write_buffer                        0x07f1e45d   Thumb Code     0  da14531_01_symbols.txt ABSOLUTE
    uart_wait_tx_finish                      0x07f1e47b   Thumb Code     0  da14531_01_symbols.txt ABSOLUTE
    uart_read_byte                           0x07f1e487   Thumb Code     0  da14531_01_symbols.txt ABSOLUTE
    uart_read_buffer                         0x07f1e495   Thumb Code     0  da14531_01_symbols.txt ABSOLUTE
    uart_enable_flow_control                 0x07f1e4b1   Thumb Code     0  da14531_01_symbols.txt ABSOLUTE
    uart_disable_flow_control_ROM            0x07f1e4d5   Thumb Code     0  da14531_01_symbols.txt ABSOLUTE
    i2c_setup_slave                          0x07f1e535   Thumb Code     0  da14531_01_symbols.txt ABSOLUTE
    i2c_setup_master                         0x07f1e565   Thumb Code     0  da14531_01_symbols.txt ABSOLUTE
    i2c_init                                 0x07f1e5ad   Thumb Code     0  da14531_01_symbols.txt ABSOLUTE
    i2c_release                              0x07f1e679   Thumb Code     0  da14531_01_symbols.txt ABSOLUTE
    i2c_master_transmit_buffer_sync          0x07f1e69d   Thumb Code     0  da14531_01_symbols.txt ABSOLUTE
    i2c_master_receive_buffer_sync           0x07f1e715   Thumb Code     0  da14531_01_symbols.txt ABSOLUTE
    i2c_slave_receive_buffer_sync            0x07f1e78d   Thumb Code     0  da14531_01_symbols.txt ABSOLUTE
    i2c_slave_transmit_buffer_sync           0x07f1e7b5   Thumb Code     0  da14531_01_symbols.txt ABSOLUTE
    otpc_dcdc_cfg                            0x07f1e811   Thumb Code     0  da14531_01_symbols.txt ABSOLUTE
    hw_otpc_enter_mode                       0x07f1e845   Thumb Code     0  da14531_01_symbols.txt ABSOLUTE
    hw_otpc_set_speed                        0x07f1e899   Thumb Code     0  da14531_01_symbols.txt ABSOLUTE
    hw_otpc_init_ROM                         0x07f1e8b5   Thumb Code     0  da14531_01_symbols.txt ABSOLUTE
    hw_otpc_word_prog_and_verify             0x07f1e91d   Thumb Code     0  da14531_01_symbols.txt ABSOLUTE
    hw_otpc_word_read                        0x07f1e961   Thumb Code     0  da14531_01_symbols.txt ABSOLUTE
    hw_otpc_prog                             0x07f1e979   Thumb Code     0  da14531_01_symbols.txt ABSOLUTE
    hw_otpc_prog_and_verify                  0x07f1e9ad   Thumb Code     0  da14531_01_symbols.txt ABSOLUTE
    hw_otpc_read                             0x07f1e9e3   Thumb Code     0  da14531_01_symbols.txt ABSOLUTE
    hw_otpc_disable_ROM                      0x07f1ea0d   Thumb Code     0  da14531_01_symbols.txt ABSOLUTE
    adc_temp_sensor_enable                   0x07f1ead1   Thumb Code     0  da14531_01_symbols.txt ABSOLUTE
    adc_set_diff_input                       0x07f1eaed   Thumb Code     0  da14531_01_symbols.txt ABSOLUTE
    adc_set_se_input                         0x07f1eb01   Thumb Code     0  da14531_01_symbols.txt ABSOLUTE
    adc_enable                               0x07f1ec11   Thumb Code     0  da14531_01_symbols.txt ABSOLUTE
    adc_init_ROM                             0x07f1ec21   Thumb Code     0  da14531_01_symbols.txt ABSOLUTE
    adc_reset                                0x07f1ec65   Thumb Code     0  da14531_01_symbols.txt ABSOLUTE
    adc_input_shift_config                   0x07f1ecad   Thumb Code     0  da14531_01_symbols.txt ABSOLUTE
    adc_disable                              0x07f1ecd5   Thumb Code     0  da14531_01_symbols.txt ABSOLUTE
    adc_start                                0x07f1ece5   Thumb Code     0  da14531_01_symbols.txt ABSOLUTE
    adc_get_sample                           0x07f1ecf5   Thumb Code     0  da14531_01_symbols.txt ABSOLUTE
    adc_offset_calibrate_ROM                 0x07f1ed11   Thumb Code     0  da14531_01_symbols.txt ABSOLUTE
    adc_correct_sample_ROM                   0x07f1eded   Thumb Code     0  da14531_01_symbols.txt ABSOLUTE
    adc_get_temp_ROM                         0x07f1ee49   Thumb Code     0  da14531_01_symbols.txt ABSOLUTE
    adc_get_temp_async_ROM                   0x07f1ee6d   Thumb Code     0  da14531_01_symbols.txt ABSOLUTE
    BLE_WAKEUP_LP_Handler_ROM                0x07f1ef35   Thumb Code     0  da14531_01_symbols.txt ABSOLUTE
    rwble_isr_ROM                            0x07f1ef89   Thumb Code     0  da14531_01_symbols.txt ABSOLUTE
    rwip_sleep_part1_ROM                     0x07f1efb9   Thumb Code     0  da14531_01_symbols.txt ABSOLUTE
    rwip_sleep_part2_ROM                     0x07f1f025   Thumb Code     0  da14531_01_symbols.txt ABSOLUTE
    rwip_sleep_part3_ROM                     0x07f1f069   Thumb Code     0  da14531_01_symbols.txt ABSOLUTE
    set_recommended_settings_part1_ROM       0x07f1f0b9   Thumb Code     0  da14531_01_symbols.txt ABSOLUTE
    set_recommended_settings_part2_ROM       0x07f1f1ad   Thumb Code     0  da14531_01_symbols.txt ABSOLUTE
    dis_adpll_ROM                            0x07f1f2ad   Thumb Code     0  da14531_01_symbols.txt ABSOLUTE
    kdtc_cal_end_ROM                         0x07f1f2dd   Thumb Code     0  da14531_01_symbols.txt ABSOLUTE
    dis_kdtc_cal                             0x07f1f329   Thumb Code     0  da14531_01_symbols.txt ABSOLUTE
    en_hclk                                  0x07f1f339   Thumb Code     0  da14531_01_symbols.txt ABSOLUTE
    en_adpll_tx_ROM                          0x07f1f345   Thumb Code     0  da14531_01_symbols.txt ABSOLUTE
    dis_hclk                                 0x07f1f385   Thumb Code     0  da14531_01_symbols.txt ABSOLUTE
    en_kdtc_cal_mod0                         0x07f1f3a1   Thumb Code     0  da14531_01_symbols.txt ABSOLUTE
    en_kdtc_cal_mod1                         0x07f1f3bd   Thumb Code     0  da14531_01_symbols.txt ABSOLUTE
    kdtc_cal_init_ROM                        0x07f1f3c9   Thumb Code     0  da14531_01_symbols.txt ABSOLUTE
    kdtc_calibration                         0x07f1f42d   Thumb Code     0  da14531_01_symbols.txt ABSOLUTE
    rf_calibration                           0x07f1f56d   Thumb Code     0  da14531_01_symbols.txt ABSOLUTE
    rf_adplldig_ldo_on                       0x07f1f575   Thumb Code     0  da14531_01_symbols.txt ABSOLUTE
    rf_adplldig_txmod                        0x07f1f581   Thumb Code     0  da14531_01_symbols.txt ABSOLUTE
    rf_ldo_cont_mode_en                      0x07f1f591   Thumb Code     0  da14531_01_symbols.txt ABSOLUTE
    rf_adplldig_activate                     0x07f1f5e1   Thumb Code     0  da14531_01_symbols.txt ABSOLUTE
    rf_adplldig_deactivate                   0x07f1f60d   Thumb Code     0  da14531_01_symbols.txt ABSOLUTE
    rf_rssi_convert                          0x07f1f61d   Thumb Code     0  da14531_01_symbols.txt ABSOLUTE
    rf_sleep                                 0x07f1f641   Thumb Code     0  da14531_01_symbols.txt ABSOLUTE
    update_radiopwrupdn_pref_setting         0x07f1f65d   Thumb Code     0  da14531_01_symbols.txt ABSOLUTE
    rf_regs                                  0x07f1f685   Thumb Code     0  da14531_01_symbols.txt ABSOLUTE
    ble_update_arp_adpll_calib_vals_ROM      0x07f1f6c1   Thumb Code     0  da14531_01_symbols.txt ABSOLUTE
    ble_update_arp_adpll_div_val_ROM         0x07f1f6e1   Thumb Code     0  da14531_01_symbols.txt ABSOLUTE
    ble_update_arp_ROM                       0x07f1f701   Thumb Code     0  da14531_01_symbols.txt ABSOLUTE
    attm_svc_create_db_128                   0x07f1f75d   Thumb Code     0  da14531_01_symbols.txt ABSOLUTE
    prf_init_func                            0x07f1f969   Thumb Code     0  da14531_01_symbols.txt ABSOLUTE
    prf_add_profile_func                     0x07f1f9e9   Thumb Code     0  da14531_01_symbols.txt ABSOLUTE
    prf_cleanup_func                         0x07f1fac9   Thumb Code     0  da14531_01_symbols.txt ABSOLUTE
    prf_env_get                              0x07f1fb09   Thumb Code     0  da14531_01_symbols.txt ABSOLUTE
    prf_src_task_get                         0x07f1fb35   Thumb Code     0  da14531_01_symbols.txt ABSOLUTE
    prf_dst_task_get                         0x07f1fb45   Thumb Code     0  da14531_01_symbols.txt ABSOLUTE
    prf_get_id_from_task_func                0x07f1fb59   Thumb Code     0  da14531_01_symbols.txt ABSOLUTE
    prf_get_task_from_id_func                0x07f1fb91   Thumb Code     0  da14531_01_symbols.txt ABSOLUTE
    prf_reset_func                           0x07f1fbc9   Thumb Code     0  da14531_01_symbols.txt ABSOLUTE
    prf_itf_get                              0x07f1fc15   Thumb Code     0  da14531_01_symbols.txt ABSOLUTE
    prf_pack_char_pres_fmt                   0x07f1fc39   Thumb Code     0  da14531_01_symbols.txt ABSOLUTE
    prf_pack_date_time                       0x07f1fc57   Thumb Code     0  da14531_01_symbols.txt ABSOLUTE
    prf_unpack_date_time                     0x07f1fc77   Thumb Code     0  da14531_01_symbols.txt ABSOLUTE
    custs1_prf_itf_get                       0x07f1fe49   Thumb Code     0  da14531_01_symbols.txt ABSOLUTE
    custs1_init_ccc_values                   0x07f1fefb   Thumb Code     0  da14531_01_symbols.txt ABSOLUTE
    custs1_set_ccc_value                     0x07f1ff33   Thumb Code     0  da14531_01_symbols.txt ABSOLUTE
    gattc_cmp_evt_handler                    0x07f2002b   Thumb Code     0  da14531_01_symbols.txt ABSOLUTE
    custs1_val_set_req_handler               0x07f2003f   Thumb Code     0  da14531_01_symbols.txt ABSOLUTE
    custs1_val_ntf_req_handler               0x07f2005f   Thumb Code     0  da14531_01_symbols.txt ABSOLUTE
    custs1_val_ind_req_handler               0x07f200ad   Thumb Code     0  da14531_01_symbols.txt ABSOLUTE
    custs1_att_info_rsp_handler              0x07f200fb   Thumb Code     0  da14531_01_symbols.txt ABSOLUTE
    gattc_read_req_ind_handler               0x07f20137   Thumb Code     0  da14531_01_symbols.txt ABSOLUTE
    gattc_write_req_ind_handler              0x07f2020f   Thumb Code     0  da14531_01_symbols.txt ABSOLUTE
    gattc_att_info_req_ind_handler           0x07f2033d   Thumb Code     0  da14531_01_symbols.txt ABSOLUTE
    check_client_char_cfg                    0x07f203f9   Thumb Code     0  da14531_01_symbols.txt ABSOLUTE
    get_value_handle                         0x07f20423   Thumb Code     0  da14531_01_symbols.txt ABSOLUTE
    get_cfg_handle                           0x07f2046f   Thumb Code     0  da14531_01_symbols.txt ABSOLUTE
    custs1_get_att_handle                    0x07f204d1   Thumb Code     0  da14531_01_symbols.txt ABSOLUTE
    custs1_get_att_idx                       0x07f204ed   Thumb Code     0  da14531_01_symbols.txt ABSOLUTE
    suotar_prf_itf_get                       0x07f20851   Thumb Code     0  da14531_01_symbols.txt ABSOLUTE
    app_db_init_start                        0x07f20b41   Thumb Code     0  da14531_01_symbols.txt ABSOLUTE
    app_db_init                              0x07f20b5d   Thumb Code     0  da14531_01_symbols.txt ABSOLUTE
    app_easy_gap_confirm                     0x07f20b69   Thumb Code     0  da14531_01_symbols.txt ABSOLUTE
    append_device_name                       0x07f20b95   Thumb Code     0  da14531_01_symbols.txt ABSOLUTE
    app_easy_gap_update_adv_data             0x07f20bb9   Thumb Code     0  da14531_01_symbols.txt ABSOLUTE
    active_conidx_to_conhdl                  0x07f20c01   Thumb Code     0  da14531_01_symbols.txt ABSOLUTE
    active_conhdl_to_conidx                  0x07f20c25   Thumb Code     0  da14531_01_symbols.txt ABSOLUTE
    app_easy_gap_disconnect                  0x07f20c61   Thumb Code     0  da14531_01_symbols.txt ABSOLUTE
    app_easy_gap_advertise_stop              0x07f20c9d   Thumb Code     0  da14531_01_symbols.txt ABSOLUTE
    app_timer_set                            0x07f20cb9   Thumb Code     0  da14531_01_symbols.txt ABSOLUTE
    get_user_prf_srv_perm                    0x07f20d15   Thumb Code     0  da14531_01_symbols.txt ABSOLUTE
    app_set_prf_srv_perm                     0x07f20d3d   Thumb Code     0  da14531_01_symbols.txt ABSOLUTE
    prf_init_srv_perm                        0x07f20d6d   Thumb Code     0  da14531_01_symbols.txt ABSOLUTE
    app_gattc_svc_changed_cmd_send           0x07f20d91   Thumb Code     0  da14531_01_symbols.txt ABSOLUTE
    app_gap_process_handler                  0x07f211fd   Thumb Code     0  da14531_01_symbols.txt ABSOLUTE
    app_entry_point_handler                  0x07f21219   Thumb Code     0  da14531_01_symbols.txt ABSOLUTE
    app_std_process_event                    0x07f21261   Thumb Code     0  da14531_01_symbols.txt ABSOLUTE
    app_get_address_type                     0x07f212a5   Thumb Code     0  da14531_01_symbols.txt ABSOLUTE
    app_fill_random_byte_array               0x07f212df   Thumb Code     0  da14531_01_symbols.txt ABSOLUTE
    __aeabi_ldivmod                          0x07f2136b   Thumb Code     0  da14531_01_symbols.txt ABSOLUTE
    __aeabi_llsr                             0x07f213b7   Thumb Code     0  da14531_01_symbols.txt ABSOLUTE
    _ll_ushift_r                             0x07f213b7   Thumb Code     0  da14531_01_symbols.txt ABSOLUTE
    __aeabi_uldivmod                         0x07f213d9   Thumb Code     0  da14531_01_symbols.txt ABSOLUTE
    __ARM_clz                                0x07f216dd   Thumb Code     0  da14531_01_symbols.txt ABSOLUTE
    blank_otp_bdaddr                         0x07f21724   Data           0  da14531_01_symbols.txt ABSOLUTE
    gap_cfg_user_var_struct                  0x07f2172a   Data           0  da14531_01_symbols.txt ABSOLUTE
    arp_init_table                           0x07f217d0   Data           0  da14531_01_symbols.txt ABSOLUTE
    app_default_handler                      0x07f21bec   Data           0  da14531_01_symbols.txt ABSOLUTE
    __Vectors                                0x07fc0000   Data           4  startup_da14531.o(RESET)
    __Vectors_End                            0x07fc00a0   Data           0  startup_da14531.o(RESET)
    __main                                   0x07fc0111   Thumb Code     0  entry.o(.ARM.Collect$$$$00000000)
    _main_stk                                0x07fc0111   Thumb Code     0  entry2.o(.ARM.Collect$$$$00000001)
    _main_scatterload                        0x07fc0115   Thumb Code     0  entry5.o(.ARM.Collect$$$$00000004)
    __main_after_scatterload                 0x07fc0119   Thumb Code     0  entry5.o(.ARM.Collect$$$$00000004)
    _main_clock                              0x07fc0119   Thumb Code     0  entry7b.o(.ARM.Collect$$$$00000008)
    _main_cpp_init                           0x07fc0119   Thumb Code     0  entry8b.o(.ARM.Collect$$$$0000000A)
    _main_init                               0x07fc0119   Thumb Code     0  entry9a.o(.ARM.Collect$$$$0000000B)
    __rt_final_cpp                           0x07fc0121   Thumb Code     0  entry10a.o(.ARM.Collect$$$$0000000D)
    __rt_final_exit                          0x07fc0121   Thumb Code     0  entry11a.o(.ARM.Collect$$$$0000000F)
    Reset_Handler                            0x07fc0125   Thumb Code     8  startup_da14531.o(.text)
    SVC_Handler                              0x07fc015d   Thumb Code     2  startup_da14531.o(.text)
    PendSV_Handler                           0x07fc015f   Thumb Code     2  startup_da14531.o(.text)
    DMA_Handler                              0x07fc0163   Thumb Code     0  startup_da14531.o(.text)
    KEYBRD_Handler                           0x07fc0163   Thumb Code     0  startup_da14531.o(.text)
    RESERVED21_Handler                       0x07fc0163   Thumb Code     0  startup_da14531.o(.text)
    RESERVED22_Handler                       0x07fc0163   Thumb Code     0  startup_da14531.o(.text)
    RESERVED23_Handler                       0x07fc0163   Thumb Code     0  startup_da14531.o(.text)
    RFCAL_Handler                            0x07fc0163   Thumb Code     0  startup_da14531.o(.text)
    RTC_Handler                              0x07fc0163   Thumb Code     0  startup_da14531.o(.text)
    SPI_Handler                              0x07fc0163   Thumb Code     0  startup_da14531.o(.text)
    SWTIM1_Handler                           0x07fc0163   Thumb Code     0  startup_da14531.o(.text)
    SWTIM_Handler                            0x07fc0163   Thumb Code     0  startup_da14531.o(.text)
    XTAL32M_RDY_Handler                      0x07fc0163   Thumb Code     0  startup_da14531.o(.text)
    patch_data1                              0x07fc0175   Thumb Code     2  patch.o(.text)
    patch_data2                              0x07fc0177   Thumb Code     2  patch.o(.text)
    patch_global_vars_init                   0x07fc0179   Thumb Code     2  patch.o(.text)
    rf_ldo_calibration                       0x07fc04ed   Thumb Code    36  rf_ldo_calibration.o(.text)
    enable_rf_diag_irq                       0x07fc053d   Thumb Code    92  rf_diag.o(.text)
    arch_asm_delay_us                        0x07fc05a9   Thumb Code    32  arch_asm.o(.text)
    strlen                                   0x07fc05c9   Thumb Code    14  strlen.o(.text)
    __scatterload                            0x07fc05d9   Thumb Code    28  init.o(.text)
    __scatterload_rt2                        0x07fc05d9   Thumb Code     0  init.o(.text)
    ADC_Handler                              0x07fc05fd   Thumb Code     8  lto-llvm-fbdfb5.o(.text.ADC_Handler)
    BLE_RF_DIAG_Handler                      0x07fc0609   Thumb Code    44  lto-llvm-fbdfb5.o(.text.BLE_RF_DIAG_Handler)
    BLE_WAKEUP_LP_Handler                    0x07fc0639   Thumb Code    84  lto-llvm-fbdfb5.o(.text.BLE_WAKEUP_LP_Handler)
    GPIO0_Handler                            0x07fc0699   Thumb Code    10  lto-llvm-fbdfb5.o(.text.GPIO0_Handler)
    GPIO1_Handler                            0x07fc06a3   Thumb Code    10  lto-llvm-fbdfb5.o(.text.GPIO1_Handler)
    GPIO2_Handler                            0x07fc06ad   Thumb Code    10  lto-llvm-fbdfb5.o(.text.GPIO2_Handler)
    GPIO3_Handler                            0x07fc06b7   Thumb Code    10  lto-llvm-fbdfb5.o(.text.GPIO3_Handler)
    GPIO4_Handler                            0x07fc06c1   Thumb Code    10  lto-llvm-fbdfb5.o(.text.GPIO4_Handler)
    HardFault_HandlerC                       0x07fc06e1   Thumb Code   132  lto-llvm-fbdfb5.o(.text.HardFault_HandlerC)
    I2C_Handler                              0x07fc0769   Thumb Code    12  lto-llvm-fbdfb5.o(.text.I2C_Handler)
    NMI_HandlerC                             0x07fc0779   Thumb Code   164  lto-llvm-fbdfb5.o(.text.NMI_HandlerC)
    SysTick_Handler                          0x07fc083b   Thumb Code     2  lto-llvm-fbdfb5.o(.text.SysTick_Handler)
    UART2_Handler                            0x07fc083d   Thumb Code    96  lto-llvm-fbdfb5.o(.text.UART2_Handler)
    WKUP_QUADEC_Handler                      0x07fc08a1   Thumb Code   108  lto-llvm-fbdfb5.o(.text.WKUP_QUADEC_Handler)
    main                                     0x07fc175d   Thumb Code  1484  lto-llvm-fbdfb5.o(.text.main)
    rwble_isr                                0x07fc20a1   Thumb Code    44  lto-llvm-fbdfb5.o(.text.rwble_isr)
    __scatterload_copy                       0x07fc21a1   Thumb Code    14  handlers.o(i.__scatterload_copy)
    __scatterload_null                       0x07fc21af   Thumb Code     2  handlers.o(i.__scatterload_null)
    __scatterload_zeroinit                   0x07fc21b1   Thumb Code    14  handlers.o(i.__scatterload_zeroinit)
    SystemInit                               0x07fc21c1   Thumb Code    12  lto-llvm-fbdfb5.o(system_DA14xxx)
    Region$$Table$$Base                      0x07fc2d00   Number         0  anon$$obj.o(Region$$Table)
    Region$$Table$$Limit                     0x07fc2d20   Number         0  anon$$obj.o(Region$$Table)
    __initial_sp                             0x07fc3950   Data           0  startup_da14531.o(STACK)
    rf_ldo_calibrated_value                  0x07fc8d4a   Data           1  lto-llvm-fbdfb5.o(.bss.retention_mem_area0)
    rf_ldo_calibration_pending               0x07fc8d4b   Data           1  lto-llvm-fbdfb5.o(.bss.retention_mem_area0)
    Image$$RET_HEAP_DB$$Base                 0x07fc8e04   Number         0  anon$$obj.o ABSOLUTE
    dummy                                    0x07fc9c00   Data           0  da14531_01_symbols.txt ABSOLUTE
    ble_wakeup_executed                      0x07fcb900   Data           0  da14531_01_symbols.txt ABSOLUTE
    rf_in_sleep                              0x07fcb901   Data           0  da14531_01_symbols.txt ABSOLUTE
    custom_preinit                           0x07fcb904   Data           0  da14531_01_symbols.txt ABSOLUTE
    custom_postinit                          0x07fcb908   Data           0  da14531_01_symbols.txt ABSOLUTE
    custom_appinit                           0x07fcb90c   Data           0  da14531_01_symbols.txt ABSOLUTE
    custom_preloop                           0x07fcb910   Data           0  da14531_01_symbols.txt ABSOLUTE
    custom_preschedule                       0x07fcb914   Data           0  da14531_01_symbols.txt ABSOLUTE
    custom_postschedule                      0x07fcb918   Data           0  da14531_01_symbols.txt ABSOLUTE
    custom_postschedule_async                0x07fcb91c   Data           0  da14531_01_symbols.txt ABSOLUTE
    custom_presleepcheck                     0x07fcb920   Data           0  da14531_01_symbols.txt ABSOLUTE
    custom_appsleepset                       0x07fcb924   Data           0  da14531_01_symbols.txt ABSOLUTE
    custom_postsleepcheck                    0x07fcb928   Data           0  da14531_01_symbols.txt ABSOLUTE
    custom_presleepenter                     0x07fcb92c   Data           0  da14531_01_symbols.txt ABSOLUTE
    custom_postsleepexit                     0x07fcb930   Data           0  da14531_01_symbols.txt ABSOLUTE
    custom_prewakeup                         0x07fcb934   Data           0  da14531_01_symbols.txt ABSOLUTE
    custom_postwakeup                        0x07fcb938   Data           0  da14531_01_symbols.txt ABSOLUTE
    custom_preidlecheck                      0x07fcb93c   Data           0  da14531_01_symbols.txt ABSOLUTE
    custom_pti_set                           0x07fcb940   Data           0  da14531_01_symbols.txt ABSOLUTE
    REG_BLE_EM_TX_BUFFER_SIZE                0x07fcb944   Data           0  da14531_01_symbols.txt ABSOLUTE
    REG_BLE_EM_RX_BUFFER_SIZE                0x07fcb948   Data           0  da14531_01_symbols.txt ABSOLUTE
    _ble_base                                0x07fcb94c   Data           0  da14531_01_symbols.txt ABSOLUTE
    gap_cfg_user                             0x07fcb950   Data           0  da14531_01_symbols.txt ABSOLUTE
    rom_func_addr_table                      0x07fcb954   Data           0  da14531_01_symbols.txt ABSOLUTE
    rom_cfg_table                            0x07fcb958   Data           0  da14531_01_symbols.txt ABSOLUTE
    BLE_TX_DESC_DATA_USER                    0x07fcb95c   Data           0  da14531_01_symbols.txt ABSOLUTE
    BLE_TX_DESC_CNTL_USER                    0x07fcb960   Data           0  da14531_01_symbols.txt ABSOLUTE
    LLM_LE_ADV_DUMMY_IDX                     0x07fcb964   Data           0  da14531_01_symbols.txt ABSOLUTE
    LLM_LE_SCAN_CON_REQ_ADV_DIR_IDX          0x07fcb968   Data           0  da14531_01_symbols.txt ABSOLUTE
    LLM_LE_SCAN_RSP_IDX                      0x07fcb96c   Data           0  da14531_01_symbols.txt ABSOLUTE
    LLM_LE_ADV_IDX                           0x07fcb970   Data           0  da14531_01_symbols.txt ABSOLUTE
    length_exchange_needed                   0x07fcb974   Data           0  da14531_01_symbols.txt ABSOLUTE
    enh_con_cmp_cnt                          0x07fcb978   Data           0  da14531_01_symbols.txt ABSOLUTE
    lld_force_timeout_refresh                0x07fcb97c   Data           0  da14531_01_symbols.txt ABSOLUTE
    rx_pkt_cnt                               0x07fcb980   Data           0  da14531_01_symbols.txt ABSOLUTE
    rx_pkt_cnt_bad                           0x07fcb984   Data           0  da14531_01_symbols.txt ABSOLUTE
    rx_pkt_cnt_bad_scn                       0x07fcb988   Data           0  da14531_01_symbols.txt ABSOLUTE
    rx_pkt_cnt_bad_oth                       0x07fcb98c   Data           0  da14531_01_symbols.txt ABSOLUTE
    rx_pkt_cnt_bad_wo_sync_err               0x07fcb990   Data           0  da14531_01_symbols.txt ABSOLUTE
    rx_pkt_cnt_bad_con                       0x07fcb994   Data           0  da14531_01_symbols.txt ABSOLUTE
    connect_req_cnt                          0x07fcb998   Data           0  da14531_01_symbols.txt ABSOLUTE
    last_status                              0x07fcb99c   Data           0  da14531_01_symbols.txt ABSOLUTE
    llc_state                                0x07fcb9a0   Data           0  da14531_01_symbols.txt ABSOLUTE
    lld_sleep_env                            0x07fcb9a4   Data           0  da14531_01_symbols.txt ABSOLUTE
    lld_wlcoex_enable                        0x07fcb9a8   Data           0  da14531_01_symbols.txt ABSOLUTE
    set_adv_data_discard_old                 0x07fcb9a9   Data           0  da14531_01_symbols.txt ABSOLUTE
    llm_resolving_list_max                   0x07fcb9aa   Data           0  da14531_01_symbols.txt ABSOLUTE
    llm_local_le_feats                       0x07fcb9ab   Data           0  da14531_01_symbols.txt ABSOLUTE
    llm_local_le_states                      0x07fcb9b3   Data           0  da14531_01_symbols.txt ABSOLUTE
    llm_bt_env                               0x07fcb9bc   Data           0  da14531_01_symbols.txt ABSOLUTE
    tx_cnt_cntl_cnt                          0x07fcb9c4   Data           0  da14531_01_symbols.txt ABSOLUTE
    llm_state                                0x07fcb9c8   Data           0  da14531_01_symbols.txt ABSOLUTE
    delay_us_cnt                             0x07fcb9ca   Data           0  da14531_01_symbols.txt ABSOLUTE
    gtl_state                                0x07fcb9cc   Data           0  da14531_01_symbols.txt ABSOLUTE
    use_h4tl                                 0x07fcb9cd   Data           0  da14531_01_symbols.txt ABSOLUTE
    hci_cmd_desc_root_tab                    0x07fcb9d0   Data           0  da14531_01_symbols.txt ABSOLUTE
    gattc_state                              0x07fcba00   Data           0  da14531_01_symbols.txt ABSOLUTE
    gattm_state                              0x07fcba03   Data           0  da14531_01_symbols.txt ABSOLUTE
    l2cc_state                               0x07fcba04   Data           0  da14531_01_symbols.txt ABSOLUTE
    l2cm_env                                 0x07fcba08   Data           0  da14531_01_symbols.txt ABSOLUTE
    gapc_state                               0x07fcba0e   Data           0  da14531_01_symbols.txt ABSOLUTE
    gapm_state                               0x07fcba11   Data           0  da14531_01_symbols.txt ABSOLUTE
    whitelist_fix                            0x07fcba12   Data           0  da14531_01_symbols.txt ABSOLUTE
    ke_free_bad                              0x07fcba14   Data           0  da14531_01_symbols.txt ABSOLUTE
    DISABLE_KE_TASK_ALTERNATIVE_SAVED_QUEUE  0x07fcba18   Data           0  da14531_01_symbols.txt ABSOLUTE
    rwip_env                                 0x07fcba20   Data           0  da14531_01_symbols.txt ABSOLUTE
    _rand_state_ROM_DATA                     0x07fcba28   Data           0  da14531_01_symbols.txt ABSOLUTE
    custom_msg_handlers                      0x07fcba2c   Data           0  da14531_01_symbols.txt ABSOLUTE
    ble_reg_save                             0x07fcba30   Data           0  da14531_01_symbols.txt ABSOLUTE
    sleep_env                                0x07fcba80   Data           0  da14531_01_symbols.txt ABSOLUTE
    uart_env                                 0x07fcba84   Data           0  da14531_01_symbols.txt ABSOLUTE
    ke_mem_heaps_used                        0x07fcbaa8   Data           0  da14531_01_symbols.txt ABSOLUTE
    co_buf_env                               0x07fcbaac   Data           0  da14531_01_symbols.txt ABSOLUTE
    llc_env                                  0x07fcbb44   Data           0  da14531_01_symbols.txt ABSOLUTE
    lld_evt_env                              0x07fcbb50   Data           0  da14531_01_symbols.txt ABSOLUTE
    llm_le_env                               0x07fcbb7c   Data           0  da14531_01_symbols.txt ABSOLUTE
    llm_local_cmds                           0x07fcbc5c   Data           0  da14531_01_symbols.txt ABSOLUTE
    gtl_env                                  0x07fcbcdc   Data           0  da14531_01_symbols.txt ABSOLUTE
    hci_env                                  0x07fcbd24   Data           0  da14531_01_symbols.txt ABSOLUTE
    h4tl_env                                 0x07fcbd34   Data           0  da14531_01_symbols.txt ABSOLUTE
    gattc_env                                0x07fcbd4c   Data           0  da14531_01_symbols.txt ABSOLUTE
    gattm_env                                0x07fcbd58   Data           0  da14531_01_symbols.txt ABSOLUTE
    l2cc_env                                 0x07fcbd7c   Data           0  da14531_01_symbols.txt ABSOLUTE
    ecdh_key                                 0x07fcbd88   Data           0  da14531_01_symbols.txt ABSOLUTE
    gapc_env                                 0x07fcbde8   Data           0  da14531_01_symbols.txt ABSOLUTE
    gapm_env                                 0x07fcbdf4   Data           0  da14531_01_symbols.txt ABSOLUTE
    ke_env                                   0x07fcbe1c   Data           0  da14531_01_symbols.txt ABSOLUTE
    rwip_rf                                  0x07fcbf00   Data           0  da14531_01_symbols.txt ABSOLUTE



==============================================================================

Memory Map of the image

  Image Entry point : 0x07fc0111

  Load Region LR_IROM1 (Base: 0x07fc0000, Size: 0x000000a8, Max: 0x000000c0, ABSOLUTE)

    Execution Region ER_IROM1 (Exec base: 0x07fc0000, Load base: 0x07fc0000, Size: 0x000000a8, Max: 0x000000c0, ABSOLUTE)

    Exec Addr    Load Addr    Size         Type   Attr      Idx    E Section Name        Object

    0x07fc0000   0x07fc0000   0x000000a0   Data   RO            5    RESET               startup_da14531.o
    0x07fc00a0   0x07fc00a0   0x00000008   Data   RW          402    otp_cs_booter       lto-llvm-fbdfb5.o



  Load Region LR_IROM2 (Base: 0x07fc00c0, Size: 0x00000000, Max: 0x00000050, ABSOLUTE)

    Execution Region ER_IROM2 (Exec base: 0x07fc00c0, Load base: 0x07fc00c0, Size: 0x00000050, Max: 0x00000050, ABSOLUTE)

    Exec Addr    Load Addr    Size         Type   Attr      Idx    E Section Name        Object

    0x07fc00c0        -       0x00000050   Zero   RW            1    ER_IROM2.bss        anon$$obj.o



  Load Region LR_IROM3 (Base: 0x07fc0110, Size: 0x00002c10, Max: 0x00008ab0, ABSOLUTE)

    Execution Region ER_IROM3 (Exec base: 0x07fc0110, Load base: 0x07fc0110, Size: 0x00002c10, Max: 0x00008ab0, ABSOLUTE)

    Exec Addr    Load Addr    Size         Type   Attr      Idx    E Section Name        Object

    0x07fc0110   0x07fc0110   0x00000000   Code   RO          171  * .ARM.Collect$$$$00000000  mc_p.l(entry.o)
    0x07fc0110   0x07fc0110   0x00000004   Code   RO          174    .ARM.Collect$$$$00000001  mc_p.l(entry2.o)
    0x07fc0114   0x07fc0114   0x00000004   Code   RO          177    .ARM.Collect$$$$00000004  mc_p.l(entry5.o)
    0x07fc0118   0x07fc0118   0x00000000   Code   RO          179    .ARM.Collect$$$$00000008  mc_p.l(entry7b.o)
    0x07fc0118   0x07fc0118   0x00000000   Code   RO          181    .ARM.Collect$$$$0000000A  mc_p.l(entry8b.o)
    0x07fc0118   0x07fc0118   0x00000008   Code   RO          182    .ARM.Collect$$$$0000000B  mc_p.l(entry9a.o)
    0x07fc0120   0x07fc0120   0x00000000   Code   RO          184    .ARM.Collect$$$$0000000D  mc_p.l(entry10a.o)
    0x07fc0120   0x07fc0120   0x00000000   Code   RO          186    .ARM.Collect$$$$0000000F  mc_p.l(entry11a.o)
    0x07fc0120   0x07fc0120   0x00000004   Code   RO          175    .ARM.Collect$$$$00002712  mc_p.l(entry2.o)
    0x07fc0124   0x07fc0124   0x00000050   Code   RO            6    .text               startup_da14531.o
    0x07fc0174   0x07fc0174   0x00000006   Code   RO          160    .text               da14531_01.lib(patch.o)
    0x07fc017a   0x07fc017a   0x00000002   PAD
    0x07fc017c   0x07fc017c   0x000003c0   Code   RO          162    .text               da14531_01.lib(rf_ldo_calibration.o)
    0x07fc053c   0x07fc053c   0x0000006c   Code   RO          165    .text               da14531_01.lib(rf_diag.o)
    0x07fc05a8   0x07fc05a8   0x00000020   Code   RO          169    .text               da14531_01.lib(arch_asm.o)
    0x07fc05c8   0x07fc05c8   0x0000000e   Code   RO          172    .text               mc_p.l(strlen.o)
    0x07fc05d6   0x07fc05d6   0x00000002   PAD
    0x07fc05d8   0x07fc05d8   0x00000024   Code   RO          188    .text               mc_p.l(init.o)
    0x07fc05fc   0x07fc05fc   0x0000000c   Code   RO          239    .text.ADC_Handler   lto-llvm-fbdfb5.o
    0x07fc0608   0x07fc0608   0x00000030   Code   RO          269    .text.BLE_RF_DIAG_Handler  lto-llvm-fbdfb5.o
    0x07fc0638   0x07fc0638   0x00000060   Code   RO          265    .text.BLE_WAKEUP_LP_Handler  lto-llvm-fbdfb5.o
    0x07fc0698   0x07fc0698   0x0000000a   Code   RO          227    .text.GPIO0_Handler  lto-llvm-fbdfb5.o
    0x07fc06a2   0x07fc06a2   0x0000000a   Code   RO          229    .text.GPIO1_Handler  lto-llvm-fbdfb5.o
    0x07fc06ac   0x07fc06ac   0x0000000a   Code   RO          231    .text.GPIO2_Handler  lto-llvm-fbdfb5.o
    0x07fc06b6   0x07fc06b6   0x0000000a   Code   RO          233    .text.GPIO3_Handler  lto-llvm-fbdfb5.o
    0x07fc06c0   0x07fc06c0   0x0000000a   Code   RO          235    .text.GPIO4_Handler  lto-llvm-fbdfb5.o
    0x07fc06ca   0x07fc06ca   0x00000002   PAD
    0x07fc06cc   0x07fc06cc   0x00000014   Code   RO          225    .text.GPIOn_Handler  lto-llvm-fbdfb5.o
    0x07fc06e0   0x07fc06e0   0x00000088   Code   RO          193    .text.HardFault_HandlerC  lto-llvm-fbdfb5.o
    0x07fc0768   0x07fc0768   0x00000010   Code   RO          247    .text.I2C_Handler   lto-llvm-fbdfb5.o
    0x07fc0778   0x07fc0778   0x000000c0   Code   RO          195    .text.NMI_HandlerC  lto-llvm-fbdfb5.o
    0x07fc0838   0x07fc0838   0x00000002   Code   RO          281    .text.RADIOCNTL_Handler  lto-llvm-fbdfb5.o
    0x07fc083a   0x07fc083a   0x00000002   Code   RO          241    .text.SysTick_Handler  lto-llvm-fbdfb5.o
    0x07fc083c   0x07fc083c   0x00000064   Code   RO          243    .text.UART2_Handler  lto-llvm-fbdfb5.o
    0x07fc08a0   0x07fc08a0   0x0000007c   Code   RO          237    .text.WKUP_QUADEC_Handler  lto-llvm-fbdfb5.o
    0x07fc091c   0x07fc091c   0x00000034   Code   RO          377    .text.app_custs1_create_db  lto-llvm-fbdfb5.o
    0x07fc0950   0x07fc0950   0x0000001a   Code   RO          379    .text.app_custs1_process_handler  lto-llvm-fbdfb5.o
    0x07fc096a   0x07fc096a   0x00000002   PAD
    0x07fc096c   0x07fc096c   0x00000060   Code   RO          339    .text.app_db_init_next  lto-llvm-fbdfb5.o
    0x07fc09cc   0x07fc09cc   0x00000038   Code   RO          357    .text.app_diss_create_db  lto-llvm-fbdfb5.o
    0x07fc0a04   0x07fc0a04   0x00000020   Code   RO          359    .text.app_diss_process_handler  lto-llvm-fbdfb5.o
    0x07fc0a24   0x07fc0a24   0x00000058   Code   RO          343    .text.app_easy_gap_dev_configure  lto-llvm-fbdfb5.o
    0x07fc0a7c   0x07fc0a7c   0x00000068   Code   RO          341    .text.app_easy_gap_undirected_advertise_start  lto-llvm-fbdfb5.o
    0x07fc0ae4   0x07fc0ae4   0x00000054   Code   RO          365    .text.app_easy_security_tk_exch  lto-llvm-fbdfb5.o
    0x07fc0b38   0x07fc0b38   0x00000038   Code   RO          363    .text.app_msg_utils_api_process_handler  lto-llvm-fbdfb5.o
    0x07fc0b70   0x07fc0b70   0x00000020   Code   RO          345    .text.app_sec_process_handler  lto-llvm-fbdfb5.o
    0x07fc0b90   0x07fc0b90   0x00000160   Code   RO          369    .text.app_timer_api_process_handler  lto-llvm-fbdfb5.o
    0x07fc0cf0   0x07fc0cf0   0x00000018   Code   RO          209    .text.ba431_get_rand_func  lto-llvm-fbdfb5.o
    0x07fc0d08   0x07fc0d08   0x00000040   Code   RO          287    .text.ble_init_arp_func  lto-llvm-fbdfb5.o
    0x07fc0d48   0x07fc0d48   0x00000024   Code   RO          211    .text.calibrate_rcx20  lto-llvm-fbdfb5.o
    0x07fc0d6c   0x07fc0d6c   0x00000002   Code   RO          203    .text.crypto_init_func  lto-llvm-fbdfb5.o
    0x07fc0d6e   0x07fc0d6e   0x00000002   PAD
    0x07fc0d70   0x07fc0d70   0x00000078   Code   RO          311    .text.custs1_value_req_rsp_handler  lto-llvm-fbdfb5.o
    0x07fc0de8   0x07fc0de8   0x00000010   Code   RO          375    .text.custs_get_func_callbacks  lto-llvm-fbdfb5.o
    0x07fc0df8   0x07fc0df8   0x00000002   Code   RO          199    .text.dbg_init_func_empty  lto-llvm-fbdfb5.o
    0x07fc0dfa   0x07fc0dfa   0x00000002   Code   RO          201    .text.dbg_platform_reset_complete_func_empty  lto-llvm-fbdfb5.o
    0x07fc0dfc   0x07fc0dfc   0x0000002c   Code   RO          331    .text.default_app_generate_static_random_addr  lto-llvm-fbdfb5.o
    0x07fc0e28   0x07fc0e28   0x00000008   Code   RO          319    .text.default_app_on_db_init_complete  lto-llvm-fbdfb5.o
    0x07fc0e30   0x07fc0e30   0x0000000c   Code   RO          323    .text.default_app_on_get_dev_appearance  lto-llvm-fbdfb5.o
    0x07fc0e3c   0x07fc0e3c   0x00000014   Code   RO          321    .text.default_app_on_get_dev_name  lto-llvm-fbdfb5.o
    0x07fc0e50   0x07fc0e50   0x00000012   Code   RO          325    .text.default_app_on_get_dev_slv_pref_params  lto-llvm-fbdfb5.o
    0x07fc0e62   0x07fc0e62   0x00000002   PAD
    0x07fc0e64   0x07fc0e64   0x0000001c   Code   RO          315    .text.default_app_on_init  lto-llvm-fbdfb5.o
    0x07fc0e80   0x07fc0e80   0x0000007c   Code   RO          337    .text.default_app_on_ltk_exch  lto-llvm-fbdfb5.o
    0x07fc0efc   0x07fc0efc   0x00000048   Code   RO          333    .text.default_app_on_pairing_request  lto-llvm-fbdfb5.o
    0x07fc0f44   0x07fc0f44   0x00000010   Code   RO          317    .text.default_app_on_set_dev_config_complete  lto-llvm-fbdfb5.o
    0x07fc0f54   0x07fc0f54   0x0000003c   Code   RO          327    .text.default_app_on_set_dev_info  lto-llvm-fbdfb5.o
    0x07fc0f90   0x07fc0f90   0x00000050   Code   RO          335    .text.default_app_on_tk_exch  lto-llvm-fbdfb5.o
    0x07fc0fe0   0x07fc0fe0   0x0000000c   Code   RO          329    .text.default_app_update_params_request  lto-llvm-fbdfb5.o
    0x07fc0fec   0x07fc0fec   0x00000008   Code   RO          205    .text.dia_rand_func  lto-llvm-fbdfb5.o
    0x07fc0ff4   0x07fc0ff4   0x0000001a   Code   RO          207    .text.dia_srand_func  lto-llvm-fbdfb5.o
    0x07fc100e   0x07fc100e   0x00000002   Code   RO          297    .text.diss_cleanup  lto-llvm-fbdfb5.o
    0x07fc1010   0x07fc1010   0x00000002   Code   RO          295    .text.diss_create   lto-llvm-fbdfb5.o
    0x07fc1012   0x07fc1012   0x00000026   Code   RO          293    .text.diss_destroy  lto-llvm-fbdfb5.o
    0x07fc1038   0x07fc1038   0x00000028   Code   RO          301    .text.diss_handle_to_value  lto-llvm-fbdfb5.o
    0x07fc1060   0x07fc1060   0x000000d8   Code   RO          291    .text.diss_init     lto-llvm-fbdfb5.o
    0x07fc1138   0x07fc1138   0x00000008   Code   RO          299    .text.diss_prf_itf_get  lto-llvm-fbdfb5.o
    0x07fc1140   0x07fc1140   0x000000c4   Code   RO          305    .text.diss_set_value_req_handler  lto-llvm-fbdfb5.o
    0x07fc1204   0x07fc1204   0x00000098   Code   RO          309    .text.diss_value_cfm_handler  lto-llvm-fbdfb5.o
    0x07fc129c   0x07fc129c   0x000000b8   Code   RO          361    .text.diss_value_req_ind_handler  lto-llvm-fbdfb5.o
    0x07fc1354   0x07fc1354   0x0000002e   Code   RO          303    .text.diss_value_to_handle  lto-llvm-fbdfb5.o
    0x07fc1382   0x07fc1382   0x0000000c   Code   RO          259    .text.dlg_cscnt_isr  lto-llvm-fbdfb5.o
    0x07fc138e   0x07fc138e   0x00000004   Code   RO          261    .text.dlg_error_isr  lto-llvm-fbdfb5.o
    0x07fc1392   0x07fc1392   0x0000000e   Code   RO          253    .text.dlg_event_isr  lto-llvm-fbdfb5.o
    0x07fc13a0   0x07fc13a0   0x0000000a   Code   RO          255    .text.dlg_eventapfa_isr  lto-llvm-fbdfb5.o
    0x07fc13aa   0x07fc13aa   0x0000000c   Code   RO          249    .text.dlg_finetgtim_isr  lto-llvm-fbdfb5.o
    0x07fc13b6   0x07fc13b6   0x00000008   Code   RO          251    .text.dlg_rx_isr    lto-llvm-fbdfb5.o
    0x07fc13be   0x07fc13be   0x00000002   PAD
    0x07fc13c0   0x07fc13c0   0x00000020   Code   RO          257    .text.dlg_slp_isr   lto-llvm-fbdfb5.o
    0x07fc13e0   0x07fc13e0   0x000000f0   Code   RO          349    .text.gapc_bond_ind_handler  lto-llvm-fbdfb5.o
    0x07fc14d0   0x07fc14d0   0x00000064   Code   RO          347    .text.gapc_bond_req_ind_handler  lto-llvm-fbdfb5.o
    0x07fc1534   0x07fc1534   0x00000018   Code   RO          353    .text.gapc_encrypt_ind_handler  lto-llvm-fbdfb5.o
    0x07fc154c   0x07fc154c   0x00000004   Code   RO          351    .text.gapc_encrypt_req_ind_handler  lto-llvm-fbdfb5.o
    0x07fc1550   0x07fc1550   0x00000004   Code   RO          355    .text.gapm_addr_solved_ind_handler  lto-llvm-fbdfb5.o
    0x07fc1554   0x07fc1554   0x000000dc   Code   RO          307    .text.gattc_read_req_ind_handler.92  lto-llvm-fbdfb5.o
    0x07fc1630   0x07fc1630   0x00000038   Code   RO          263    .text.lld_sleep_compensate_func  lto-llvm-fbdfb5.o
    0x07fc1668   0x07fc1668   0x00000074   Code   RO          219    .text.lld_sleep_init_func  lto-llvm-fbdfb5.o
    0x07fc16dc   0x07fc16dc   0x00000028   Code   RO          213    .text.lld_sleep_lpcycles_2_us_rcx_func  lto-llvm-fbdfb5.o
    0x07fc1704   0x07fc1704   0x00000008   Code   RO          217    .text.lld_sleep_lpcycles_2_us_sel_func  lto-llvm-fbdfb5.o
    0x07fc170c   0x07fc170c   0x0000001c   Code   RO          215    .text.lld_sleep_us_2_lpcycles_sel_func  lto-llvm-fbdfb5.o
    0x07fc1728   0x07fc1728   0x00000034   Code   RO          367    .text.ltk_exch_create_msg  lto-llvm-fbdfb5.o
    0x07fc175c   0x07fc175c   0x0000074c   Code   RO          387    .text.main          lto-llvm-fbdfb5.o
    0x07fc1ea8   0x07fc1ea8   0x0000001c   Code   RO          223    .text.otp_cs_load_pd_adpll  lto-llvm-fbdfb5.o
    0x07fc1ec4   0x07fc1ec4   0x00000024   Code   RO          221    .text.otp_cs_load_pd_rad  lto-llvm-fbdfb5.o
    0x07fc1ee8   0x07fc1ee8   0x00000024   Code   RO          197    .text.platform_reset_func  lto-llvm-fbdfb5.o
    0x07fc1f0c   0x07fc1f0c   0x00000038   Code   RO          313    .text.prf_create_func  lto-llvm-fbdfb5.o
    0x07fc1f44   0x07fc1f44   0x00000002   Code   RO          283    .text.rf_force_agc_enable  lto-llvm-fbdfb5.o
    0x07fc1f46   0x07fc1f46   0x00000002   PAD
    0x07fc1f48   0x07fc1f48   0x000000cc   Code   RO          275    .text.rf_init_func  lto-llvm-fbdfb5.o
    0x07fc2014   0x07fc2014   0x00000004   Code   RO          271    .text.rf_reg_rd     lto-llvm-fbdfb5.o
    0x07fc2018   0x07fc2018   0x00000002   Code   RO          273    .text.rf_reg_wr     lto-llvm-fbdfb5.o
    0x07fc201a   0x07fc201a   0x00000002   PAD
    0x07fc201c   0x07fc201c   0x00000058   Code   RO          285    .text.rf_reinit_func  lto-llvm-fbdfb5.o
    0x07fc2074   0x07fc2074   0x00000002   Code   RO          279    .text.rf_reset      lto-llvm-fbdfb5.o
    0x07fc2076   0x07fc2076   0x00000002   PAD
    0x07fc2078   0x07fc2078   0x00000028   Code   RO          277    .text.rf_txpwr_dbm_get  lto-llvm-fbdfb5.o
    0x07fc20a0   0x07fc20a0   0x00000034   Code   RO          267    .text.rwble_isr     lto-llvm-fbdfb5.o
    0x07fc20d4   0x07fc20d4   0x00000028   Code   RO          289    .text.set_recommended_settings  lto-llvm-fbdfb5.o
    0x07fc20fc   0x07fc20fc   0x00000002   Code   RO          371    .text.timer_canceled_handler  lto-llvm-fbdfb5.o
    0x07fc20fe   0x07fc20fe   0x00000002   Code   RO          373    .text.timer_modified_handler  lto-llvm-fbdfb5.o
    0x07fc2100   0x07fc2100   0x00000010   Code   RO          245    .text.uart_rx_isr   lto-llvm-fbdfb5.o
    0x07fc2110   0x07fc2110   0x00000020   Code   RO          389    .text.uart_tx       lto-llvm-fbdfb5.o
    0x07fc2130   0x07fc2130   0x00000024   Code   RO          385    .text.user_catch_rest_hndl  lto-llvm-fbdfb5.o
    0x07fc2154   0x07fc2154   0x00000044   Code   RO          381    .text.user_on_connection  lto-llvm-fbdfb5.o
    0x07fc2198   0x07fc2198   0x00000008   Code   RO          383    .text.user_on_disconnect  lto-llvm-fbdfb5.o
    0x07fc21a0   0x07fc21a0   0x0000000e   Code   RO          460    i.__scatterload_copy  mc_p.l(handlers.o)
    0x07fc21ae   0x07fc21ae   0x00000002   Code   RO          461    i.__scatterload_null  mc_p.l(handlers.o)
    0x07fc21b0   0x07fc21b0   0x0000000e   Code   RO          462    i.__scatterload_zeroinit  mc_p.l(handlers.o)
    0x07fc21be   0x07fc21be   0x00000002   PAD
    0x07fc21c0   0x07fc21c0   0x00000010   Code   RO          191    system_DA14xxx      lto-llvm-fbdfb5.o
    0x07fc21d0   0x07fc21d0   0x00000010   Data   RO          434    .rodata.SVC1_ADC_VAL_1_UUID_128  lto-llvm-fbdfb5.o
    0x07fc21e0   0x07fc21e0   0x00000010   Data   RO          436    .rodata.SVC1_ADC_VAL_2_UUID_128  lto-llvm-fbdfb5.o
    0x07fc21f0   0x07fc21f0   0x00000010   Data   RO          437    .rodata.SVC1_BUTTON_STATE_UUID_128  lto-llvm-fbdfb5.o
    0x07fc2200   0x07fc2200   0x00000010   Data   RO          431    .rodata.SVC1_CTRL_POINT_UUID_128  lto-llvm-fbdfb5.o
    0x07fc2210   0x07fc2210   0x00000010   Data   RO          438    .rodata.SVC1_INDICATEABLE_UUID_128  lto-llvm-fbdfb5.o
    0x07fc2220   0x07fc2220   0x00000010   Data   RO          433    .rodata.SVC1_LED_STATE_UUID_128  lto-llvm-fbdfb5.o
    0x07fc2230   0x07fc2230   0x00000010   Data   RO          439    .rodata.SVC1_LONG_VALUE_UUID_128  lto-llvm-fbdfb5.o
    0x07fc2240   0x07fc2240   0x00000010   Data   RO          441    .rodata.SVC2_WRITE_VAL_1_UUID_128  lto-llvm-fbdfb5.o
    0x07fc2250   0x07fc2250   0x00000010   Data   RO          442    .rodata.SVC2_WRITE_VAL_2_UUID_128  lto-llvm-fbdfb5.o
    0x07fc2260   0x07fc2260   0x00000010   Data   RO          444    .rodata.SVC3_READ_VAL_1_UUID_128  lto-llvm-fbdfb5.o
    0x07fc2270   0x07fc2270   0x00000010   Data   RO          445    .rodata.SVC3_READ_VAL_2_UUID_128  lto-llvm-fbdfb5.o
    0x07fc2280   0x07fc2280   0x00000010   Data   RO          446    .rodata.SVC3_READ_VAL_3_UUID_128  lto-llvm-fbdfb5.o
    0x07fc2290   0x07fc2290   0x00000010   Data   RO          417    .rodata.TASK_DESC_APP  lto-llvm-fbdfb5.o
    0x07fc22a0   0x07fc22a0   0x00000008   Data   RO          419    .rodata.app_diss_process_handlers  lto-llvm-fbdfb5.o
    0x07fc22a8   0x07fc22a8   0x0000001c   Data   RO          421    .rodata.app_process_handlers  lto-llvm-fbdfb5.o
    0x07fc22c4   0x07fc22c4   0x00000028   Data   RO          418    .rodata.app_sec_process_handlers  lto-llvm-fbdfb5.o
    0x07fc22ec   0x07fc22ec   0x00000002   Data   RO          430    .rodata.att_decl_char  lto-llvm-fbdfb5.o
    0x07fc22ee   0x07fc22ee   0x00000002   Data   RO          428    .rodata.att_decl_svc  lto-llvm-fbdfb5.o
    0x07fc22f0   0x07fc22f0   0x00000002   Data   RO          435    .rodata.att_desc_cfg  lto-llvm-fbdfb5.o
    0x07fc22f2   0x07fc22f2   0x00000002   Data   RO          432    .rodata.att_desc_user_desc  lto-llvm-fbdfb5.o
    0x07fc22f4   0x07fc22f4   0x00000058   Data   RO          405    .rodata.ble_irq     lto-llvm-fbdfb5.o
    0x07fc234c   0x07fc234c   0x00000038   Data   RO          425    .rodata.cust_prf_funcs  lto-llvm-fbdfb5.o
    0x07fc2384   0x07fc2384   0x00000384   Data   RO          447    .rodata.custs1_att_db  lto-llvm-fbdfb5.o
    0x07fc2708   0x07fc2708   0x00000008   Data   RO          414    .rodata.custs1_default_handler  lto-llvm-fbdfb5.o
    0x07fc2710   0x07fc2710   0x00000048   Data   RO          411    .rodata.custs1_default_state  lto-llvm-fbdfb5.o
    0x07fc2758   0x07fc2758   0x00000004   Data   RO          426    .rodata.custs1_services  lto-llvm-fbdfb5.o
    0x07fc275c   0x07fc275c   0x00000001   Data   RO          427    .rodata.custs1_services_size  lto-llvm-fbdfb5.o
    0x07fc275d   0x07fc275d   0x00000010   Data   RO          429    .rodata.custs1_svc1  lto-llvm-fbdfb5.o
    0x07fc276d   0x07fc276d   0x00000010   Data   RO          440    .rodata.custs1_svc2  lto-llvm-fbdfb5.o
    0x07fc277d   0x07fc277d   0x00000010   Data   RO          443    .rodata.custs1_svc3  lto-llvm-fbdfb5.o
    0x07fc278d   0x07fc278d   0x00000003   PAD
    0x07fc2790   0x07fc2790   0x000000e4   Data   RO          406    .rodata.diss_att_db  lto-llvm-fbdfb5.o
    0x07fc2874   0x07fc2874   0x00000008   Data   RO          409    .rodata.diss_default_handler  lto-llvm-fbdfb5.o
    0x07fc287c   0x07fc287c   0x00000018   Data   RO          408    .rodata.diss_default_state  lto-llvm-fbdfb5.o
    0x07fc2894   0x07fc2894   0x00000010   Data   RO          407    .rodata.diss_itf    lto-llvm-fbdfb5.o
    0x07fc28a4   0x07fc28a4   0x00000008   Data   RO          401    .rodata.my_custom_msg_handlers  lto-llvm-fbdfb5.o
    0x07fc28ac   0x07fc28ac   0x0000000e   Data   RO          391    .rodata.nvds_data_storage  lto-llvm-fbdfb5.o
    0x07fc28ba   0x07fc28ba   0x00000010   Data   RO          448    .rodata.periph_init.i2c_cfg  lto-llvm-fbdfb5.o
    0x07fc28ca   0x07fc28ca   0x00000002   PAD
    0x07fc28cc   0x07fc28cc   0x00000018   Data   RO          415    .rodata.prf_funcs   lto-llvm-fbdfb5.o
    0x07fc28e4   0x07fc28e4   0x00000018   Data   RO          412    .rodata.prf_if      lto-llvm-fbdfb5.o
    0x07fc28fc   0x07fc28fc   0x00000020   Data   RO          423    .rodata.rom_app_task_cfg  lto-llvm-fbdfb5.o
    0x07fc291c   0x07fc291c   0x000000ec   Data   RO          398    .rodata.rom_cfg_table_var  lto-llvm-fbdfb5.o
    0x07fc2a08   0x07fc2a08   0x00000010   Data   RO          400    .rodata.rom_chacha20_cfg  lto-llvm-fbdfb5.o
    0x07fc2a18   0x07fc2a18   0x00000010   Data   RO          410    .rodata.rom_cust_prf_cfg  lto-llvm-fbdfb5.o
    0x07fc2a28   0x07fc2a28   0x00000178   Data   RO          397    .rodata.rom_func_addr_table_var  lto-llvm-fbdfb5.o
    0x07fc2ba0   0x07fc2ba0   0x00000008   Data   RO          396    .rodata.rom_nvds_cfg  lto-llvm-fbdfb5.o
    0x07fc2ba8   0x07fc2ba8   0x0000000c   Data   RO          413    .rodata.rom_prf_cfg  lto-llvm-fbdfb5.o
    0x07fc2bb4   0x07fc2bb4   0x000000b2   Data   RO          420    .rodata.str1.1      lto-llvm-fbdfb5.o
    0x07fc2c66   0x07fc2c66   0x00000002   PAD
    0x07fc2c68   0x07fc2c68   0x0000000f   Data   RO          416    .rodata.str1.4      lto-llvm-fbdfb5.o
    0x07fc2c77   0x07fc2c77   0x00000001   PAD
    0x07fc2c78   0x07fc2c78   0x00000080   Data   RO          422    .rodata.user_app_callbacks  lto-llvm-fbdfb5.o
    0x07fc2cf8   0x07fc2cf8   0x00000007   Data   RO          424    .rodata.user_security_conf  lto-llvm-fbdfb5.o
    0x07fc2cff   0x07fc2cff   0x00000001   PAD
    0x07fc2d00   0x07fc2d00   0x00000020   Data   RO          459    Region$$Table       anon$$obj.o


    Execution Region ER_PRODTEST (Exec base: 0x07fc2d20, Load base: 0x07fc2d20, Size: 0x00000000, Max: 0xffffffff, ABSOLUTE, UNINIT)

    **** No section assigned to this execution region ****


    Execution Region ER_ZI (Exec base: 0x07fc2d20, Load base: 0x07fc2d20, Size: 0x00000c30, Max: 0xffffffff, ABSOLUTE)

    Exec Addr    Load Addr    Size         Type   Attr      Idx    E Section Name        Object

    0x07fc2d20        -       0x00000510   Zero   RW          163    .bss                da14531_01.lib(rf_ldo_calibration.o)
    0x07fc3230        -       0x00000020   Zero   RW          450    .bss..L_MergedGlobals.188  lto-llvm-fbdfb5.o
    0x07fc3250        -       0x00000700   Zero   RW            3    STACK               startup_da14531.o


    Execution Region ER_NZI (Exec base: 0x07fc3950, Load base: 0x07fc2d20, Size: 0x0000040c, Max: 0xffffffff, ABSOLUTE, UNINIT)

    Exec Addr    Load Addr    Size         Type   Attr      Idx    E Section Name        Object

    0x07fc3950        -       0x0000040c   Zero   RW          392    .bss.heap_mem_area_not_ret  lto-llvm-fbdfb5.o


    Execution Region ER_STATEFUL_HIBERNATION (Exec base: 0x07fc3d5c, Load base: 0x07fc2d20, Size: 0x00000000, Max: 0xffffffff, ABSOLUTE, UNINIT)

    **** No section assigned to this execution region ****



  Load Region LR_RETAINED_RAM0 (Base: 0x07fc8bc0, Size: 0x00000000, Max: 0x00001440, ABSOLUTE)

    Execution Region RET_DATA_UNINIT (Exec base: 0x07fc8bc0, Load base: 0x07fc8bc0, Size: 0x00000000, Max: 0x00000000, ABSOLUTE, UNINIT)

    **** No section assigned to this execution region ****


    Execution Region RET_DATA (Exec base: 0x07fc8bc0, Load base: 0x07fc8bc0, Size: 0x00000244, Max: 0x00000800, ABSOLUTE)

    Exec Addr    Load Addr    Size         Type   Attr      Idx    E Section Name        Object

    0x07fc8bc0        -       0x00000244   Zero   RW          403    .bss.retention_mem_area0  lto-llvm-fbdfb5.o


    Execution Region RET_HEAP_DB (Exec base: 0x07fc8e04, Load base: 0x07fc8bc0, Size: 0x0000040c, Max: 0xffffffff, ABSOLUTE, UNINIT)

    Exec Addr    Load Addr    Size         Type   Attr      Idx    E Section Name        Object

    0x07fc8e04        -       0x0000040c   Zero   RW          394    .bss.heap_db_area   lto-llvm-fbdfb5.o


    Execution Region RET_HEAP_ENV (Exec base: 0x07fc9210, Load base: 0x07fc8bc0, Size: 0x00000270, Max: 0xffffffff, ABSOLUTE, UNINIT)

    Exec Addr    Load Addr    Size         Type   Attr      Idx    E Section Name        Object

    0x07fc9210        -       0x00000270   Zero   RW          393    .bss.heap_env_area  lto-llvm-fbdfb5.o


    Execution Region RET_HEAP_MSG (Exec base: 0x07fc9480, Load base: 0x07fc8bc0, Size: 0x0000057c, Max: 0xffffffff, ABSOLUTE, UNINIT)

    Exec Addr    Load Addr    Size         Type   Attr      Idx    E Section Name        Object

    0x07fc9480        -       0x0000057c   Zero   RW          395    .bss.heap_msg_area  lto-llvm-fbdfb5.o



  Load Region LR_FREE_AREA (Base: 0x07fca000, Size: 0x00000000, Max: 0x00001900, ABSOLUTE)

    Execution Region ER_FREE_AREA_AT_TX_CNTL_BUFFER (Exec base: 0x07fca884, Load base: 0x07fca000, Size: 0x00000000, Max: 0x000000de, ABSOLUTE)

    **** No section assigned to this execution region ****


    Execution Region ER_FREE_AREA_AT_TX_ADV_1_BUFFER (Exec base: 0x07fca988, Load base: 0x07fca000, Size: 0x00000000, Max: 0x000000e0, ABSOLUTE)

    **** No section assigned to this execution region ****


    Execution Region ER_FREE_AREA_AT_TX_ADV_2_BUFFER (Exec base: 0x07fcaa90, Load base: 0x07fca000, Size: 0x00000000, Max: 0x000000de, ABSOLUTE)

    **** No section assigned to this execution region ****


    Execution Region ER_FREE_AREA_AT_TX_ADV_3_BUFFER (Exec base: 0x07fcab94, Load base: 0x07fca000, Size: 0x00000000, Max: 0x000000e0, ABSOLUTE)

    **** No section assigned to this execution region ****


    Execution Region ER_FREE_AREA (Exec base: 0x07fcb4ac, Load base: 0x07fca000, Size: 0x00000000, Max: 0x000003f0, ABSOLUTE)

    **** No section assigned to this execution region ****



  Load Region LR_RETAINED_TRNG_STATE (Base: 0x07fcb89c, Size: 0x00000000, Max: 0x00000004, ABSOLUTE)

    Execution Region RET_DATA_UNINIT_TRNG_STATE (Exec base: 0x07fcb89c, Load base: 0x07fcb89c, Size: 0x00000004, Max: 0x00000004, ABSOLUTE, UNINIT)

    Exec Addr    Load Addr    Size         Type   Attr      Idx    E Section Name        Object

    0x07fcb89c        -       0x00000004   Zero   RW          404    .bss.trng_state     lto-llvm-fbdfb5.o



  Load Region LR_RETAINED_CHACHA_STATE (Base: 0x07fcb8a0, Size: 0x00000000, Max: 0x00000060, ABSOLUTE)

    Execution Region RET_DATA_UNINIT_CHACHA_STATE (Exec base: 0x07fcb8a0, Load base: 0x07fcb8a0, Size: 0x00000060, Max: 0x00000060, ABSOLUTE, UNINIT)

    Exec Addr    Load Addr    Size         Type   Attr      Idx    E Section Name        Object

    0x07fcb8a0        -       0x00000060   Zero   RW          399    .bss.chacha20_state  lto-llvm-fbdfb5.o


==============================================================================

Image component sizes


      Code (inc. data)   RO Data    RW Data    ZI Data      Debug   Object Name

      7076        996       2855          8       4812     146870   lto-llvm-fbdfb5.o
        80         16        160          0       1792        768   startup_da14531.o

    ----------------------------------------------------------------------
      7172       1012       3056          8       6684     147638   Object Totals
         0          0         32          0         80          0   (incl. Generated)
        16          0          9          0          0          0   (incl. Padding)

    ----------------------------------------------------------------------

      Code (inc. data)   RO Data    RW Data    ZI Data      Debug   Library Member Name

        32          0          0          0          0         68   arch_asm.o
         6          0          0          0          0         92   patch.o
       108         16          0          0          0         68   rf_diag.o
       960         44          0          0       1296        144   rf_ldo_calibration.o
         0          0          0          0          0          0   entry.o
         0          0          0          0          0          0   entry10a.o
         0          0          0          0          0          0   entry11a.o
         8          4          0          0          0          0   entry2.o
         4          0          0          0          0          0   entry5.o
         0          0          0          0          0          0   entry7b.o
         0          0          0          0          0          0   entry8b.o
         8          4          0          0          0          0   entry9a.o
        30          0          0          0          0          0   handlers.o
        36          8          0          0          0         68   init.o
        14          0          0          0          0         60   strlen.o

    ----------------------------------------------------------------------
      1212         76          0          0       1296        500   Library Totals
         6          0          0          0          0          0   (incl. Padding)

    ----------------------------------------------------------------------

      Code (inc. data)   RO Data    RW Data    ZI Data      Debug   Library Name

      1106         60          0          0       1296        372   da14531_01.lib
       100         16          0          0          0        128   mc_p.l

    ----------------------------------------------------------------------
      1212         76          0          0       1296        500   Library Totals

    ----------------------------------------------------------------------

==============================================================================


      Code (inc. data)   RO Data    RW Data    ZI Data      Debug   

      8384       1088       3056          8       7980     148238   Grand Totals
      8384       1088       3056          8       7980     148238   ELF Image Totals
      8384       1088       3056          8          0          0   ROM Totals

==============================================================================

    Total RO  Size (Code + RO Data)                11440 (  11.17kB)
    Total RW  Size (RW Data + ZI Data)              7988 (   7.80kB)
    Total ROM Size (Code + RO Data + RW Data)      11448 (  11.18kB)

==============================================================================

