<!doctype html public "-//w3c//dtd html 4.0 transitional//en">
<html><head>
<title>Static Call Graph - [.\out_DA14586\Objects\empty_peripheral_template_586.axf]</title></head>
<body><HR>
<H1>Static Call Graph for image .\out_DA14586\Objects\empty_peripheral_template_586.axf</H1><HR>
<BR><P>#&#060CALLGRAPH&#062# ARM Linker, 6190004: Last Updated: Wed Jan 24 15:56:03 2024
<BR><P>
<H3>Maximum Stack Usage =        184 bytes + Unknown(Cycles, Untraceable Function Pointers)</H3><H3>
Call chain for Maximum Stack Depth:</H3>
PK_PointMult_func
<P>
<H3>
Mutually Recursive functions
</H3> <LI><a href="#[3]">SVC_Handler</a>&nbsp;&nbsp;&nbsp;&rArr;&nbsp;&nbsp;&nbsp;<a href="#[3]">SVC_Handler</a><BR>
 <LI><a href="#[4]">PendSV_Handler</a>&nbsp;&nbsp;&nbsp;&rArr;&nbsp;&nbsp;&nbsp;<a href="#[4]">PendSV_Handler</a><BR>
 <LI><a href="#[e]">BLE_RF_DIAG_Handler</a>&nbsp;&nbsp;&nbsp;&rArr;&nbsp;&nbsp;&nbsp;<a href="#[e]">BLE_RF_DIAG_Handler</a><BR>
</UL>
<P>
<H3>
Function Pointers
</H3><UL>
 <LI><a href="#[c]">ADC_Handler</a> from lto-llvm-053317.o(.text.ADC_Handler) referenced from startup_da14585_586.o(RESET)
 <LI><a href="#[e]">BLE_RF_DIAG_Handler</a> from startup_da14585_586.o(.text) referenced from startup_da14585_586.o(RESET)
 <LI><a href="#[6]">BLE_WAKEUP_LP_Handler</a> from lto-llvm-053317.o(.text.BLE_WAKEUP_LP_Handler) referenced from startup_da14585_586.o(RESET)
 <LI><a href="#[d4]">DCoffsetCalibration_func</a> from da14585_symbols.txt(ABSOLUTE) referenced from lto-llvm-053317.o(.rodata.rom_func_addr_table_var)
 <LI><a href="#[1a]">DMA_Handler</a> from startup_da14585_586.o(.text) referenced from startup_da14585_586.o(RESET)
 <LI><a href="#[10]">GPIO0_Handler</a> from lto-llvm-053317.o(.text.GPIO0_Handler) referenced from startup_da14585_586.o(RESET)
 <LI><a href="#[11]">GPIO1_Handler</a> from lto-llvm-053317.o(.text.GPIO1_Handler) referenced from startup_da14585_586.o(RESET)
 <LI><a href="#[12]">GPIO2_Handler</a> from lto-llvm-053317.o(.text.GPIO2_Handler) referenced from startup_da14585_586.o(RESET)
 <LI><a href="#[13]">GPIO3_Handler</a> from lto-llvm-053317.o(.text.GPIO3_Handler) referenced from startup_da14585_586.o(RESET)
 <LI><a href="#[14]">GPIO4_Handler</a> from lto-llvm-053317.o(.text.GPIO4_Handler) referenced from startup_da14585_586.o(RESET)
 <LI><a href="#[2b]">GPIO_ConfigurePin</a> from lto-llvm-053317.o(.text.GPIO_ConfigurePin) referenced 2 times from lto-llvm-053317.o(.text.main)
 <LI><a href="#[2]">HardFault_Handler</a> from startup_da14585_586.o(.text) referenced from startup_da14585_586.o(RESET)
 <LI><a href="#[22]">HardFault_HandlerC</a> from lto-llvm-053317.o(.text.HardFault_HandlerC) referenced from startup_da14585_586.o(.text)
 <LI><a href="#[a]">I2C_Handler</a> from lto-llvm-053317.o(.text.I2C_Handler) referenced from startup_da14585_586.o(RESET)
 <LI><a href="#[c1]">JT_l2cc_pdu_recv_ind_handler_func</a> from patch.o(.text) referenced from lto-llvm-053317.o(.rodata.rom_func_addr_table_var)
 <LI><a href="#[be]">JT_l2cc_pdu_unpack_func</a> from patch.o(.text) referenced from lto-llvm-053317.o(.rodata.rom_func_addr_table_var)
 <LI><a href="#[cb]">JT_llc_le_length_effective_func</a> from patch.o(.text) referenced from lto-llvm-053317.o(.rodata.rom_func_addr_table_var)
 <LI><a href="#[d]">KEYBRD_Handler</a> from startup_da14585_586.o(.text) referenced from startup_da14585_586.o(RESET)
 <LI><a href="#[1]">NMI_Handler</a> from startup_da14585_586.o(.text) referenced from startup_da14585_586.o(RESET)
 <LI><a href="#[21]">NMI_HandlerC</a> from lto-llvm-053317.o(.text.NMI_HandlerC) referenced from startup_da14585_586.o(.text)
 <LI><a href="#[68]">PATCHED_atts_mtu_exc_req</a> from patch.o(.text) referenced from lto-llvm-053317.o(.rodata.patch_new_table)
 <LI><a href="#[71]">PATCHED_gapm_adv_sanity</a> from patch.o(.text) referenced from lto-llvm-053317.o(.rodata.patch_new_table)
 <LI><a href="#[6d]">PATCHED_gapm_get_ad_type_flag</a> from patch.o(.text) referenced from lto-llvm-053317.o(.rodata.patch_new_table)
 <LI><a href="#[64]">PATCHED_gapm_reset_cmd_handler</a> from patch.o(.text) referenced from lto-llvm-053317.o(.rodata.my_custom_msg_handlers)
 <LI><a href="#[62]">PATCHED_hci_acl_data_rx_handler</a> from patch.o(.text) referenced from lto-llvm-053317.o(.rodata.my_custom_msg_handlers)
 <LI><a href="#[65]">PATCHED_hci_command_handler</a> from patch.o(.text) referenced from lto-llvm-053317.o(.rodata.my_custom_msg_handlers)
 <LI><a href="#[76]">PATCHED_hci_le_ltk_request_evt_handler</a> from patch.o(.text) referenced from lto-llvm-053317.o(.rodata.patch_new_table)
 <LI><a href="#[67]">PATCHED_l2cc_data_send_rsp_handler</a> from patch.o(.text) referenced from lto-llvm-053317.o(.rodata.my_custom_msg_handlers)
 <LI><a href="#[72]">PATCHED_llc_ch_map_req_ind</a> from patch.o(.text) referenced from lto-llvm-053317.o(.rodata.patch_new_table)
 <LI><a href="#[66]">PATCHED_llc_data_ind_handler</a> from patch.o(.text) referenced from lto-llvm-053317.o(.rodata.my_custom_msg_handlers)
 <LI><a href="#[6e]">PATCHED_llc_util_gen_skdx</a> from patch.o(.text) referenced from lto-llvm-053317.o(.rodata.patch_new_table)
 <LI><a href="#[61]">PATCHED_llcp_length_req_handler</a> from patch.o(.text) referenced from lto-llvm-053317.o(.rodata.my_custom_msg_handlers)
 <LI><a href="#[63]">PATCHED_llcp_length_rsp_handler</a> from patch.o(.text) referenced from lto-llvm-053317.o(.rodata.my_custom_msg_handlers)
 <LI><a href="#[6f]">PATCHED_lld_evt_move_to_master</a> from patch.o(.text) referenced from lto-llvm-053317.o(.rodata.patch_new_table)
 <LI><a href="#[70]">PATCHED_llm_adv_report_set</a> from patch.o(.text) referenced from lto-llvm-053317.o(.rodata.patch_new_table)
 <LI><a href="#[73]">PATCHED_llm_con_req_ind</a> from patch.o(.text) referenced from lto-llvm-053317.o(.rodata.patch_new_table)
 <LI><a href="#[6b]">PATCHED_smpc_check_key_distrib</a> from patch.o(.text) referenced from lto-llvm-053317.o(.rodata.patch_new_table)
 <LI><a href="#[6c]">PATCHED_smpc_construct_id_addr_info_pdu</a> from patch.o(.text) referenced from lto-llvm-053317.o(.rodata.patch_new_table)
 <LI><a href="#[69]">PATCHED_smpc_dhkey_calc_start</a> from smpc_util.o(.text) referenced from lto-llvm-053317.o(.rodata.patch_new_table)
 <LI><a href="#[6a]">PATCHED_smpc_is_sec_mode_reached</a> from patch.o(.text) referenced from lto-llvm-053317.o(.rodata.patch_new_table)
 <LI><a href="#[77]">PATCHED_smpc_pdu_send</a> from patch.o(.text) referenced from lto-llvm-053317.o(.rodata.patch_new_table)
 <LI><a href="#[79]">PATCHED_smpc_recv_pair_fail_pdu</a> from patch.o(.text) referenced from lto-llvm-053317.o(.rodata.patch_new_table)
 <LI><a href="#[74]">PATCHED_smpc_recv_pair_rand_pdu</a> from patch.o(.text) referenced from lto-llvm-053317.o(.rodata.patch_new_table)
 <LI><a href="#[78]">PATCHED_smpc_recv_pair_req_pdu</a> from patch.o(.text) referenced from lto-llvm-053317.o(.rodata.patch_new_table)
 <LI><a href="#[75]">PATCHED_smpc_recv_public_key_exchange_pdu</a> from patch.o(.text) referenced from lto-llvm-053317.o(.rodata.patch_new_table)
 <LI><a href="#[17]">PCM_Handler</a> from startup_da14585_586.o(.text) referenced from startup_da14585_586.o(RESET)
 <LI><a href="#[c7]">PK_PointMult_func</a> from patch.o(.text) referenced from lto-llvm-053317.o(.rodata.rom_func_addr_table_var)
 <LI><a href="#[4]">PendSV_Handler</a> from startup_da14585_586.o(.text) referenced from startup_da14585_586.o(RESET)
 <LI><a href="#[d5]">PllLF_IFF_MIX_CapCalibration_func</a> from da14585_symbols.txt(ABSOLUTE) referenced from lto-llvm-053317.o(.rodata.rom_func_addr_table_var)
 <LI><a href="#[31]">RADIOCNTL_Handler</a> from lto-llvm-053317.o(.text.RADIOCNTL_Handler) referenced from lto-llvm-053317.o(.text.rf_init_func)
 <LI><a href="#[1b]">RESERVED21_Handler</a> from startup_da14585_586.o(.text) referenced from startup_da14585_586.o(RESET)
 <LI><a href="#[1c]">RESERVED22_Handler</a> from startup_da14585_586.o(.text) referenced from startup_da14585_586.o(RESET)
 <LI><a href="#[1d]">RESERVED23_Handler</a> from startup_da14585_586.o(.text) referenced from startup_da14585_586.o(RESET)
 <LI><a href="#[f]">RFCAL_Handler</a> from startup_da14585_586.o(.text) referenced from startup_da14585_586.o(RESET)
 <LI><a href="#[0]">Reset_Handler</a> from startup_da14585_586.o(.text) referenced from startup_da14585_586.o(RESET)
 <LI><a href="#[b]">SPI_Handler</a> from startup_da14585_586.o(.text) referenced from startup_da14585_586.o(RESET)
 <LI><a href="#[18]">SRCIN_Handler</a> from startup_da14585_586.o(.text) referenced from startup_da14585_586.o(RESET)
 <LI><a href="#[19]">SRCOUT_Handler</a> from startup_da14585_586.o(.text) referenced from startup_da14585_586.o(RESET)
 <LI><a href="#[3]">SVC_Handler</a> from startup_da14585_586.o(.text) referenced from startup_da14585_586.o(RESET)
 <LI><a href="#[15]">SWTIM_Handler</a> from startup_da14585_586.o(.text) referenced from startup_da14585_586.o(RESET)
 <LI><a href="#[5]">SysTick_Handler</a> from lto-llvm-053317.o(.text.SysTick_Handler) referenced from startup_da14585_586.o(RESET)
 <LI><a href="#[1f]">SystemInit</a> from lto-llvm-053317.o(system_DA14xxx) referenced from startup_da14585_586.o(.text)
 <LI><a href="#[9]">UART2_Handler</a> from lto-llvm-053317.o(.text.UART2_Handler) referenced from startup_da14585_586.o(RESET)
 <LI><a href="#[8]">UART_Handler</a> from da14585_symbols.txt(ABSOLUTE) referenced from startup_da14585_586.o(RESET)
 <LI><a href="#[92]">UART_Handler_func</a> from da14585_symbols.txt(ABSOLUTE) referenced from lto-llvm-053317.o(.rodata.rom_func_addr_table_var)
 <LI><a href="#[16]">WKUP_QUADEC_Handler</a> from lto-llvm-053317.o(.text.WKUP_QUADEC_Handler) referenced from startup_da14585_586.o(RESET)
 <LI><a href="#[20]">__main</a> from entry.o(.ARM.Collect$$$$00000000) referenced from startup_da14585_586.o(.text)
 <LI><a href="#[4c]">app_custs1_create_db</a> from lto-llvm-053317.o(.text.app_custs1_create_db) referenced from lto-llvm-053317.o(.rodata.cust_prf_funcs)
 <LI><a href="#[28]">app_custs1_process_handler</a> from lto-llvm-053317.o(.text.app_custs1_process_handler) referenced from lto-llvm-053317.o(.text.app_entry_point_handler)
 <LI><a href="#[89]">app_diss_create_db</a> from lto-llvm-053317.o(.text.app_diss_create_db) referenced from lto-llvm-053317.o(.rodata.prf_funcs)
 <LI><a href="#[27]">app_diss_process_handler</a> from lto-llvm-053317.o(.text.app_diss_process_handler) referenced from lto-llvm-053317.o(.text.app_entry_point_handler)
 <LI><a href="#[35]">app_entry_point_handler</a> from lto-llvm-053317.o(.text.app_entry_point_handler) referenced from lto-llvm-053317.o(.rodata.app_default_state)
 <LI><a href="#[23]">app_gap_process_handler</a> from lto-llvm-053317.o(.text.app_gap_process_handler) referenced from lto-llvm-053317.o(.text.app_entry_point_handler)
 <LI><a href="#[25]">app_msg_utils_api_process_handler</a> from lto-llvm-053317.o(.text.app_msg_utils_api_process_handler) referenced from lto-llvm-053317.o(.text.app_entry_point_handler)
 <LI><a href="#[26]">app_sec_process_handler</a> from lto-llvm-053317.o(.text.app_sec_process_handler) referenced from lto-llvm-053317.o(.text.app_entry_point_handler)
 <LI><a href="#[24]">app_timer_api_process_handler</a> from lto-llvm-053317.o(.text.app_timer_api_process_handler) referenced from lto-llvm-053317.o(.text.app_entry_point_handler)
 <LI><a href="#[c4]">attc_l2cc_pdu_recv_handler_func</a> from da14585_symbols.txt(ABSOLUTE) referenced from lto-llvm-053317.o(.rodata.rom_func_addr_table_var)
 <LI><a href="#[c3]">atts_l2cc_pdu_recv_handler_func</a> from da14585_symbols.txt(ABSOLUTE) referenced from lto-llvm-053317.o(.rodata.rom_func_addr_table_var)
 <LI><a href="#[7a]">atts_mtu_exc_req</a> from da14585_symbols.txt(ABSOLUTE) referenced from lto-llvm-053317.o(.rodata.patch_orig_table)
 <LI><a href="#[d2]">ba431_get_rand_func</a> from lto-llvm-053317.o(.text.ba431_get_rand_func) referenced from lto-llvm-053317.o(.rodata.rom_func_addr_table_var)
 <LI><a href="#[c5]">crypto_init_func</a> from lto-llvm-053317.o(.text.crypto_init_func) referenced from lto-llvm-053317.o(.rodata.rom_func_addr_table_var)
 <LI><a href="#[54]">custs1_att_info_rsp_handler</a> from lto-llvm-053317.o(.text.custs1_att_info_rsp_handler) referenced from lto-llvm-053317.o(.rodata.custs1_default_state)
 <LI><a href="#[59]">custs1_cleanup</a> from lto-llvm-053317.o(.text.custs1_cleanup) referenced from lto-llvm-053317.o(.rodata.custs1_itf)
 <LI><a href="#[58]">custs1_create</a> from lto-llvm-053317.o(.text.custs1_create) referenced from lto-llvm-053317.o(.rodata.custs1_itf)
 <LI><a href="#[57]">custs1_destroy</a> from lto-llvm-053317.o(.text.custs1_destroy) referenced from lto-llvm-053317.o(.rodata.custs1_itf)
 <LI><a href="#[56]">custs1_init</a> from lto-llvm-053317.o(.text.custs1_init) referenced from lto-llvm-053317.o(.rodata.custs1_itf)
 <LI><a href="#[53]">custs1_val_ind_req_handler</a> from lto-llvm-053317.o(.text.custs1_val_ind_req_handler) referenced from lto-llvm-053317.o(.rodata.custs1_default_state)
 <LI><a href="#[51]">custs1_val_ntf_req_handler</a> from lto-llvm-053317.o(.text.custs1_val_ntf_req_handler) referenced from lto-llvm-053317.o(.rodata.custs1_default_state)
 <LI><a href="#[52]">custs1_val_set_req_handler</a> from lto-llvm-053317.o(.text.custs1_val_set_req_handler) referenced from lto-llvm-053317.o(.rodata.custs1_default_state)
 <LI><a href="#[55]">custs1_value_req_rsp_handler</a> from lto-llvm-053317.o(.text.custs1_value_req_rsp_handler) referenced from lto-llvm-053317.o(.rodata.custs1_default_state)
 <LI><a href="#[ba]">dbg_init_func_empty</a> from lto-llvm-053317.o(.text.dbg_init_func_empty) referenced from lto-llvm-053317.o(.rodata.rom_func_addr_table_var)
 <LI><a href="#[bb]">dbg_platform_reset_complete_func_empty</a> from lto-llvm-053317.o(.text.dbg_platform_reset_complete_func_empty) referenced from lto-llvm-053317.o(.rodata.rom_func_addr_table_var)
 <LI><a href="#[d0]">dia_rand_func</a> from lto-llvm-053317.o(.text.dia_rand_func) referenced from lto-llvm-053317.o(.rodata.rom_func_addr_table_var)
 <LI><a href="#[d1]">dia_srand_func</a> from lto-llvm-053317.o(.text.dia_srand_func) referenced from lto-llvm-053317.o(.rodata.rom_func_addr_table_var)
 <LI><a href="#[60]">diss_cleanup</a> from lto-llvm-053317.o(.text.diss_cleanup) referenced from lto-llvm-053317.o(.rodata.diss_itf)
 <LI><a href="#[5f]">diss_create</a> from lto-llvm-053317.o(.text.diss_create) referenced from lto-llvm-053317.o(.rodata.diss_itf)
 <LI><a href="#[5e]">diss_destroy</a> from lto-llvm-053317.o(.text.diss_destroy) referenced from lto-llvm-053317.o(.rodata.diss_itf)
 <LI><a href="#[5d]">diss_init</a> from lto-llvm-053317.o(.text.diss_init) referenced from lto-llvm-053317.o(.rodata.diss_itf)
 <LI><a href="#[5a]">diss_set_value_req_handler</a> from lto-llvm-053317.o(.text.diss_set_value_req_handler) referenced from lto-llvm-053317.o(.rodata.diss_default_state)
 <LI><a href="#[5c]">diss_value_cfm_handler</a> from lto-llvm-053317.o(.text.diss_value_cfm_handler) referenced from lto-llvm-053317.o(.rodata.diss_default_state)
 <LI><a href="#[36]">diss_value_req_ind_handler</a> from lto-llvm-053317.o(.text.diss_value_req_ind_handler) referenced from lto-llvm-053317.o(.rodata.app_diss_process_handlers)
 <LI><a href="#[46]">gapc_bond_ind_handler</a> from lto-llvm-053317.o(.text.gapc_bond_ind_handler) referenced from lto-llvm-053317.o(.rodata.app_sec_process_handlers)
 <LI><a href="#[45]">gapc_bond_req_ind_handler</a> from lto-llvm-053317.o(.text.gapc_bond_req_ind_handler) referenced from lto-llvm-053317.o(.rodata.app_sec_process_handlers)
 <LI><a href="#[39]">gapc_cmp_evt_handler</a> from lto-llvm-053317.o(.text.gapc_cmp_evt_handler) referenced from lto-llvm-053317.o(.rodata.app_gap_process_handlers)
 <LI><a href="#[3a]">gapc_connection_req_ind_handler</a> from lto-llvm-053317.o(.text.gapc_connection_req_ind_handler) referenced from lto-llvm-053317.o(.rodata.app_gap_process_handlers)
 <LI><a href="#[3b]">gapc_disconnect_ind_handler</a> from lto-llvm-053317.o(.text.gapc_disconnect_ind_handler) referenced from lto-llvm-053317.o(.rodata.app_gap_process_handlers)
 <LI><a href="#[48]">gapc_encrypt_ind_handler</a> from lto-llvm-053317.o(.text.gapc_encrypt_ind_handler) referenced from lto-llvm-053317.o(.rodata.app_sec_process_handlers)
 <LI><a href="#[47]">gapc_encrypt_req_ind_handler</a> from lto-llvm-053317.o(.text.gapc_encrypt_req_ind_handler) referenced from lto-llvm-053317.o(.rodata.app_sec_process_handlers)
 <LI><a href="#[3c]">gapc_get_dev_info_req_ind_handler</a> from lto-llvm-053317.o(.text.gapc_get_dev_info_req_ind_handler) referenced from lto-llvm-053317.o(.rodata.app_gap_process_handlers)
 <LI><a href="#[41]">gapc_le_pkt_size_ind_handler</a> from lto-llvm-053317.o(.text.gapc_le_pkt_size_ind_handler) referenced from lto-llvm-053317.o(.rodata.app_gap_process_handlers)
 <LI><a href="#[c2]">gapc_lecb_connect_cfm_handler_func</a> from da14585_symbols.txt(ABSOLUTE) referenced from lto-llvm-053317.o(.rodata.rom_func_addr_table_var)
 <LI><a href="#[40]">gapc_param_update_req_ind_handler</a> from lto-llvm-053317.o(.text.gapc_param_update_req_ind_handler) referenced from lto-llvm-053317.o(.rodata.app_gap_process_handlers)
 <LI><a href="#[43]">gapc_peer_features_ind_handler</a> from lto-llvm-053317.o(.text.gapc_peer_features_ind_handler) referenced from lto-llvm-053317.o(.rodata.app_gap_process_handlers)
 <LI><a href="#[44]">gapc_security_ind_handler</a> from lto-llvm-053317.o(.text.gapc_security_ind_handler) referenced from lto-llvm-053317.o(.rodata.app_gap_process_handlers)
 <LI><a href="#[3d]">gapc_set_dev_info_req_ind_handler</a> from lto-llvm-053317.o(.text.gapc_set_dev_info_req_ind_handler) referenced from lto-llvm-053317.o(.rodata.app_gap_process_handlers)
 <LI><a href="#[49]">gapm_addr_solved_ind_handler</a> from lto-llvm-053317.o(.text.gapm_addr_solved_ind_handler) referenced from lto-llvm-053317.o(.rodata.app_sec_process_handlers)
 <LI><a href="#[3f]">gapm_adv_report_ind_handler</a> from lto-llvm-053317.o(.text.gapm_adv_report_ind_handler) referenced from lto-llvm-053317.o(.rodata.app_gap_process_handlers)
 <LI><a href="#[83]">gapm_adv_sanity</a> from da14585_symbols.txt(ABSOLUTE) referenced from lto-llvm-053317.o(.rodata.patch_orig_table)
 <LI><a href="#[38]">gapm_cmp_evt_handler</a> from lto-llvm-053317.o(.text.gapm_cmp_evt_handler) referenced from lto-llvm-053317.o(.rodata.app_gap_process_handlers)
 <LI><a href="#[37]">gapm_device_ready_ind_handler</a> from lto-llvm-053317.o(.text.gapm_device_ready_ind_handler) referenced from lto-llvm-053317.o(.rodata.app_gap_process_handlers)
 <LI><a href="#[7f]">gapm_get_ad_type_flag</a> from da14585_symbols.txt(ABSOLUTE) referenced from lto-llvm-053317.o(.rodata.patch_orig_table)
 <LI><a href="#[3e]">gapm_profile_added_ind_handler</a> from lto-llvm-053317.o(.text.gapm_profile_added_ind_handler) referenced from lto-llvm-053317.o(.rodata.app_gap_process_handlers)
 <LI><a href="#[4b]">gapm_ral_addr_ind_handler</a> from lto-llvm-053317.o(.text.gapm_ral_addr_ind_handler) referenced from lto-llvm-053317.o(.rodata.app_sec_process_handlers)
 <LI><a href="#[4a]">gapm_ral_size_ind_handler</a> from lto-llvm-053317.o(.text.gapm_ral_size_ind_handler) referenced from lto-llvm-053317.o(.rodata.app_sec_process_handlers)
 <LI><a href="#[4f]">gattc_att_info_req_ind_handler</a> from lto-llvm-053317.o(.text.gattc_att_info_req_ind_handler) referenced from lto-llvm-053317.o(.rodata.custs1_default_state)
 <LI><a href="#[50]">gattc_cmp_evt_handler</a> from lto-llvm-053317.o(.text.gattc_cmp_evt_handler) referenced from lto-llvm-053317.o(.rodata.custs1_default_state)
 <LI><a href="#[5b]">gattc_read_req_ind_handler</a> from lto-llvm-053317.o(.text.gattc_read_req_ind_handler) referenced from lto-llvm-053317.o(.rodata.diss_default_state)
 <LI><a href="#[4d]">gattc_read_req_ind_handler.61</a> from lto-llvm-053317.o(.text.gattc_read_req_ind_handler.61) referenced from lto-llvm-053317.o(.rodata.custs1_default_state)
 <LI><a href="#[42]">gattc_svc_changed_cfg_ind_handler</a> from lto-llvm-053317.o(.text.gattc_svc_changed_cfg_ind_handler) referenced from lto-llvm-053317.o(.rodata.app_gap_process_handlers)
 <LI><a href="#[4e]">gattc_write_req_ind_handler</a> from lto-llvm-053317.o(.text.gattc_write_req_ind_handler) referenced from lto-llvm-053317.o(.rodata.custs1_default_state)
 <LI><a href="#[94]">gtl_eif_init_func</a> from da14585_symbols.txt(ABSOLUTE) referenced from lto-llvm-053317.o(.rodata.rom_func_addr_table_var)
 <LI><a href="#[96]">gtl_eif_read_hdr_func</a> from da14585_symbols.txt(ABSOLUTE) referenced from lto-llvm-053317.o(.rodata.rom_func_addr_table_var)
 <LI><a href="#[97]">gtl_eif_read_payl_func</a> from da14585_symbols.txt(ABSOLUTE) referenced from lto-llvm-053317.o(.rodata.rom_func_addr_table_var)
 <LI><a href="#[95]">gtl_eif_read_start_func</a> from da14585_symbols.txt(ABSOLUTE) referenced from lto-llvm-053317.o(.rodata.rom_func_addr_table_var)
 <LI><a href="#[99]">gtl_eif_rx_done_func</a> from da14585_symbols.txt(ABSOLUTE) referenced from lto-llvm-053317.o(.rodata.rom_func_addr_table_var)
 <LI><a href="#[98]">gtl_eif_tx_done_func</a> from da14585_symbols.txt(ABSOLUTE) referenced from lto-llvm-053317.o(.rodata.rom_func_addr_table_var)
 <LI><a href="#[93]">gtl_init_func</a> from da14585_symbols.txt(ABSOLUTE) referenced from lto-llvm-053317.o(.rodata.rom_func_addr_table_var)
 <LI><a href="#[9a]">h4tl_init_func</a> from da14585_symbols.txt(ABSOLUTE) referenced from lto-llvm-053317.o(.rodata.rom_func_addr_table_var)
 <LI><a href="#[9f]">h4tl_out_of_sync_func</a> from da14585_symbols.txt(ABSOLUTE) referenced from lto-llvm-053317.o(.rodata.rom_func_addr_table_var)
 <LI><a href="#[9c]">h4tl_read_hdr_func</a> from da14585_symbols.txt(ABSOLUTE) referenced from lto-llvm-053317.o(.rodata.rom_func_addr_table_var)
 <LI><a href="#[9e]">h4tl_read_next_out_of_sync_func</a> from da14585_symbols.txt(ABSOLUTE) referenced from lto-llvm-053317.o(.rodata.rom_func_addr_table_var)
 <LI><a href="#[9d]">h4tl_read_payl_func</a> from da14585_symbols.txt(ABSOLUTE) referenced from lto-llvm-053317.o(.rodata.rom_func_addr_table_var)
 <LI><a href="#[9b]">h4tl_read_start_func</a> from da14585_symbols.txt(ABSOLUTE) referenced from lto-llvm-053317.o(.rodata.rom_func_addr_table_var)
 <LI><a href="#[a1]">h4tl_rx_done_func</a> from da14585_symbols.txt(ABSOLUTE) referenced from lto-llvm-053317.o(.rodata.rom_func_addr_table_var)
 <LI><a href="#[a0]">h4tl_tx_done_func</a> from da14585_symbols.txt(ABSOLUTE) referenced from lto-llvm-053317.o(.rodata.rom_func_addr_table_var)
 <LI><a href="#[bc]">hci_rd_local_supp_feats_cmd_handler_func</a> from da14585_symbols.txt(ABSOLUTE) referenced from lto-llvm-053317.o(.rodata.rom_func_addr_table_var)
 <LI><a href="#[a2]">ke_task_init_func</a> from da14585_symbols.txt(ABSOLUTE) referenced from lto-llvm-053317.o(.rodata.rom_func_addr_table_var)
 <LI><a href="#[a3]">ke_timer_init_func</a> from da14585_symbols.txt(ABSOLUTE) referenced from lto-llvm-053317.o(.rodata.rom_func_addr_table_var)
 <LI><a href="#[c0]">l2c_process_sdu_func</a> from da14585_symbols.txt(ABSOLUTE) referenced from lto-llvm-053317.o(.rodata.rom_func_addr_table_var)
 <LI><a href="#[bf]">l2c_send_lecb_message_func</a> from da14585_symbols.txt(ABSOLUTE) referenced from lto-llvm-053317.o(.rodata.rom_func_addr_table_var)
 <LI><a href="#[bd]">l2cc_pdu_pack_func</a> from da14585_symbols.txt(ABSOLUTE) referenced from lto-llvm-053317.o(.rodata.rom_func_addr_table_var)
 <LI><a href="#[84]">llc_ch_map_req_ind</a> from da14585_symbols.txt(ABSOLUTE) referenced from lto-llvm-053317.o(.rodata.patch_orig_table)
 <LI><a href="#[cc]">llc_le_length_conn_init_func</a> from da14585_symbols.txt(ABSOLUTE) referenced from lto-llvm-053317.o(.rodata.rom_func_addr_table_var)
 <LI><a href="#[cf]">llc_pdu_send_func</a> from da14585_symbols.txt(ABSOLUTE) referenced from lto-llvm-053317.o(.rodata.rom_func_addr_table_var)
 <LI><a href="#[80]">llc_util_gen_skdx</a> from da14585_symbols.txt(ABSOLUTE) referenced from lto-llvm-053317.o(.rodata.patch_orig_table)
 <LI><a href="#[ce]">lld_data_tx_check_func</a> from da14585_symbols.txt(ABSOLUTE) referenced from lto-llvm-053317.o(.rodata.rom_func_addr_table_var)
 <LI><a href="#[cd]">lld_data_tx_prog_func</a> from da14585_symbols.txt(ABSOLUTE) referenced from lto-llvm-053317.o(.rodata.rom_func_addr_table_var)
 <LI><a href="#[81]">lld_evt_move_to_master</a> from da14585_symbols.txt(ABSOLUTE) referenced from lto-llvm-053317.o(.rodata.patch_orig_table)
 <LI><a href="#[ab]">lld_sleep_compensate_func</a> from lto-llvm-053317.o(.text.lld_sleep_compensate_func) referenced from lto-llvm-053317.o(.rodata.rom_func_addr_table_var)
 <LI><a href="#[ac]">lld_sleep_init_func</a> from lto-llvm-053317.o(.text.lld_sleep_init_func) referenced from lto-llvm-053317.o(.rodata.rom_func_addr_table_var)
 <LI><a href="#[ae]">lld_sleep_lpcycles_2_us_sel_func</a> from lto-llvm-053317.o(.text.lld_sleep_lpcycles_2_us_sel_func) referenced from lto-llvm-053317.o(.rodata.rom_func_addr_table_var)
 <LI><a href="#[ad]">lld_sleep_us_2_lpcycles_sel_func</a> from lto-llvm-053317.o(.text.lld_sleep_us_2_lpcycles_sel_func) referenced from lto-llvm-053317.o(.rodata.rom_func_addr_table_var)
 <LI><a href="#[b1]">lld_test_mode_rx_func</a> from da14585_symbols.txt(ABSOLUTE) referenced from lto-llvm-053317.o(.rodata.rom_func_addr_table_var)
 <LI><a href="#[b0]">lld_test_mode_tx_func</a> from da14585_symbols.txt(ABSOLUTE) referenced from lto-llvm-053317.o(.rodata.rom_func_addr_table_var)
 <LI><a href="#[af]">lld_test_stop_func</a> from da14585_symbols.txt(ABSOLUTE) referenced from lto-llvm-053317.o(.rodata.rom_func_addr_table_var)
 <LI><a href="#[82]">llm_adv_report_set</a> from da14585_symbols.txt(ABSOLUTE) referenced from lto-llvm-053317.o(.rodata.patch_orig_table)
 <LI><a href="#[85]">llm_con_req_ind</a> from da14585_symbols.txt(ABSOLUTE) referenced from lto-llvm-053317.o(.rodata.patch_orig_table)
 <LI><a href="#[c9]">llm_create_p256_key_func</a> from patch.o(.text) referenced from lto-llvm-053317.o(.rodata.rom_func_addr_table_var)
 <LI><a href="#[a4]">llm_encryption_done_func</a> from da14585_symbols.txt(ABSOLUTE) referenced from lto-llvm-053317.o(.rodata.rom_func_addr_table_var)
 <LI><a href="#[c6]">llm_le_adv_report_ind_func</a> from da14585_symbols.txt(ABSOLUTE) referenced from lto-llvm-053317.o(.rodata.rom_func_addr_table_var)
 <LI><a href="#[ca]">llm_p256_req_handler_func</a> from patch.o(.text) referenced from lto-llvm-053317.o(.rodata.rom_func_addr_table_var)
 <LI><a href="#[c8]">llm_p256_start_func</a> from da14585_symbols.txt(ABSOLUTE) referenced from lto-llvm-053317.o(.rodata.rom_func_addr_table_var)
 <LI><a href="#[1e]">main</a> from lto-llvm-053317.o(.text.main) referenced from entry9a.o(.ARM.Collect$$$$0000000B)
 <LI><a href="#[d3]">modulationGainCalibration_func</a> from da14585_symbols.txt(ABSOLUTE) referenced from lto-llvm-053317.o(.rodata.rom_func_addr_table_var)
 <LI><a href="#[a7]">nvds_del_func</a> from lto-llvm-053317.o(.text.nvds_del_func) referenced from lto-llvm-053317.o(.rodata.rom_func_addr_table_var)
 <LI><a href="#[a5]">nvds_get_func</a> from lto-llvm-053317.o(.text.nvds_get_func) referenced from lto-llvm-053317.o(.rodata.rom_func_addr_table_var)
 <LI><a href="#[a8]">nvds_init_func</a> from lto-llvm-053317.o(.text.nvds_init_func) referenced from lto-llvm-053317.o(.rodata.rom_func_addr_table_var)
 <LI><a href="#[a6]">nvds_put_func</a> from lto-llvm-053317.o(.text.nvds_put_func) referenced from lto-llvm-053317.o(.rodata.rom_func_addr_table_var)
 <LI><a href="#[aa]">platform_reset_func</a> from lto-llvm-053317.o(.text.platform_reset_func) referenced from lto-llvm-053317.o(.rodata.rom_func_addr_table_var)
 <LI><a href="#[b5]">prf_add_profile_func</a> from lto-llvm-053317.o(.text.prf_add_profile_func) referenced from lto-llvm-053317.o(.rodata.rom_func_addr_table_var)
 <LI><a href="#[b7]">prf_cleanup_func</a> from lto-llvm-053317.o(.text.prf_cleanup_func) referenced from lto-llvm-053317.o(.rodata.rom_func_addr_table_var)
 <LI><a href="#[b6]">prf_create_func</a> from lto-llvm-053317.o(.text.prf_create_func) referenced from lto-llvm-053317.o(.rodata.rom_func_addr_table_var)
 <LI><a href="#[b8]">prf_get_id_from_task_func</a> from lto-llvm-053317.o(.text.prf_get_id_from_task_func) referenced from lto-llvm-053317.o(.rodata.rom_func_addr_table_var)
 <LI><a href="#[b9]">prf_get_task_from_id_func</a> from lto-llvm-053317.o(.text.prf_get_task_from_id_func) referenced from lto-llvm-053317.o(.rodata.rom_func_addr_table_var)
 <LI><a href="#[b4]">prf_init_func</a> from lto-llvm-053317.o(.text.prf_init_func) referenced from lto-llvm-053317.o(.rodata.rom_func_addr_table_var)
 <LI><a href="#[34]">rf_force_agc_enable</a> from lto-llvm-053317.o(.text.rf_force_agc_enable) referenced from lto-llvm-053317.o(.text.rf_init_func)
 <LI><a href="#[8a]">rf_init_func</a> from lto-llvm-053317.o(.text.rf_init_func) referenced from lto-llvm-053317.o(.rodata.rom_func_addr_table_var)
 <LI><a href="#[2e]">rf_reg_rd</a> from lto-llvm-053317.o(.text.rf_reg_rd) referenced from lto-llvm-053317.o(.text.rf_init_func)
 <LI><a href="#[2d]">rf_reg_wr</a> from lto-llvm-053317.o(.text.rf_reg_wr) referenced from lto-llvm-053317.o(.text.rf_init_func)
 <LI><a href="#[8b]">rf_reinit_func</a> from lto-llvm-053317.o(.text.rf_reinit_func) referenced from lto-llvm-053317.o(.rodata.rom_func_addr_table_var)
 <LI><a href="#[32]">rf_reset</a> from lto-llvm-053317.o(.text.rf_reset) referenced from lto-llvm-053317.o(.text.rf_init_func)
 <LI><a href="#[33]">rf_rssi_convert</a> from lto-llvm-053317.o(.text.rf_rssi_convert) referenced from lto-llvm-053317.o(.text.rf_init_func)
 <LI><a href="#[2f]">rf_sleep</a> from lto-llvm-053317.o(.text.rf_sleep) referenced from lto-llvm-053317.o(.text.rf_init_func)
 <LI><a href="#[30]">rf_txpwr_dbm_get</a> from lto-llvm-053317.o(.text.rf_txpwr_dbm_get) referenced from lto-llvm-053317.o(.text.rf_init_func)
 <LI><a href="#[7]">rwble_isr</a> from lto-llvm-053317.o(.text.rwble_isr) referenced from startup_da14585_586.o(RESET)
 <LI><a href="#[a9]">rwip_eif_get_func</a> from da14585_symbols.txt(ABSOLUTE) referenced from lto-llvm-053317.o(.rodata.rom_func_addr_table_var)
 <LI><a href="#[7d]">smpc_check_key_distrib</a> from da14585_symbols.txt(ABSOLUTE) referenced from lto-llvm-053317.o(.rodata.patch_orig_table)
 <LI><a href="#[b2]">smpc_check_param_func</a> from da14585_symbols.txt(ABSOLUTE) referenced from lto-llvm-053317.o(.rodata.rom_func_addr_table_var)
 <LI><a href="#[7e]">smpc_construct_id_addr_info_pdu</a> from da14585_symbols.txt(ABSOLUTE) referenced from lto-llvm-053317.o(.rodata.patch_orig_table)
 <LI><a href="#[d7]">smpc_dhkey_calc_ind_func</a> from da14585_symbols.txt(ABSOLUTE) referenced from lto-llvm-053317.o(.rodata.rom_func_addr_table_var)
 <LI><a href="#[7b]">smpc_dhkey_calc_start</a> from da14585_symbols.txt(ABSOLUTE) referenced from lto-llvm-053317.o(.rodata.patch_orig_table)
 <LI><a href="#[7c]">smpc_is_sec_mode_reached</a> from da14585_symbols.txt(ABSOLUTE) referenced from lto-llvm-053317.o(.rodata.patch_orig_table)
 <LI><a href="#[b3]">smpc_pdu_recv_func</a> from da14585_symbols.txt(ABSOLUTE) referenced from lto-llvm-053317.o(.rodata.rom_func_addr_table_var)
 <LI><a href="#[88]">smpc_pdu_send</a> from da14585_symbols.txt(ABSOLUTE) referenced from lto-llvm-053317.o(.rodata.patch_orig_table)
 <LI><a href="#[d6]">smpc_public_key_exchange_start_func</a> from da14585_symbols.txt(ABSOLUTE) referenced from lto-llvm-053317.o(.rodata.rom_func_addr_table_var)
 <LI><a href="#[86]">smpc_recv_pair_rand_pdu</a> from da14585_symbols.txt(ABSOLUTE) referenced from lto-llvm-053317.o(.rodata.patch_orig_table)
 <LI><a href="#[87]">smpc_recv_public_key_exchange_pdu</a> from da14585_symbols.txt(ABSOLUTE) referenced from lto-llvm-053317.o(.rodata.patch_orig_table)
 <LI><a href="#[d8]">smpm_ecdh_key_create_func</a> from da14585_symbols.txt(ABSOLUTE) referenced from lto-llvm-053317.o(.rodata.rom_func_addr_table_var)
 <LI><a href="#[2a]">timer_canceled_handler</a> from lto-llvm-053317.o(.text.timer_canceled_handler) referenced from lto-llvm-053317.o(.text.app_timer_api_process_handler)
 <LI><a href="#[29]">timer_modified_handler</a> from lto-llvm-053317.o(.text.timer_modified_handler) referenced from lto-llvm-053317.o(.text.app_timer_api_process_handler)
 <LI><a href="#[8f]">uart_finish_transfers_func</a> from da14585_symbols.txt(ABSOLUTE) referenced from lto-llvm-053317.o(.rodata.rom_func_addr_table_var)
 <LI><a href="#[8e]">uart_flow_off_func</a> from da14585_symbols.txt(ABSOLUTE) referenced from lto-llvm-053317.o(.rodata.rom_func_addr_table_var)
 <LI><a href="#[8d]">uart_flow_on_func</a> from da14585_symbols.txt(ABSOLUTE) referenced from lto-llvm-053317.o(.rodata.rom_func_addr_table_var)
 <LI><a href="#[8c]">uart_init_func</a> from da14585_symbols.txt(ABSOLUTE) referenced from lto-llvm-053317.o(.rodata.rom_func_addr_table_var)
 <LI><a href="#[90]">uart_read_func</a> from da14585_symbols.txt(ABSOLUTE) referenced from lto-llvm-053317.o(.rodata.rom_func_addr_table_var)
 <LI><a href="#[2c]">uart_tx</a> from lto-llvm-053317.o(.text.uart_tx) referenced from lto-llvm-053317.o(.text.main)
 <LI><a href="#[91]">uart_write_func</a> from da14585_symbols.txt(ABSOLUTE) referenced from lto-llvm-053317.o(.rodata.rom_func_addr_table_var)
</UL>
<P>
<H3>
Global Symbols
</H3>
<P><STRONG><a name="[a9]"></a>rwip_eif_get_func</STRONG> (Thumb, 0 bytes, Stack size 0 bytes, da14585_symbols.txt(ABSOLUTE), UNUSED)
<BR>[Address Reference Count : 1]<UL><LI> lto-llvm-053317.o(.rodata.rom_func_addr_table_var)
</UL>
<P><STRONG><a name="[16c]"></a>ble_init</STRONG> (Thumb, 0 bytes, Stack size 0 bytes, da14585_symbols.txt(ABSOLUTE))
<BR><BR>[Called By]<UL><LI><a href="#[1e]">&gt;&gt;</a>&nbsp;&nbsp;&nbsp;main
</UL>

<P><STRONG><a name="[13c]"></a>ble_regs_pop</STRONG> (Thumb, 0 bytes, Stack size 0 bytes, da14585_symbols.txt(ABSOLUTE))
<BR><BR>[Called By]<UL><LI><a href="#[6]">&gt;&gt;</a>&nbsp;&nbsp;&nbsp;BLE_WAKEUP_LP_Handler
</UL>

<P><STRONG><a name="[179]"></a>rf_reinit</STRONG> (Thumb, 0 bytes, Stack size 0 bytes, da14585_symbols.txt(ABSOLUTE))
<BR><BR>[Called By]<UL><LI><a href="#[7]">&gt;&gt;</a>&nbsp;&nbsp;&nbsp;rwble_isr
</UL>

<P><STRONG><a name="[131]"></a>smpc_check_param</STRONG> (Thumb, 0 bytes, Stack size 0 bytes, da14585_symbols.txt(ABSOLUTE), UNUSED)
<BR><BR>[Called By]<UL><LI><a href="#[130]">&gt;&gt;</a>&nbsp;&nbsp;&nbsp;JT_smpc_pdu_recv_func
</UL>

<P><STRONG><a name="[110]"></a>smpc_pdu_recv</STRONG> (Thumb, 0 bytes, Stack size 0 bytes, da14585_symbols.txt(ABSOLUTE))
<BR><BR>[Called By]<UL><LI><a href="#[c1]">&gt;&gt;</a>&nbsp;&nbsp;&nbsp;JT_l2cc_pdu_recv_ind_handler_func
</UL>

<P><STRONG><a name="[8]"></a>UART_Handler</STRONG> (Thumb, 0 bytes, Stack size 0 bytes, da14585_symbols.txt(ABSOLUTE), UNUSED)
<BR>[Address Reference Count : 1]<UL><LI> startup_da14585_586.o(RESET)
</UL>
<P><STRONG><a name="[101]"></a>platform_reset</STRONG> (Thumb, 0 bytes, Stack size 0 bytes, da14585_symbols.txt(ABSOLUTE))
<BR><BR>[Called By]<UL><LI><a href="#[64]">&gt;&gt;</a>&nbsp;&nbsp;&nbsp;PATCHED_gapm_reset_cmd_handler
</UL>

<P><STRONG><a name="[108]"></a>l2cc_pdu_unpack</STRONG> (Thumb, 0 bytes, Stack size 0 bytes, da14585_symbols.txt(ABSOLUTE))
<BR><BR>[Called By]<UL><LI><a href="#[62]">&gt;&gt;</a>&nbsp;&nbsp;&nbsp;PATCHED_hci_acl_data_rx_handler
</UL>

<P><STRONG><a name="[10c]"></a>l2c_send_lecb_message</STRONG> (Thumb, 0 bytes, Stack size 0 bytes, da14585_symbols.txt(ABSOLUTE))
<BR><BR>[Called By]<UL><LI><a href="#[62]">&gt;&gt;</a>&nbsp;&nbsp;&nbsp;PATCHED_hci_acl_data_rx_handler
</UL>

<P><STRONG><a name="[10a]"></a>l2c_process_sdu</STRONG> (Thumb, 0 bytes, Stack size 0 bytes, da14585_symbols.txt(ABSOLUTE))
<BR><BR>[Called By]<UL><LI><a href="#[62]">&gt;&gt;</a>&nbsp;&nbsp;&nbsp;PATCHED_hci_acl_data_rx_handler
</UL>

<P><STRONG><a name="[f5]"></a>PK_PointMult</STRONG> (Thumb, 0 bytes, Stack size 0 bytes, da14585_symbols.txt(ABSOLUTE))
<BR><BR>[Called By]<UL><LI><a href="#[c9]">&gt;&gt;</a>&nbsp;&nbsp;&nbsp;llm_create_p256_key_func
</UL>

<P><STRONG><a name="[fd]"></a>llm_p256_start</STRONG> (Thumb, 0 bytes, Stack size 0 bytes, da14585_symbols.txt(ABSOLUTE))
<BR><BR>[Called By]<UL><LI><a href="#[ca]">&gt;&gt;</a>&nbsp;&nbsp;&nbsp;llm_p256_req_handler_func
</UL>

<P><STRONG><a name="[f8]"></a>llm_create_p256_key</STRONG> (Thumb, 0 bytes, Stack size 0 bytes, da14585_symbols.txt(ABSOLUTE))
<BR><BR>[Called By]<UL><LI><a href="#[ca]">&gt;&gt;</a>&nbsp;&nbsp;&nbsp;llm_p256_req_handler_func
</UL>

<P><STRONG><a name="[e7]"></a>dia_rand</STRONG> (Thumb, 0 bytes, Stack size 0 bytes, da14585_symbols.txt(ABSOLUTE))
<BR><BR>[Called By]<UL><LI><a href="#[6e]">&gt;&gt;</a>&nbsp;&nbsp;&nbsp;PATCHED_llc_util_gen_skdx
<LI><a href="#[148]">&gt;&gt;</a>&nbsp;&nbsp;&nbsp;app_fill_random_byte_array
<LI><a href="#[45]">&gt;&gt;</a>&nbsp;&nbsp;&nbsp;gapc_bond_req_ind_handler
<LI><a href="#[d2]">&gt;&gt;</a>&nbsp;&nbsp;&nbsp;ba431_get_rand_func
</UL>

<P><STRONG><a name="[f4]"></a>ba431_get_rand</STRONG> (Thumb, 0 bytes, Stack size 0 bytes, da14585_symbols.txt(ABSOLUTE))
<BR><BR>[Called By]<UL><LI><a href="#[c9]">&gt;&gt;</a>&nbsp;&nbsp;&nbsp;llm_create_p256_key_func
</UL>

<P><STRONG><a name="[136]"></a>modulationGainCalibration</STRONG> (Thumb, 0 bytes, Stack size 0 bytes, da14585_symbols.txt(ABSOLUTE))
<BR><BR>[Called By]<UL><LI><a href="#[133]">&gt;&gt;</a>&nbsp;&nbsp;&nbsp;rf_calibration_585
</UL>

<P><STRONG><a name="[134]"></a>DCoffsetCalibration</STRONG> (Thumb, 0 bytes, Stack size 0 bytes, da14585_symbols.txt(ABSOLUTE))
<BR><BR>[Called By]<UL><LI><a href="#[133]">&gt;&gt;</a>&nbsp;&nbsp;&nbsp;rf_calibration_585
<LI><a href="#[1e]">&gt;&gt;</a>&nbsp;&nbsp;&nbsp;main
</UL>

<P><STRONG><a name="[135]"></a>PllLF_IFF_MIX_CapCalibration</STRONG> (Thumb, 0 bytes, Stack size 0 bytes, da14585_symbols.txt(ABSOLUTE))
<BR><BR>[Called By]<UL><LI><a href="#[133]">&gt;&gt;</a>&nbsp;&nbsp;&nbsp;rf_calibration_585
<LI><a href="#[1e]">&gt;&gt;</a>&nbsp;&nbsp;&nbsp;main
</UL>

<P><STRONG><a name="[102]"></a>smpm_ecdh_key_create</STRONG> (Thumb, 0 bytes, Stack size 0 bytes, da14585_symbols.txt(ABSOLUTE))
<BR><BR>[Called By]<UL><LI><a href="#[64]">&gt;&gt;</a>&nbsp;&nbsp;&nbsp;PATCHED_gapm_reset_cmd_handler
</UL>

<P><STRONG><a name="[10d]"></a>co_buf_rx_free</STRONG> (Thumb, 0 bytes, Stack size 0 bytes, da14585_symbols.txt(ABSOLUTE))
<BR><BR>[Called By]<UL><LI><a href="#[62]">&gt;&gt;</a>&nbsp;&nbsp;&nbsp;PATCHED_hci_acl_data_rx_handler
<LI><a href="#[66]">&gt;&gt;</a>&nbsp;&nbsp;&nbsp;PATCHED_llc_data_ind_handler
</UL>

<P><STRONG><a name="[e9]"></a>co_buf_rx_buffer_get</STRONG> (Thumb, 0 bytes, Stack size 0 bytes, da14585_symbols.txt(ABSOLUTE))
<BR><BR>[Called By]<UL><LI><a href="#[62]">&gt;&gt;</a>&nbsp;&nbsp;&nbsp;PATCHED_hci_acl_data_rx_handler
<LI><a href="#[73]">&gt;&gt;</a>&nbsp;&nbsp;&nbsp;PATCHED_llm_con_req_ind
<LI><a href="#[70]">&gt;&gt;</a>&nbsp;&nbsp;&nbsp;PATCHED_llm_adv_report_set
</UL>

<P><STRONG><a name="[154]"></a>co_list_init</STRONG> (Thumb, 0 bytes, Stack size 0 bytes, da14585_symbols.txt(ABSOLUTE))
<BR><BR>[Called By]<UL><LI><a href="#[56]">&gt;&gt;</a>&nbsp;&nbsp;&nbsp;custs1_init
<LI><a href="#[5d]">&gt;&gt;</a>&nbsp;&nbsp;&nbsp;diss_init
</UL>

<P><STRONG><a name="[fb]"></a>co_list_pop_front</STRONG> (Thumb, 0 bytes, Stack size 0 bytes, da14585_symbols.txt(ABSOLUTE))
<BR><BR>[Called By]<UL><LI><a href="#[ca]">&gt;&gt;</a>&nbsp;&nbsp;&nbsp;llm_p256_req_handler_func
<LI><a href="#[57]">&gt;&gt;</a>&nbsp;&nbsp;&nbsp;custs1_destroy
<LI><a href="#[5e]">&gt;&gt;</a>&nbsp;&nbsp;&nbsp;diss_destroy
</UL>

<P><STRONG><a name="[109]"></a>co_list_push_back</STRONG> (Thumb, 0 bytes, Stack size 0 bytes, da14585_symbols.txt(ABSOLUTE))
<BR><BR>[Called By]<UL><LI><a href="#[62]">&gt;&gt;</a>&nbsp;&nbsp;&nbsp;PATCHED_hci_acl_data_rx_handler
<LI><a href="#[14b]">&gt;&gt;</a>&nbsp;&nbsp;&nbsp;custs1_att_set_value
<LI><a href="#[5a]">&gt;&gt;</a>&nbsp;&nbsp;&nbsp;diss_set_value_req_handler
</UL>

<P><STRONG><a name="[14c]"></a>co_list_extract</STRONG> (Thumb, 0 bytes, Stack size 0 bytes, da14585_symbols.txt(ABSOLUTE))
<BR><BR>[Called By]<UL><LI><a href="#[14b]">&gt;&gt;</a>&nbsp;&nbsp;&nbsp;custs1_att_set_value
<LI><a href="#[5a]">&gt;&gt;</a>&nbsp;&nbsp;&nbsp;diss_set_value_req_handler
</UL>

<P><STRONG><a name="[cc]"></a>llc_le_length_conn_init_func</STRONG> (Thumb, 0 bytes, Stack size 0 bytes, da14585_symbols.txt(ABSOLUTE), UNUSED)
<BR>[Address Reference Count : 1]<UL><LI> lto-llvm-053317.o(.rodata.rom_func_addr_table_var)
</UL>
<P><STRONG><a name="[128]"></a>llc_start</STRONG> (Thumb, 0 bytes, Stack size 0 bytes, da14585_symbols.txt(ABSOLUTE))
<BR><BR>[Called By]<UL><LI><a href="#[73]">&gt;&gt;</a>&nbsp;&nbsp;&nbsp;PATCHED_llm_con_req_ind
</UL>

<P><STRONG><a name="[11c]"></a>llc_common_enc_key_ref_comp_evt_send</STRONG> (Thumb, 0 bytes, Stack size 0 bytes, da14585_symbols.txt(ABSOLUTE))
<BR><BR>[Called By]<UL><LI><a href="#[66]">&gt;&gt;</a>&nbsp;&nbsp;&nbsp;PATCHED_llc_data_ind_handler
</UL>

<P><STRONG><a name="[11d]"></a>llc_common_enc_change_evt_send</STRONG> (Thumb, 0 bytes, Stack size 0 bytes, da14585_symbols.txt(ABSOLUTE))
<BR><BR>[Called By]<UL><LI><a href="#[66]">&gt;&gt;</a>&nbsp;&nbsp;&nbsp;PATCHED_llc_data_ind_handler
</UL>

<P><STRONG><a name="[113]"></a>llc_map_update_ind</STRONG> (Thumb, 0 bytes, Stack size 0 bytes, da14585_symbols.txt(ABSOLUTE))
<BR><BR>[Called By]<UL><LI><a href="#[72]">&gt;&gt;</a>&nbsp;&nbsp;&nbsp;PATCHED_llc_ch_map_req_ind
</UL>

<P><STRONG><a name="[cf]"></a>llc_pdu_send_func</STRONG> (Thumb, 0 bytes, Stack size 0 bytes, da14585_symbols.txt(ABSOLUTE), UNUSED)
<BR>[Address Reference Count : 1]<UL><LI> lto-llvm-053317.o(.rodata.rom_func_addr_table_var)
</UL>
<P><STRONG><a name="[e1]"></a>llc_length_rsp_pdu_send</STRONG> (Thumb, 0 bytes, Stack size 0 bytes, da14585_symbols.txt(ABSOLUTE))
<BR><BR>[Called By]<UL><LI><a href="#[61]">&gt;&gt;</a>&nbsp;&nbsp;&nbsp;PATCHED_llcp_length_req_handler
</UL>

<P><STRONG><a name="[e2]"></a>llc_length_ind</STRONG> (Thumb, 0 bytes, Stack size 0 bytes, da14585_symbols.txt(ABSOLUTE))
<BR><BR>[Called By]<UL><LI><a href="#[63]">&gt;&gt;</a>&nbsp;&nbsp;&nbsp;PATCHED_llcp_length_rsp_handler
<LI><a href="#[61]">&gt;&gt;</a>&nbsp;&nbsp;&nbsp;PATCHED_llcp_length_req_handler
</UL>

<P><STRONG><a name="[84]"></a>llc_ch_map_req_ind</STRONG> (Thumb, 0 bytes, Stack size 0 bytes, da14585_symbols.txt(ABSOLUTE), UNUSED)
<BR>[Address Reference Count : 1]<UL><LI> lto-llvm-053317.o(.rodata.patch_orig_table)
</UL>
<P><STRONG><a name="[11e]"></a>llc_util_get_free_conhdl</STRONG> (Thumb, 0 bytes, Stack size 0 bytes, da14585_symbols.txt(ABSOLUTE))
<BR><BR>[Called By]<UL><LI><a href="#[73]">&gt;&gt;</a>&nbsp;&nbsp;&nbsp;PATCHED_llm_con_req_ind
</UL>

<P><STRONG><a name="[e0]"></a>llc_util_dicon_procedure</STRONG> (Thumb, 0 bytes, Stack size 0 bytes, da14585_symbols.txt(ABSOLUTE))
<BR><BR>[Called By]<UL><LI><a href="#[63]">&gt;&gt;</a>&nbsp;&nbsp;&nbsp;PATCHED_llcp_length_rsp_handler
<LI><a href="#[61]">&gt;&gt;</a>&nbsp;&nbsp;&nbsp;PATCHED_llcp_length_req_handler
<LI><a href="#[66]">&gt;&gt;</a>&nbsp;&nbsp;&nbsp;PATCHED_llc_data_ind_handler
</UL>

<P><STRONG><a name="[80]"></a>llc_util_gen_skdx</STRONG> (Thumb, 0 bytes, Stack size 0 bytes, da14585_symbols.txt(ABSOLUTE), UNUSED)
<BR>[Address Reference Count : 1]<UL><LI> lto-llvm-053317.o(.rodata.patch_orig_table)
</UL>
<P><STRONG><a name="[129]"></a>llc_util_update_channel_map</STRONG> (Thumb, 0 bytes, Stack size 0 bytes, da14585_symbols.txt(ABSOLUTE))
<BR><BR>[Called By]<UL><LI><a href="#[73]">&gt;&gt;</a>&nbsp;&nbsp;&nbsp;PATCHED_llm_con_req_ind
</UL>

<P><STRONG><a name="[11b]"></a>lld_get_mode</STRONG> (Thumb, 0 bytes, Stack size 0 bytes, da14585_symbols.txt(ABSOLUTE))
<BR><BR>[Called By]<UL><LI><a href="#[66]">&gt;&gt;</a>&nbsp;&nbsp;&nbsp;PATCHED_llc_data_ind_handler
</UL>

<P><STRONG><a name="[127]"></a>lld_move_to_slave</STRONG> (Thumb, 0 bytes, Stack size 0 bytes, da14585_symbols.txt(ABSOLUTE))
<BR><BR>[Called By]<UL><LI><a href="#[73]">&gt;&gt;</a>&nbsp;&nbsp;&nbsp;PATCHED_llm_con_req_ind
</UL>

<P><STRONG><a name="[112]"></a>lld_ch_map_ind</STRONG> (Thumb, 0 bytes, Stack size 0 bytes, da14585_symbols.txt(ABSOLUTE))
<BR><BR>[Called By]<UL><LI><a href="#[72]">&gt;&gt;</a>&nbsp;&nbsp;&nbsp;PATCHED_llc_ch_map_req_ind
</UL>

<P><STRONG><a name="[176]"></a>lld_crypt_isr</STRONG> (Thumb, 0 bytes, Stack size 0 bytes, da14585_symbols.txt(ABSOLUTE))
<BR><BR>[Called By]<UL><LI><a href="#[7]">&gt;&gt;</a>&nbsp;&nbsp;&nbsp;rwble_isr
</UL>

<P><STRONG><a name="[b0]"></a>lld_test_mode_tx_func</STRONG> (Thumb, 0 bytes, Stack size 0 bytes, da14585_symbols.txt(ABSOLUTE), UNUSED)
<BR>[Address Reference Count : 1]<UL><LI> lto-llvm-053317.o(.rodata.rom_func_addr_table_var)
</UL>
<P><STRONG><a name="[b1]"></a>lld_test_mode_rx_func</STRONG> (Thumb, 0 bytes, Stack size 0 bytes, da14585_symbols.txt(ABSOLUTE), UNUSED)
<BR>[Address Reference Count : 1]<UL><LI> lto-llvm-053317.o(.rodata.rom_func_addr_table_var)
</UL>
<P><STRONG><a name="[af]"></a>lld_test_stop_func</STRONG> (Thumb, 0 bytes, Stack size 0 bytes, da14585_symbols.txt(ABSOLUTE), UNUSED)
<BR>[Address Reference Count : 1]<UL><LI> lto-llvm-053317.o(.rodata.rom_func_addr_table_var)
</UL>
<P><STRONG><a name="[ce]"></a>lld_data_tx_check_func</STRONG> (Thumb, 0 bytes, Stack size 0 bytes, da14585_symbols.txt(ABSOLUTE), UNUSED)
<BR>[Address Reference Count : 1]<UL><LI> lto-llvm-053317.o(.rodata.rom_func_addr_table_var)
</UL>
<P><STRONG><a name="[cd]"></a>lld_data_tx_prog_func</STRONG> (Thumb, 0 bytes, Stack size 0 bytes, da14585_symbols.txt(ABSOLUTE), UNUSED)
<BR>[Address Reference Count : 1]<UL><LI> lto-llvm-053317.o(.rodata.rom_func_addr_table_var)
</UL>
<P><STRONG><a name="[eb]"></a>lld_evt_elt_delete</STRONG> (Thumb, 0 bytes, Stack size 0 bytes, da14585_symbols.txt(ABSOLUTE))
<BR><BR>[Called By]<UL><LI><a href="#[6f]">&gt;&gt;</a>&nbsp;&nbsp;&nbsp;PATCHED_lld_evt_move_to_master
</UL>

<P><STRONG><a name="[ee]"></a>lld_evt_channel_next</STRONG> (Thumb, 0 bytes, Stack size 0 bytes, da14585_symbols.txt(ABSOLUTE))
<BR><BR>[Called By]<UL><LI><a href="#[6f]">&gt;&gt;</a>&nbsp;&nbsp;&nbsp;PATCHED_lld_evt_move_to_master
</UL>

<P><STRONG><a name="[111]"></a>lld_evt_schedule_next</STRONG> (Thumb, 0 bytes, Stack size 0 bytes, da14585_symbols.txt(ABSOLUTE))
<BR><BR>[Called By]<UL><LI><a href="#[72]">&gt;&gt;</a>&nbsp;&nbsp;&nbsp;PATCHED_llc_ch_map_req_ind
</UL>

<P><STRONG><a name="[81]"></a>lld_evt_move_to_master</STRONG> (Thumb, 0 bytes, Stack size 0 bytes, da14585_symbols.txt(ABSOLUTE), UNUSED)
<BR>[Address Reference Count : 1]<UL><LI> lto-llvm-053317.o(.rodata.patch_orig_table)
</UL>
<P><STRONG><a name="[175]"></a>lld_evt_timer_isr</STRONG> (Thumb, 0 bytes, Stack size 0 bytes, da14585_symbols.txt(ABSOLUTE))
<BR><BR>[Called By]<UL><LI><a href="#[7]">&gt;&gt;</a>&nbsp;&nbsp;&nbsp;rwble_isr
</UL>

<P><STRONG><a name="[173]"></a>lld_evt_end_isr</STRONG> (Thumb, 0 bytes, Stack size 0 bytes, da14585_symbols.txt(ABSOLUTE))
<BR><BR>[Called By]<UL><LI><a href="#[7]">&gt;&gt;</a>&nbsp;&nbsp;&nbsp;rwble_isr
</UL>

<P><STRONG><a name="[172]"></a>lld_evt_rx_isr</STRONG> (Thumb, 0 bytes, Stack size 0 bytes, da14585_symbols.txt(ABSOLUTE))
<BR><BR>[Called By]<UL><LI><a href="#[7]">&gt;&gt;</a>&nbsp;&nbsp;&nbsp;rwble_isr
</UL>

<P><STRONG><a name="[163]"></a>lld_sleep_us_2_lpcycles_func</STRONG> (Thumb, 0 bytes, Stack size 0 bytes, da14585_symbols.txt(ABSOLUTE))
<BR><BR>[Called By]<UL><LI><a href="#[ad]">&gt;&gt;</a>&nbsp;&nbsp;&nbsp;lld_sleep_us_2_lpcycles_sel_func
</UL>

<P><STRONG><a name="[160]"></a>lld_sleep_lpcycles_2_us_func</STRONG> (Thumb, 0 bytes, Stack size 0 bytes, da14585_symbols.txt(ABSOLUTE))
<BR><BR>[Called By]<UL><LI><a href="#[ab]">&gt;&gt;</a>&nbsp;&nbsp;&nbsp;lld_sleep_compensate_func
<LI><a href="#[ae]">&gt;&gt;</a>&nbsp;&nbsp;&nbsp;lld_sleep_lpcycles_2_us_sel_func
</UL>

<P><STRONG><a name="[12a]"></a>llm_wl_from_rl_restore</STRONG> (Thumb, 0 bytes, Stack size 0 bytes, da14585_symbols.txt(ABSOLUTE))
<BR><BR>[Called By]<UL><LI><a href="#[73]">&gt;&gt;</a>&nbsp;&nbsp;&nbsp;PATCHED_llm_con_req_ind
</UL>

<P><STRONG><a name="[85]"></a>llm_con_req_ind</STRONG> (Thumb, 0 bytes, Stack size 0 bytes, da14585_symbols.txt(ABSOLUTE), UNUSED)
<BR>[Address Reference Count : 1]<UL><LI> lto-llvm-053317.o(.rodata.patch_orig_table)
</UL>
<P><STRONG><a name="[82]"></a>llm_adv_report_set</STRONG> (Thumb, 0 bytes, Stack size 0 bytes, da14585_symbols.txt(ABSOLUTE), UNUSED)
<BR>[Address Reference Count : 1]<UL><LI> lto-llvm-053317.o(.rodata.patch_orig_table)
</UL>
<P><STRONG><a name="[c6]"></a>llm_le_adv_report_ind_func</STRONG> (Thumb, 0 bytes, Stack size 0 bytes, da14585_symbols.txt(ABSOLUTE), UNUSED)
<BR>[Address Reference Count : 1]<UL><LI> lto-llvm-053317.o(.rodata.rom_func_addr_table_var)
</UL>
<P><STRONG><a name="[a4]"></a>llm_encryption_done_func</STRONG> (Thumb, 0 bytes, Stack size 0 bytes, da14585_symbols.txt(ABSOLUTE), UNUSED)
<BR>[Address Reference Count : 1]<UL><LI> lto-llvm-053317.o(.rodata.rom_func_addr_table_var)
</UL>
<P><STRONG><a name="[c8]"></a>llm_p256_start_func</STRONG> (Thumb, 0 bytes, Stack size 0 bytes, da14585_symbols.txt(ABSOLUTE), UNUSED)
<BR><BR>[Called By]<UL><LI><a href="#[137]">&gt;&gt;</a>&nbsp;&nbsp;&nbsp;JT_llm_p256_start_func
</UL>
<BR>[Address Reference Count : 1]<UL><LI> lto-llvm-053317.o(.rodata.rom_func_addr_table_var)
</UL>
<P><STRONG><a name="[123]"></a>llm_wlpub_addr_set</STRONG> (Thumb, 0 bytes, Stack size 0 bytes, da14585_symbols.txt(ABSOLUTE))
<BR><BR>[Called By]<UL><LI><a href="#[73]">&gt;&gt;</a>&nbsp;&nbsp;&nbsp;PATCHED_llm_con_req_ind
</UL>

<P><STRONG><a name="[124]"></a>llm_wlpriv_addr_set</STRONG> (Thumb, 0 bytes, Stack size 0 bytes, da14585_symbols.txt(ABSOLUTE))
<BR><BR>[Called By]<UL><LI><a href="#[73]">&gt;&gt;</a>&nbsp;&nbsp;&nbsp;PATCHED_llm_con_req_ind
</UL>

<P><STRONG><a name="[bc]"></a>hci_rd_local_supp_feats_cmd_handler_func</STRONG> (Thumb, 0 bytes, Stack size 0 bytes, da14585_symbols.txt(ABSOLUTE), UNUSED)
<BR>[Address Reference Count : 1]<UL><LI> lto-llvm-053317.o(.rodata.rom_func_addr_table_var)
</UL>
<P><STRONG><a name="[122]"></a>llm_util_bd_addr_in_wl</STRONG> (Thumb, 0 bytes, Stack size 0 bytes, da14585_symbols.txt(ABSOLUTE))
<BR><BR>[Called By]<UL><LI><a href="#[73]">&gt;&gt;</a>&nbsp;&nbsp;&nbsp;PATCHED_llm_con_req_ind
</UL>

<P><STRONG><a name="[f7]"></a>llm_util_check_evt_mask</STRONG> (Thumb, 0 bytes, Stack size 0 bytes, da14585_symbols.txt(ABSOLUTE))
<BR><BR>[Called By]<UL><LI><a href="#[ca]">&gt;&gt;</a>&nbsp;&nbsp;&nbsp;llm_p256_req_handler_func
</UL>

<P><STRONG><a name="[125]"></a>llm_util_bl_check</STRONG> (Thumb, 0 bytes, Stack size 0 bytes, da14585_symbols.txt(ABSOLUTE))
<BR><BR>[Called By]<UL><LI><a href="#[73]">&gt;&gt;</a>&nbsp;&nbsp;&nbsp;PATCHED_llm_con_req_ind
</UL>

<P><STRONG><a name="[126]"></a>llm_util_bl_add</STRONG> (Thumb, 0 bytes, Stack size 0 bytes, da14585_symbols.txt(ABSOLUTE))
<BR><BR>[Called By]<UL><LI><a href="#[73]">&gt;&gt;</a>&nbsp;&nbsp;&nbsp;PATCHED_llm_con_req_ind
</UL>

<P><STRONG><a name="[11f]"></a>llm_util_rl_check</STRONG> (Thumb, 0 bytes, Stack size 0 bytes, da14585_symbols.txt(ABSOLUTE))
<BR><BR>[Called By]<UL><LI><a href="#[73]">&gt;&gt;</a>&nbsp;&nbsp;&nbsp;PATCHED_llm_con_req_ind
</UL>

<P><STRONG><a name="[120]"></a>llm_util_rl_peer_find</STRONG> (Thumb, 0 bytes, Stack size 0 bytes, da14585_symbols.txt(ABSOLUTE))
<BR><BR>[Called By]<UL><LI><a href="#[73]">&gt;&gt;</a>&nbsp;&nbsp;&nbsp;PATCHED_llm_con_req_ind
</UL>

<P><STRONG><a name="[121]"></a>llm_util_rl_peer_resolv</STRONG> (Thumb, 0 bytes, Stack size 0 bytes, da14585_symbols.txt(ABSOLUTE))
<BR><BR>[Called By]<UL><LI><a href="#[73]">&gt;&gt;</a>&nbsp;&nbsp;&nbsp;PATCHED_llm_con_req_ind
</UL>

<P><STRONG><a name="[ec]"></a>ea_time_get_halfslot_rounded</STRONG> (Thumb, 0 bytes, Stack size 0 bytes, da14585_symbols.txt(ABSOLUTE))
<BR><BR>[Called By]<UL><LI><a href="#[6f]">&gt;&gt;</a>&nbsp;&nbsp;&nbsp;PATCHED_lld_evt_move_to_master
</UL>

<P><STRONG><a name="[ea]"></a>ea_interval_create</STRONG> (Thumb, 0 bytes, Stack size 0 bytes, da14585_symbols.txt(ABSOLUTE))
<BR><BR>[Called By]<UL><LI><a href="#[6f]">&gt;&gt;</a>&nbsp;&nbsp;&nbsp;PATCHED_lld_evt_move_to_master
</UL>

<P><STRONG><a name="[ef]"></a>ea_interval_insert</STRONG> (Thumb, 0 bytes, Stack size 0 bytes, da14585_symbols.txt(ABSOLUTE))
<BR><BR>[Called By]<UL><LI><a href="#[6f]">&gt;&gt;</a>&nbsp;&nbsp;&nbsp;PATCHED_lld_evt_move_to_master
</UL>

<P><STRONG><a name="[171]"></a>ea_finetimer_isr</STRONG> (Thumb, 0 bytes, Stack size 0 bytes, da14585_symbols.txt(ABSOLUTE))
<BR><BR>[Called By]<UL><LI><a href="#[7]">&gt;&gt;</a>&nbsp;&nbsp;&nbsp;rwble_isr
</UL>

<P><STRONG><a name="[174]"></a>ea_sw_isr</STRONG> (Thumb, 0 bytes, Stack size 0 bytes, da14585_symbols.txt(ABSOLUTE))
<BR><BR>[Called By]<UL><LI><a href="#[7]">&gt;&gt;</a>&nbsp;&nbsp;&nbsp;rwble_isr
</UL>

<P><STRONG><a name="[8c]"></a>uart_init_func</STRONG> (Thumb, 0 bytes, Stack size 0 bytes, da14585_symbols.txt(ABSOLUTE), UNUSED)
<BR>[Address Reference Count : 1]<UL><LI> lto-llvm-053317.o(.rodata.rom_func_addr_table_var)
</UL>
<P><STRONG><a name="[8d]"></a>uart_flow_on_func</STRONG> (Thumb, 0 bytes, Stack size 0 bytes, da14585_symbols.txt(ABSOLUTE), UNUSED)
<BR>[Address Reference Count : 1]<UL><LI> lto-llvm-053317.o(.rodata.rom_func_addr_table_var)
</UL>
<P><STRONG><a name="[8e]"></a>uart_flow_off_func</STRONG> (Thumb, 0 bytes, Stack size 0 bytes, da14585_symbols.txt(ABSOLUTE), UNUSED)
<BR>[Address Reference Count : 1]<UL><LI> lto-llvm-053317.o(.rodata.rom_func_addr_table_var)
</UL>
<P><STRONG><a name="[8f]"></a>uart_finish_transfers_func</STRONG> (Thumb, 0 bytes, Stack size 0 bytes, da14585_symbols.txt(ABSOLUTE), UNUSED)
<BR>[Address Reference Count : 1]<UL><LI> lto-llvm-053317.o(.rodata.rom_func_addr_table_var)
</UL>
<P><STRONG><a name="[90]"></a>uart_read_func</STRONG> (Thumb, 0 bytes, Stack size 0 bytes, da14585_symbols.txt(ABSOLUTE), UNUSED)
<BR>[Address Reference Count : 1]<UL><LI> lto-llvm-053317.o(.rodata.rom_func_addr_table_var)
</UL>
<P><STRONG><a name="[91]"></a>uart_write_func</STRONG> (Thumb, 0 bytes, Stack size 0 bytes, da14585_symbols.txt(ABSOLUTE), UNUSED)
<BR>[Address Reference Count : 1]<UL><LI> lto-llvm-053317.o(.rodata.rom_func_addr_table_var)
</UL>
<P><STRONG><a name="[92]"></a>UART_Handler_func</STRONG> (Thumb, 0 bytes, Stack size 0 bytes, da14585_symbols.txt(ABSOLUTE), UNUSED)
<BR>[Address Reference Count : 1]<UL><LI> lto-llvm-053317.o(.rodata.rom_func_addr_table_var)
</UL>
<P><STRONG><a name="[d3]"></a>modulationGainCalibration_func</STRONG> (Thumb, 0 bytes, Stack size 0 bytes, da14585_symbols.txt(ABSOLUTE), UNUSED)
<BR>[Address Reference Count : 1]<UL><LI> lto-llvm-053317.o(.rodata.rom_func_addr_table_var)
</UL>
<P><STRONG><a name="[d4]"></a>DCoffsetCalibration_func</STRONG> (Thumb, 0 bytes, Stack size 0 bytes, da14585_symbols.txt(ABSOLUTE), UNUSED)
<BR>[Address Reference Count : 1]<UL><LI> lto-llvm-053317.o(.rodata.rom_func_addr_table_var)
</UL>
<P><STRONG><a name="[d5]"></a>PllLF_IFF_MIX_CapCalibration_func</STRONG> (Thumb, 0 bytes, Stack size 0 bytes, da14585_symbols.txt(ABSOLUTE), UNUSED)
<BR>[Address Reference Count : 1]<UL><LI> lto-llvm-053317.o(.rodata.rom_func_addr_table_var)
</UL>
<P><STRONG><a name="[93]"></a>gtl_init_func</STRONG> (Thumb, 0 bytes, Stack size 0 bytes, da14585_symbols.txt(ABSOLUTE), UNUSED)
<BR>[Address Reference Count : 1]<UL><LI> lto-llvm-053317.o(.rodata.rom_func_addr_table_var)
</UL>
<P><STRONG><a name="[95]"></a>gtl_eif_read_start_func</STRONG> (Thumb, 0 bytes, Stack size 0 bytes, da14585_symbols.txt(ABSOLUTE), UNUSED)
<BR>[Address Reference Count : 1]<UL><LI> lto-llvm-053317.o(.rodata.rom_func_addr_table_var)
</UL>
<P><STRONG><a name="[96]"></a>gtl_eif_read_hdr_func</STRONG> (Thumb, 0 bytes, Stack size 0 bytes, da14585_symbols.txt(ABSOLUTE), UNUSED)
<BR>[Address Reference Count : 1]<UL><LI> lto-llvm-053317.o(.rodata.rom_func_addr_table_var)
</UL>
<P><STRONG><a name="[97]"></a>gtl_eif_read_payl_func</STRONG> (Thumb, 0 bytes, Stack size 0 bytes, da14585_symbols.txt(ABSOLUTE), UNUSED)
<BR>[Address Reference Count : 1]<UL><LI> lto-llvm-053317.o(.rodata.rom_func_addr_table_var)
</UL>
<P><STRONG><a name="[98]"></a>gtl_eif_tx_done_func</STRONG> (Thumb, 0 bytes, Stack size 0 bytes, da14585_symbols.txt(ABSOLUTE), UNUSED)
<BR>[Address Reference Count : 1]<UL><LI> lto-llvm-053317.o(.rodata.rom_func_addr_table_var)
</UL>
<P><STRONG><a name="[99]"></a>gtl_eif_rx_done_func</STRONG> (Thumb, 0 bytes, Stack size 0 bytes, da14585_symbols.txt(ABSOLUTE), UNUSED)
<BR>[Address Reference Count : 1]<UL><LI> lto-llvm-053317.o(.rodata.rom_func_addr_table_var)
</UL>
<P><STRONG><a name="[94]"></a>gtl_eif_init_func</STRONG> (Thumb, 0 bytes, Stack size 0 bytes, da14585_symbols.txt(ABSOLUTE), UNUSED)
<BR>[Address Reference Count : 1]<UL><LI> lto-llvm-053317.o(.rodata.rom_func_addr_table_var)
</UL>
<P><STRONG><a name="[f9]"></a>hci_send_2_host</STRONG> (Thumb, 0 bytes, Stack size 0 bytes, da14585_symbols.txt(ABSOLUTE))
<BR><BR>[Called By]<UL><LI><a href="#[65]">&gt;&gt;</a>&nbsp;&nbsp;&nbsp;PATCHED_hci_command_handler
<LI><a href="#[66]">&gt;&gt;</a>&nbsp;&nbsp;&nbsp;PATCHED_llc_data_ind_handler
<LI><a href="#[ca]">&gt;&gt;</a>&nbsp;&nbsp;&nbsp;llm_p256_req_handler_func
</UL>

<P><STRONG><a name="[9b]"></a>h4tl_read_start_func</STRONG> (Thumb, 0 bytes, Stack size 0 bytes, da14585_symbols.txt(ABSOLUTE), UNUSED)
<BR>[Address Reference Count : 1]<UL><LI> lto-llvm-053317.o(.rodata.rom_func_addr_table_var)
</UL>
<P><STRONG><a name="[9c]"></a>h4tl_read_hdr_func</STRONG> (Thumb, 0 bytes, Stack size 0 bytes, da14585_symbols.txt(ABSOLUTE), UNUSED)
<BR>[Address Reference Count : 1]<UL><LI> lto-llvm-053317.o(.rodata.rom_func_addr_table_var)
</UL>
<P><STRONG><a name="[9d]"></a>h4tl_read_payl_func</STRONG> (Thumb, 0 bytes, Stack size 0 bytes, da14585_symbols.txt(ABSOLUTE), UNUSED)
<BR>[Address Reference Count : 1]<UL><LI> lto-llvm-053317.o(.rodata.rom_func_addr_table_var)
</UL>
<P><STRONG><a name="[9e]"></a>h4tl_read_next_out_of_sync_func</STRONG> (Thumb, 0 bytes, Stack size 0 bytes, da14585_symbols.txt(ABSOLUTE), UNUSED)
<BR>[Address Reference Count : 1]<UL><LI> lto-llvm-053317.o(.rodata.rom_func_addr_table_var)
</UL>
<P><STRONG><a name="[9f]"></a>h4tl_out_of_sync_func</STRONG> (Thumb, 0 bytes, Stack size 0 bytes, da14585_symbols.txt(ABSOLUTE), UNUSED)
<BR>[Address Reference Count : 1]<UL><LI> lto-llvm-053317.o(.rodata.rom_func_addr_table_var)
</UL>
<P><STRONG><a name="[a0]"></a>h4tl_tx_done_func</STRONG> (Thumb, 0 bytes, Stack size 0 bytes, da14585_symbols.txt(ABSOLUTE), UNUSED)
<BR>[Address Reference Count : 1]<UL><LI> lto-llvm-053317.o(.rodata.rom_func_addr_table_var)
</UL>
<P><STRONG><a name="[a1]"></a>h4tl_rx_done_func</STRONG> (Thumb, 0 bytes, Stack size 0 bytes, da14585_symbols.txt(ABSOLUTE), UNUSED)
<BR>[Address Reference Count : 1]<UL><LI> lto-llvm-053317.o(.rodata.rom_func_addr_table_var)
</UL>
<P><STRONG><a name="[9a]"></a>h4tl_init_func</STRONG> (Thumb, 0 bytes, Stack size 0 bytes, da14585_symbols.txt(ABSOLUTE), UNUSED)
<BR>[Address Reference Count : 1]<UL><LI> lto-llvm-053317.o(.rodata.rom_func_addr_table_var)
</UL>
<P><STRONG><a name="[c4]"></a>attc_l2cc_pdu_recv_handler_func</STRONG> (Thumb, 0 bytes, Stack size 0 bytes, da14585_symbols.txt(ABSOLUTE), UNUSED)
<BR>[Address Reference Count : 1]<UL><LI> lto-llvm-053317.o(.rodata.rom_func_addr_table_var)
</UL>
<P><STRONG><a name="[152]"></a>attmdb_add_service</STRONG> (Thumb, 0 bytes, Stack size 0 bytes, da14585_symbols.txt(ABSOLUTE))
<BR><BR>[Called By]<UL><LI><a href="#[56]">&gt;&gt;</a>&nbsp;&nbsp;&nbsp;custs1_init
</UL>

<P><STRONG><a name="[15c]"></a>attmdb_get_service</STRONG> (Thumb, 0 bytes, Stack size 0 bytes, da14585_symbols.txt(ABSOLUTE))
<BR><BR>[Called By]<UL><LI><a href="#[4e]">&gt;&gt;</a>&nbsp;&nbsp;&nbsp;gattc_write_req_ind_handler
<LI><a href="#[155]">&gt;&gt;</a>&nbsp;&nbsp;&nbsp;get_cfg_handle
</UL>

<P><STRONG><a name="[15d]"></a>attmdb_get_attribute</STRONG> (Thumb, 0 bytes, Stack size 0 bytes, da14585_symbols.txt(ABSOLUTE))
<BR><BR>[Called By]<UL><LI><a href="#[4e]">&gt;&gt;</a>&nbsp;&nbsp;&nbsp;gattc_write_req_ind_handler
<LI><a href="#[155]">&gt;&gt;</a>&nbsp;&nbsp;&nbsp;get_cfg_handle
</UL>

<P><STRONG><a name="[153]"></a>attmdb_att_set_value</STRONG> (Thumb, 0 bytes, Stack size 0 bytes, da14585_symbols.txt(ABSOLUTE))
<BR><BR>[Called By]<UL><LI><a href="#[52]">&gt;&gt;</a>&nbsp;&nbsp;&nbsp;custs1_val_set_req_handler
<LI><a href="#[4e]">&gt;&gt;</a>&nbsp;&nbsp;&nbsp;gattc_write_req_ind_handler
<LI><a href="#[56]">&gt;&gt;</a>&nbsp;&nbsp;&nbsp;custs1_init
</UL>

<P><STRONG><a name="[15e]"></a>attmdb_get_uuid</STRONG> (Thumb, 0 bytes, Stack size 0 bytes, da14585_symbols.txt(ABSOLUTE))
<BR><BR>[Called By]<UL><LI><a href="#[4e]">&gt;&gt;</a>&nbsp;&nbsp;&nbsp;gattc_write_req_ind_handler
<LI><a href="#[155]">&gt;&gt;</a>&nbsp;&nbsp;&nbsp;get_cfg_handle
</UL>

<P><STRONG><a name="[15f]"></a>attmdb_att_get_permission</STRONG> (Thumb, 0 bytes, Stack size 0 bytes, da14585_symbols.txt(ABSOLUTE))
<BR><BR>[Called By]<UL><LI><a href="#[4e]">&gt;&gt;</a>&nbsp;&nbsp;&nbsp;gattc_write_req_ind_handler
</UL>

<P><STRONG><a name="[156]"></a>attm_svc_create_db</STRONG> (Thumb, 0 bytes, Stack size 0 bytes, da14585_symbols.txt(ABSOLUTE))
<BR><BR>[Called By]<UL><LI><a href="#[5d]">&gt;&gt;</a>&nbsp;&nbsp;&nbsp;diss_init
</UL>

<P><STRONG><a name="[7a]"></a>atts_mtu_exc_req</STRONG> (Thumb, 0 bytes, Stack size 0 bytes, da14585_symbols.txt(ABSOLUTE), UNUSED)
<BR>[Address Reference Count : 1]<UL><LI> lto-llvm-053317.o(.rodata.patch_orig_table)
</UL>
<P><STRONG><a name="[c3]"></a>atts_l2cc_pdu_recv_handler_func</STRONG> (Thumb, 0 bytes, Stack size 0 bytes, da14585_symbols.txt(ABSOLUTE), UNUSED)
<BR>[Address Reference Count : 1]<UL><LI> lto-llvm-053317.o(.rodata.rom_func_addr_table_var)
</UL>
<P><STRONG><a name="[db]"></a>atts_allocate_pdu</STRONG> (Thumb, 0 bytes, Stack size 0 bytes, da14585_symbols.txt(ABSOLUTE))
<BR><BR>[Called By]<UL><LI><a href="#[68]">&gt;&gt;</a>&nbsp;&nbsp;&nbsp;PATCHED_atts_mtu_exc_req
</UL>

<P><STRONG><a name="[dd]"></a>atts_send_pdu</STRONG> (Thumb, 0 bytes, Stack size 0 bytes, da14585_symbols.txt(ABSOLUTE))
<BR><BR>[Called By]<UL><LI><a href="#[68]">&gt;&gt;</a>&nbsp;&nbsp;&nbsp;PATCHED_atts_mtu_exc_req
</UL>

<P><STRONG><a name="[de]"></a>gattc_set_mtu</STRONG> (Thumb, 0 bytes, Stack size 0 bytes, da14585_symbols.txt(ABSOLUTE))
<BR><BR>[Called By]<UL><LI><a href="#[68]">&gt;&gt;</a>&nbsp;&nbsp;&nbsp;PATCHED_atts_mtu_exc_req
</UL>

<P><STRONG><a name="[dc]"></a>gattm_get_max_mtu</STRONG> (Thumb, 0 bytes, Stack size 0 bytes, da14585_symbols.txt(ABSOLUTE))
<BR><BR>[Called By]<UL><LI><a href="#[68]">&gt;&gt;</a>&nbsp;&nbsp;&nbsp;PATCHED_atts_mtu_exc_req
<LI><a href="#[62]">&gt;&gt;</a>&nbsp;&nbsp;&nbsp;PATCHED_hci_acl_data_rx_handler
</UL>

<P><STRONG><a name="[132]"></a>smpc_check_repeated_attempts</STRONG> (Thumb, 0 bytes, Stack size 0 bytes, da14585_symbols.txt(ABSOLUTE))
<BR><BR>[Called By]<UL><LI><a href="#[78]">&gt;&gt;</a>&nbsp;&nbsp;&nbsp;PATCHED_smpc_recv_pair_req_pdu
</UL>

<P><STRONG><a name="[7d]"></a>smpc_check_key_distrib</STRONG> (Thumb, 0 bytes, Stack size 0 bytes, da14585_symbols.txt(ABSOLUTE), UNUSED)
<BR>[Address Reference Count : 1]<UL><LI> lto-llvm-053317.o(.rodata.patch_orig_table)
</UL>
<P><STRONG><a name="[117]"></a>smpc_generate_e1</STRONG> (Thumb, 0 bytes, Stack size 0 bytes, da14585_symbols.txt(ABSOLUTE))
<BR><BR>[Called By]<UL><LI><a href="#[74]">&gt;&gt;</a>&nbsp;&nbsp;&nbsp;PATCHED_smpc_recv_pair_rand_pdu
</UL>

<P><STRONG><a name="[12e]"></a>smpc_generate_stk</STRONG> (Thumb, 0 bytes, Stack size 0 bytes, da14585_symbols.txt(ABSOLUTE))
<BR><BR>[Called By]<UL><LI><a href="#[76]">&gt;&gt;</a>&nbsp;&nbsp;&nbsp;PATCHED_hci_le_ltk_request_evt_handler
</UL>

<P><STRONG><a name="[118]"></a>smpc_pairing_end</STRONG> (Thumb, 0 bytes, Stack size 0 bytes, da14585_symbols.txt(ABSOLUTE))
<BR><BR>[Called By]<UL><LI><a href="#[69]">&gt;&gt;</a>&nbsp;&nbsp;&nbsp;PATCHED_smpc_dhkey_calc_start
<LI><a href="#[79]">&gt;&gt;</a>&nbsp;&nbsp;&nbsp;PATCHED_smpc_recv_pair_fail_pdu
<LI><a href="#[74]">&gt;&gt;</a>&nbsp;&nbsp;&nbsp;PATCHED_smpc_recv_pair_rand_pdu
<LI><a href="#[75]">&gt;&gt;</a>&nbsp;&nbsp;&nbsp;PATCHED_smpc_recv_public_key_exchange_pdu
<LI><a href="#[130]">&gt;&gt;</a>&nbsp;&nbsp;&nbsp;JT_smpc_pdu_recv_func
</UL>

<P><STRONG><a name="[88]"></a>smpc_pdu_send</STRONG> (Thumb, 0 bytes, Stack size 0 bytes, da14585_symbols.txt(ABSOLUTE))
<BR><BR>[Called By]<UL><LI><a href="#[69]">&gt;&gt;</a>&nbsp;&nbsp;&nbsp;PATCHED_smpc_dhkey_calc_start
<LI><a href="#[78]">&gt;&gt;</a>&nbsp;&nbsp;&nbsp;PATCHED_smpc_recv_pair_req_pdu
<LI><a href="#[74]">&gt;&gt;</a>&nbsp;&nbsp;&nbsp;PATCHED_smpc_recv_pair_rand_pdu
<LI><a href="#[75]">&gt;&gt;</a>&nbsp;&nbsp;&nbsp;PATCHED_smpc_recv_public_key_exchange_pdu
<LI><a href="#[130]">&gt;&gt;</a>&nbsp;&nbsp;&nbsp;JT_smpc_pdu_recv_func
</UL>
<BR>[Address Reference Count : 1]<UL><LI> lto-llvm-053317.o(.rodata.patch_orig_table)
</UL>
<P><STRONG><a name="[7c]"></a>smpc_is_sec_mode_reached</STRONG> (Thumb, 0 bytes, Stack size 0 bytes, da14585_symbols.txt(ABSOLUTE), UNUSED)
<BR>[Address Reference Count : 1]<UL><LI> lto-llvm-053317.o(.rodata.patch_orig_table)
</UL>
<P><STRONG><a name="[b3]"></a>smpc_pdu_recv_func</STRONG> (Thumb, 0 bytes, Stack size 0 bytes, da14585_symbols.txt(ABSOLUTE), UNUSED)
<BR>[Address Reference Count : 1]<UL><LI> lto-llvm-053317.o(.rodata.rom_func_addr_table_var)
</UL>
<P><STRONG><a name="[114]"></a>smpc_generate_f4</STRONG> (Thumb, 0 bytes, Stack size 0 bytes, da14585_symbols.txt(ABSOLUTE))
<BR><BR>[Called By]<UL><LI><a href="#[74]">&gt;&gt;</a>&nbsp;&nbsp;&nbsp;PATCHED_smpc_recv_pair_rand_pdu
</UL>

<P><STRONG><a name="[119]"></a>smpc_generate_g2</STRONG> (Thumb, 0 bytes, Stack size 0 bytes, da14585_symbols.txt(ABSOLUTE))
<BR><BR>[Called By]<UL><LI><a href="#[74]">&gt;&gt;</a>&nbsp;&nbsp;&nbsp;PATCHED_smpc_recv_pair_rand_pdu
</UL>

<P><STRONG><a name="[11a]"></a>smpc_generate_f5</STRONG> (Thumb, 0 bytes, Stack size 0 bytes, da14585_symbols.txt(ABSOLUTE))
<BR><BR>[Called By]<UL><LI><a href="#[74]">&gt;&gt;</a>&nbsp;&nbsp;&nbsp;PATCHED_smpc_recv_pair_rand_pdu
</UL>

<P><STRONG><a name="[12d]"></a>gapc_send_complete_evt</STRONG> (Thumb, 0 bytes, Stack size 0 bytes, da14585_symbols.txt(ABSOLUTE))
<BR><BR>[Called By]<UL><LI><a href="#[79]">&gt;&gt;</a>&nbsp;&nbsp;&nbsp;PATCHED_smpc_recv_pair_fail_pdu
<LI><a href="#[76]">&gt;&gt;</a>&nbsp;&nbsp;&nbsp;PATCHED_hci_le_ltk_request_evt_handler
<LI><a href="#[78]">&gt;&gt;</a>&nbsp;&nbsp;&nbsp;PATCHED_smpc_recv_pair_req_pdu
<LI><a href="#[130]">&gt;&gt;</a>&nbsp;&nbsp;&nbsp;JT_smpc_pdu_recv_func
</UL>

<P><STRONG><a name="[12b]"></a>gapc_get_conidx</STRONG> (Thumb, 0 bytes, Stack size 0 bytes, da14585_symbols.txt(ABSOLUTE))
<BR><BR>[Called By]<UL><LI><a href="#[76]">&gt;&gt;</a>&nbsp;&nbsp;&nbsp;PATCHED_hci_le_ltk_request_evt_handler
</UL>

<P><STRONG><a name="[116]"></a>gapc_get_role</STRONG> (Thumb, 0 bytes, Stack size 0 bytes, da14585_symbols.txt(ABSOLUTE))
<BR><BR>[Called By]<UL><LI><a href="#[69]">&gt;&gt;</a>&nbsp;&nbsp;&nbsp;PATCHED_smpc_dhkey_calc_start
<LI><a href="#[79]">&gt;&gt;</a>&nbsp;&nbsp;&nbsp;PATCHED_smpc_recv_pair_fail_pdu
<LI><a href="#[78]">&gt;&gt;</a>&nbsp;&nbsp;&nbsp;PATCHED_smpc_recv_pair_req_pdu
<LI><a href="#[74]">&gt;&gt;</a>&nbsp;&nbsp;&nbsp;PATCHED_smpc_recv_pair_rand_pdu
<LI><a href="#[75]">&gt;&gt;</a>&nbsp;&nbsp;&nbsp;PATCHED_smpc_recv_public_key_exchange_pdu
<LI><a href="#[130]">&gt;&gt;</a>&nbsp;&nbsp;&nbsp;JT_smpc_pdu_recv_func
</UL>

<P><STRONG><a name="[12c]"></a>gapc_get_operation</STRONG> (Thumb, 0 bytes, Stack size 0 bytes, da14585_symbols.txt(ABSOLUTE))
<BR><BR>[Called By]<UL><LI><a href="#[79]">&gt;&gt;</a>&nbsp;&nbsp;&nbsp;PATCHED_smpc_recv_pair_fail_pdu
<LI><a href="#[76]">&gt;&gt;</a>&nbsp;&nbsp;&nbsp;PATCHED_hci_le_ltk_request_evt_handler
<LI><a href="#[78]">&gt;&gt;</a>&nbsp;&nbsp;&nbsp;PATCHED_smpc_recv_pair_req_pdu
<LI><a href="#[130]">&gt;&gt;</a>&nbsp;&nbsp;&nbsp;JT_smpc_pdu_recv_func
</UL>

<P><STRONG><a name="[105]"></a>gapc_search_lecb_channel</STRONG> (Thumb, 0 bytes, Stack size 0 bytes, da14585_symbols.txt(ABSOLUTE))
<BR><BR>[Called By]<UL><LI><a href="#[62]">&gt;&gt;</a>&nbsp;&nbsp;&nbsp;PATCHED_hci_acl_data_rx_handler
<LI><a href="#[103]">&gt;&gt;</a>&nbsp;&nbsp;&nbsp;l2cc_handle_invalid_pdu
</UL>

<P><STRONG><a name="[10e]"></a>gapc_lecnx_check_rx</STRONG> (Thumb, 0 bytes, Stack size 0 bytes, da14585_symbols.txt(ABSOLUTE))
<BR><BR>[Called By]<UL><LI><a href="#[be]">&gt;&gt;</a>&nbsp;&nbsp;&nbsp;JT_l2cc_pdu_unpack_func
</UL>

<P><STRONG><a name="[10f]"></a>l2cc_pdu_recv_ind_handler_func</STRONG> (Thumb, 0 bytes, Stack size 0 bytes, da14585_symbols.txt(ABSOLUTE))
<BR><BR>[Called By]<UL><LI><a href="#[c1]">&gt;&gt;</a>&nbsp;&nbsp;&nbsp;JT_l2cc_pdu_recv_ind_handler_func
</UL>

<P><STRONG><a name="[c2]"></a>gapc_lecb_connect_cfm_handler_func</STRONG> (Thumb, 0 bytes, Stack size 0 bytes, da14585_symbols.txt(ABSOLUTE), UNUSED)
<BR>[Address Reference Count : 1]<UL><LI> lto-llvm-053317.o(.rodata.rom_func_addr_table_var)
</UL>
<P><STRONG><a name="[fe]"></a>gapm_send_error_evt</STRONG> (Thumb, 0 bytes, Stack size 0 bytes, da14585_symbols.txt(ABSOLUTE))
<BR><BR>[Called By]<UL><LI><a href="#[64]">&gt;&gt;</a>&nbsp;&nbsp;&nbsp;PATCHED_gapm_reset_cmd_handler
</UL>

<P><STRONG><a name="[83]"></a>gapm_adv_sanity</STRONG> (Thumb, 0 bytes, Stack size 0 bytes, da14585_symbols.txt(ABSOLUTE), UNUSED)
<BR>[Address Reference Count : 1]<UL><LI> lto-llvm-053317.o(.rodata.patch_orig_table)
</UL>
<P><STRONG><a name="[100]"></a>gapm_basic_hci_cmd_send</STRONG> (Thumb, 0 bytes, Stack size 0 bytes, da14585_symbols.txt(ABSOLUTE))
<BR><BR>[Called By]<UL><LI><a href="#[64]">&gt;&gt;</a>&nbsp;&nbsp;&nbsp;PATCHED_gapm_reset_cmd_handler
</UL>

<P><STRONG><a name="[7f]"></a>gapm_get_ad_type_flag</STRONG> (Thumb, 0 bytes, Stack size 0 bytes, da14585_symbols.txt(ABSOLUTE), UNUSED)
<BR>[Address Reference Count : 1]<UL><LI> lto-llvm-053317.o(.rodata.patch_orig_table)
</UL>
<P><STRONG><a name="[e5]"></a>gapm_get_bdaddr</STRONG> (Thumb, 0 bytes, Stack size 0 bytes, da14585_symbols.txt(ABSOLUTE))
<BR><BR>[Called By]<UL><LI><a href="#[6c]">&gt;&gt;</a>&nbsp;&nbsp;&nbsp;PATCHED_smpc_construct_id_addr_info_pdu
</UL>

<P><STRONG><a name="[bd]"></a>l2cc_pdu_pack_func</STRONG> (Thumb, 0 bytes, Stack size 0 bytes, da14585_symbols.txt(ABSOLUTE), UNUSED)
<BR>[Address Reference Count : 1]<UL><LI> lto-llvm-053317.o(.rodata.rom_func_addr_table_var)
</UL>
<P><STRONG><a name="[104]"></a>l2cc_detect_dest</STRONG> (Thumb, 0 bytes, Stack size 0 bytes, da14585_symbols.txt(ABSOLUTE))
<BR><BR>[Called By]<UL><LI><a href="#[62]">&gt;&gt;</a>&nbsp;&nbsp;&nbsp;PATCHED_hci_acl_data_rx_handler
<LI><a href="#[103]">&gt;&gt;</a>&nbsp;&nbsp;&nbsp;l2cc_handle_invalid_pdu
</UL>

<P><STRONG><a name="[c0]"></a>l2c_process_sdu_func</STRONG> (Thumb, 0 bytes, Stack size 0 bytes, da14585_symbols.txt(ABSOLUTE), UNUSED)
<BR>[Address Reference Count : 1]<UL><LI> lto-llvm-053317.o(.rodata.rom_func_addr_table_var)
</UL>
<P><STRONG><a name="[bf]"></a>l2c_send_lecb_message_func</STRONG> (Thumb, 0 bytes, Stack size 0 bytes, da14585_symbols.txt(ABSOLUTE), UNUSED)
<BR>[Address Reference Count : 1]<UL><LI> lto-llvm-053317.o(.rodata.rom_func_addr_table_var)
</UL>
<P><STRONG><a name="[b2]"></a>smpc_check_param_func</STRONG> (Thumb, 0 bytes, Stack size 0 bytes, da14585_symbols.txt(ABSOLUTE), UNUSED)
<BR>[Address Reference Count : 1]<UL><LI> lto-llvm-053317.o(.rodata.rom_func_addr_table_var)
</UL>
<P><STRONG><a name="[7e]"></a>smpc_construct_id_addr_info_pdu</STRONG> (Thumb, 0 bytes, Stack size 0 bytes, da14585_symbols.txt(ABSOLUTE), UNUSED)
<BR>[Address Reference Count : 1]<UL><LI> lto-llvm-053317.o(.rodata.patch_orig_table)
</UL>
<P><STRONG><a name="[86]"></a>smpc_recv_pair_rand_pdu</STRONG> (Thumb, 0 bytes, Stack size 0 bytes, da14585_symbols.txt(ABSOLUTE), UNUSED)
<BR>[Address Reference Count : 1]<UL><LI> lto-llvm-053317.o(.rodata.patch_orig_table)
</UL>
<P><STRONG><a name="[87]"></a>smpc_recv_public_key_exchange_pdu</STRONG> (Thumb, 0 bytes, Stack size 0 bytes, da14585_symbols.txt(ABSOLUTE), UNUSED)
<BR>[Address Reference Count : 1]<UL><LI> lto-llvm-053317.o(.rodata.patch_orig_table)
</UL>
<P><STRONG><a name="[d6]"></a>smpc_public_key_exchange_start_func</STRONG> (Thumb, 0 bytes, Stack size 0 bytes, da14585_symbols.txt(ABSOLUTE), UNUSED)
<BR>[Address Reference Count : 1]<UL><LI> lto-llvm-053317.o(.rodata.rom_func_addr_table_var)
</UL>
<P><STRONG><a name="[7b]"></a>smpc_dhkey_calc_start</STRONG> (Thumb, 0 bytes, Stack size 0 bytes, da14585_symbols.txt(ABSOLUTE))
<BR><BR>[Called By]<UL><LI><a href="#[75]">&gt;&gt;</a>&nbsp;&nbsp;&nbsp;PATCHED_smpc_recv_public_key_exchange_pdu
</UL>
<BR>[Address Reference Count : 1]<UL><LI> lto-llvm-053317.o(.rodata.patch_orig_table)
</UL>
<P><STRONG><a name="[d7]"></a>smpc_dhkey_calc_ind_func</STRONG> (Thumb, 0 bytes, Stack size 0 bytes, da14585_symbols.txt(ABSOLUTE), UNUSED)
<BR>[Address Reference Count : 1]<UL><LI> lto-llvm-053317.o(.rodata.rom_func_addr_table_var)
</UL>
<P><STRONG><a name="[d8]"></a>smpm_ecdh_key_create_func</STRONG> (Thumb, 0 bytes, Stack size 0 bytes, da14585_symbols.txt(ABSOLUTE), UNUSED)
<BR>[Address Reference Count : 1]<UL><LI> lto-llvm-053317.o(.rodata.rom_func_addr_table_var)
</UL>
<P><STRONG><a name="[106]"></a>ke_malloc</STRONG> (Thumb, 0 bytes, Stack size 0 bytes, da14585_symbols.txt(ABSOLUTE))
<BR><BR>[Called By]<UL><LI><a href="#[62]">&gt;&gt;</a>&nbsp;&nbsp;&nbsp;PATCHED_hci_acl_data_rx_handler
<LI><a href="#[14b]">&gt;&gt;</a>&nbsp;&nbsp;&nbsp;custs1_att_set_value
<LI><a href="#[56]">&gt;&gt;</a>&nbsp;&nbsp;&nbsp;custs1_init
<LI><a href="#[5a]">&gt;&gt;</a>&nbsp;&nbsp;&nbsp;diss_set_value_req_handler
<LI><a href="#[5d]">&gt;&gt;</a>&nbsp;&nbsp;&nbsp;diss_init
<LI><a href="#[103]">&gt;&gt;</a>&nbsp;&nbsp;&nbsp;l2cc_handle_invalid_pdu
</UL>

<P><STRONG><a name="[107]"></a>ke_free</STRONG> (Thumb, 0 bytes, Stack size 0 bytes, da14585_symbols.txt(ABSOLUTE))
<BR><BR>[Called By]<UL><LI><a href="#[62]">&gt;&gt;</a>&nbsp;&nbsp;&nbsp;PATCHED_hci_acl_data_rx_handler
<LI><a href="#[14f]">&gt;&gt;</a>&nbsp;&nbsp;&nbsp;custs1_exe_operation
<LI><a href="#[57]">&gt;&gt;</a>&nbsp;&nbsp;&nbsp;custs1_destroy
<LI><a href="#[14b]">&gt;&gt;</a>&nbsp;&nbsp;&nbsp;custs1_att_set_value
<LI><a href="#[56]">&gt;&gt;</a>&nbsp;&nbsp;&nbsp;custs1_init
<LI><a href="#[5a]">&gt;&gt;</a>&nbsp;&nbsp;&nbsp;diss_set_value_req_handler
<LI><a href="#[5e]">&gt;&gt;</a>&nbsp;&nbsp;&nbsp;diss_destroy
<LI><a href="#[103]">&gt;&gt;</a>&nbsp;&nbsp;&nbsp;l2cc_handle_invalid_pdu
</UL>

<P><STRONG><a name="[f3]"></a>ke_msg_alloc</STRONG> (Thumb, 0 bytes, Stack size 0 bytes, da14585_symbols.txt(ABSOLUTE))
<BR><BR>[Called By]<UL><LI><a href="#[69]">&gt;&gt;</a>&nbsp;&nbsp;&nbsp;PATCHED_smpc_dhkey_calc_start
<LI><a href="#[77]">&gt;&gt;</a>&nbsp;&nbsp;&nbsp;PATCHED_smpc_pdu_send
<LI><a href="#[62]">&gt;&gt;</a>&nbsp;&nbsp;&nbsp;PATCHED_hci_acl_data_rx_handler
<LI><a href="#[65]">&gt;&gt;</a>&nbsp;&nbsp;&nbsp;PATCHED_hci_command_handler
<LI><a href="#[76]">&gt;&gt;</a>&nbsp;&nbsp;&nbsp;PATCHED_hci_le_ltk_request_evt_handler
<LI><a href="#[78]">&gt;&gt;</a>&nbsp;&nbsp;&nbsp;PATCHED_smpc_recv_pair_req_pdu
<LI><a href="#[ca]">&gt;&gt;</a>&nbsp;&nbsp;&nbsp;llm_p256_req_handler_func
<LI><a href="#[c9]">&gt;&gt;</a>&nbsp;&nbsp;&nbsp;llm_create_p256_key_func
<LI><a href="#[24]">&gt;&gt;</a>&nbsp;&nbsp;&nbsp;app_timer_api_process_handler
<LI><a href="#[36]">&gt;&gt;</a>&nbsp;&nbsp;&nbsp;diss_value_req_ind_handler
<LI><a href="#[89]">&gt;&gt;</a>&nbsp;&nbsp;&nbsp;app_diss_create_db
<LI><a href="#[46]">&gt;&gt;</a>&nbsp;&nbsp;&nbsp;gapc_bond_ind_handler
<LI><a href="#[145]">&gt;&gt;</a>&nbsp;&nbsp;&nbsp;app_easy_security_tk_exch
<LI><a href="#[158]">&gt;&gt;</a>&nbsp;&nbsp;&nbsp;ltk_exch_create_msg
<LI><a href="#[45]">&gt;&gt;</a>&nbsp;&nbsp;&nbsp;gapc_bond_req_ind_handler
<LI><a href="#[40]">&gt;&gt;</a>&nbsp;&nbsp;&nbsp;gapc_param_update_req_ind_handler
<LI><a href="#[3d]">&gt;&gt;</a>&nbsp;&nbsp;&nbsp;gapc_set_dev_info_req_ind_handler
<LI><a href="#[3c]">&gt;&gt;</a>&nbsp;&nbsp;&nbsp;gapc_get_dev_info_req_ind_handler
<LI><a href="#[3a]">&gt;&gt;</a>&nbsp;&nbsp;&nbsp;gapc_connection_req_ind_handler
<LI><a href="#[147]">&gt;&gt;</a>&nbsp;&nbsp;&nbsp;user_catch_rest_hndl
<LI><a href="#[38]">&gt;&gt;</a>&nbsp;&nbsp;&nbsp;gapm_cmp_evt_handler
<LI><a href="#[37]">&gt;&gt;</a>&nbsp;&nbsp;&nbsp;gapm_device_ready_ind_handler
<LI><a href="#[144]">&gt;&gt;</a>&nbsp;&nbsp;&nbsp;app_easy_gap_undirected_advertise_start
<LI><a href="#[55]">&gt;&gt;</a>&nbsp;&nbsp;&nbsp;custs1_value_req_rsp_handler
<LI><a href="#[54]">&gt;&gt;</a>&nbsp;&nbsp;&nbsp;custs1_att_info_rsp_handler
<LI><a href="#[14f]">&gt;&gt;</a>&nbsp;&nbsp;&nbsp;custs1_exe_operation
<LI><a href="#[4f]">&gt;&gt;</a>&nbsp;&nbsp;&nbsp;gattc_att_info_req_ind_handler
<LI><a href="#[4e]">&gt;&gt;</a>&nbsp;&nbsp;&nbsp;gattc_write_req_ind_handler
<LI><a href="#[4d]">&gt;&gt;</a>&nbsp;&nbsp;&nbsp;gattc_read_req_ind_handler.61
<LI><a href="#[5c]">&gt;&gt;</a>&nbsp;&nbsp;&nbsp;diss_value_cfm_handler
<LI><a href="#[5b]">&gt;&gt;</a>&nbsp;&nbsp;&nbsp;gattc_read_req_ind_handler
<LI><a href="#[5a]">&gt;&gt;</a>&nbsp;&nbsp;&nbsp;diss_set_value_req_handler
<LI><a href="#[103]">&gt;&gt;</a>&nbsp;&nbsp;&nbsp;l2cc_handle_invalid_pdu
<LI><a href="#[4c]">&gt;&gt;</a>&nbsp;&nbsp;&nbsp;app_custs1_create_db
</UL>

<P><STRONG><a name="[f6]"></a>ke_msg_send</STRONG> (Thumb, 0 bytes, Stack size 0 bytes, da14585_symbols.txt(ABSOLUTE))
<BR><BR>[Called By]<UL><LI><a href="#[69]">&gt;&gt;</a>&nbsp;&nbsp;&nbsp;PATCHED_smpc_dhkey_calc_start
<LI><a href="#[77]">&gt;&gt;</a>&nbsp;&nbsp;&nbsp;PATCHED_smpc_pdu_send
<LI><a href="#[62]">&gt;&gt;</a>&nbsp;&nbsp;&nbsp;PATCHED_hci_acl_data_rx_handler
<LI><a href="#[76]">&gt;&gt;</a>&nbsp;&nbsp;&nbsp;PATCHED_hci_le_ltk_request_evt_handler
<LI><a href="#[78]">&gt;&gt;</a>&nbsp;&nbsp;&nbsp;PATCHED_smpc_recv_pair_req_pdu
<LI><a href="#[c9]">&gt;&gt;</a>&nbsp;&nbsp;&nbsp;llm_create_p256_key_func
<LI><a href="#[24]">&gt;&gt;</a>&nbsp;&nbsp;&nbsp;app_timer_api_process_handler
<LI><a href="#[36]">&gt;&gt;</a>&nbsp;&nbsp;&nbsp;diss_value_req_ind_handler
<LI><a href="#[89]">&gt;&gt;</a>&nbsp;&nbsp;&nbsp;app_diss_create_db
<LI><a href="#[46]">&gt;&gt;</a>&nbsp;&nbsp;&nbsp;gapc_bond_ind_handler
<LI><a href="#[145]">&gt;&gt;</a>&nbsp;&nbsp;&nbsp;app_easy_security_tk_exch
<LI><a href="#[45]">&gt;&gt;</a>&nbsp;&nbsp;&nbsp;gapc_bond_req_ind_handler
<LI><a href="#[40]">&gt;&gt;</a>&nbsp;&nbsp;&nbsp;gapc_param_update_req_ind_handler
<LI><a href="#[3d]">&gt;&gt;</a>&nbsp;&nbsp;&nbsp;gapc_set_dev_info_req_ind_handler
<LI><a href="#[3c]">&gt;&gt;</a>&nbsp;&nbsp;&nbsp;gapc_get_dev_info_req_ind_handler
<LI><a href="#[3a]">&gt;&gt;</a>&nbsp;&nbsp;&nbsp;gapc_connection_req_ind_handler
<LI><a href="#[147]">&gt;&gt;</a>&nbsp;&nbsp;&nbsp;user_catch_rest_hndl
<LI><a href="#[38]">&gt;&gt;</a>&nbsp;&nbsp;&nbsp;gapm_cmp_evt_handler
<LI><a href="#[37]">&gt;&gt;</a>&nbsp;&nbsp;&nbsp;gapm_device_ready_ind_handler
<LI><a href="#[144]">&gt;&gt;</a>&nbsp;&nbsp;&nbsp;app_easy_gap_undirected_advertise_start
<LI><a href="#[55]">&gt;&gt;</a>&nbsp;&nbsp;&nbsp;custs1_value_req_rsp_handler
<LI><a href="#[54]">&gt;&gt;</a>&nbsp;&nbsp;&nbsp;custs1_att_info_rsp_handler
<LI><a href="#[14f]">&gt;&gt;</a>&nbsp;&nbsp;&nbsp;custs1_exe_operation
<LI><a href="#[4f]">&gt;&gt;</a>&nbsp;&nbsp;&nbsp;gattc_att_info_req_ind_handler
<LI><a href="#[4e]">&gt;&gt;</a>&nbsp;&nbsp;&nbsp;gattc_write_req_ind_handler
<LI><a href="#[4d]">&gt;&gt;</a>&nbsp;&nbsp;&nbsp;gattc_read_req_ind_handler.61
<LI><a href="#[5c]">&gt;&gt;</a>&nbsp;&nbsp;&nbsp;diss_value_cfm_handler
<LI><a href="#[5b]">&gt;&gt;</a>&nbsp;&nbsp;&nbsp;gattc_read_req_ind_handler
<LI><a href="#[5a]">&gt;&gt;</a>&nbsp;&nbsp;&nbsp;diss_set_value_req_handler
<LI><a href="#[103]">&gt;&gt;</a>&nbsp;&nbsp;&nbsp;l2cc_handle_invalid_pdu
<LI><a href="#[4c]">&gt;&gt;</a>&nbsp;&nbsp;&nbsp;app_custs1_create_db
</UL>

<P><STRONG><a name="[10b]"></a>ke_msg_forward</STRONG> (Thumb, 0 bytes, Stack size 0 bytes, da14585_symbols.txt(ABSOLUTE))
<BR><BR>[Called By]<UL><LI><a href="#[62]">&gt;&gt;</a>&nbsp;&nbsp;&nbsp;PATCHED_hci_acl_data_rx_handler
</UL>

[...]
<LI><a href="#[1e]">&gt;&gt;</a>&nbsp;&nbsp;&nbsp;main
</UL>

<P><STRONG><a name="[15a]"></a>app_db_init_next</STRONG> (Thumb, 88 bytes, Stack size 16 bytes, lto-llvm-053317.o(.text.app_db_init_next))
<BR><BR>[Stack]<UL><LI>Max Depth = 16<LI>Call Chain = app_db_init_next
</UL>
<BR>[Called By]<UL><LI><a href="#[3e]">&gt;&gt;</a>&nbsp;&nbsp;&nbsp;gapm_profile_added_ind_handler
<LI><a href="#[38]">&gt;&gt;</a>&nbsp;&nbsp;&nbsp;gapm_cmp_evt_handler
</UL>

<P><STRONG><a name="[144]"></a>app_easy_gap_undirected_advertise_start</STRONG> (Thumb, 96 bytes, Stack size 16 bytes, lto-llvm-053317.o(.text.app_easy_gap_undirected_advertise_start))
<BR><BR>[Stack]<UL><LI>Max Depth = 16<LI>Call Chain = app_easy_gap_undirected_advertise_start
</UL>
<BR>[Calls]<UL><LI><a href="#[f6]">&gt;&gt;</a>&nbsp;&nbsp;&nbsp;ke_msg_send
<LI><a href="#[f3]">&gt;&gt;</a>&nbsp;&nbsp;&nbsp;ke_msg_alloc
<LI><a href="#[e4]">&gt;&gt;</a>&nbsp;&nbsp;&nbsp;ke_state_set
<LI><a href="#[e6]">&gt;&gt;</a>&nbsp;&nbsp;&nbsp;__aeabi_memcpy
</UL>
<BR>[Called By]<UL><LI><a href="#[3e]">&gt;&gt;</a>&nbsp;&nbsp;&nbsp;gapm_profile_added_ind_handler
<LI><a href="#[3b]">&gt;&gt;</a>&nbsp;&nbsp;&nbsp;gapc_disconnect_ind_handler
<LI><a href="#[3a]">&gt;&gt;</a>&nbsp;&nbsp;&nbsp;gapc_connection_req_ind_handler
<LI><a href="#[38]">&gt;&gt;</a>&nbsp;&nbsp;&nbsp;gapm_cmp_evt_handler
</UL>

<P><STRONG><a name="[142]"></a>get_user_prf_srv_perm</STRONG> (Thumb, 32 bytes, Stack size 0 bytes, lto-llvm-053317.o(.text.get_user_prf_srv_perm))
<BR><BR>[Called By]<UL><LI><a href="#[89]">&gt;&gt;</a>&nbsp;&nbsp;&nbsp;app_diss_create_db
<LI><a href="#[4c]">&gt;&gt;</a>&nbsp;&nbsp;&nbsp;app_custs1_create_db
</UL>

<P><STRONG><a name="[23]"></a>app_gap_process_handler</STRONG> (Thumb, 28 bytes, Stack size 24 bytes, lto-llvm-053317.o(.text.app_gap_process_handler))
<BR><BR>[Stack]<UL><LI>Max Depth = 64<LI>Call Chain = app_gap_process_handler &rArr; app_std_process_event
</UL>
<BR>[Calls]<UL><LI><a href="#[143]">&gt;&gt;</a>&nbsp;&nbsp;&nbsp;app_std_process_event
</UL>
<BR>[Address Reference Count : 1]<UL><LI> lto-llvm-053317.o(.text.app_entry_point_handler)
</UL>
<P><STRONG><a name="[143]"></a>app_std_process_event</STRONG> (Thumb, 96 bytes, Stack size 40 bytes, lto-llvm-053317.o(.text.app_std_process_event))
<BR><BR>[Stack]<UL><LI>Max Depth = 40<LI>Call Chain = app_std_process_event
</UL>
<BR>[Called By]<UL><LI><a href="#[27]">&gt;&gt;</a>&nbsp;&nbsp;&nbsp;app_diss_process_handler
<LI><a href="#[26]">&gt;&gt;</a>&nbsp;&nbsp;&nbsp;app_sec_process_handler
<LI><a href="#[23]">&gt;&gt;</a>&nbsp;&nbsp;&nbsp;app_gap_process_handler
</UL>

<P><STRONG><a name="[37]"></a>gapm_device_ready_ind_handler</STRONG> (Thumb, 40 bytes, Stack size 8 bytes, lto-llvm-053317.o(.text.gapm_device_ready_ind_handler))
<BR><BR>[Stack]<UL><LI>Max Depth = 8<LI>Call Chain = gapm_device_ready_ind_handler
</UL>
<BR>[Calls]<UL><LI><a href="#[f6]">&gt;&gt;</a>&nbsp;&nbsp;&nbsp;ke_msg_send
<LI><a href="#[df]">&gt;&gt;</a>&nbsp;&nbsp;&nbsp;ke_state_get
<LI><a href="#[f3]">&gt;&gt;</a>&nbsp;&nbsp;&nbsp;ke_msg_alloc
</UL>
<BR>[Address Reference Count : 1]<UL><LI> lto-llvm-053317.o(.rodata.app_gap_process_handlers)
</UL>
<P><STRONG><a name="[38]"></a>gapm_cmp_evt_handler</STRONG> (Thumb, 152 bytes, Stack size 16 bytes, lto-llvm-053317.o(.text.gapm_cmp_evt_handler))
<BR><BR>[Stack]<UL><LI>Max Depth = 32<LI>Call Chain = gapm_cmp_evt_handler &rArr; user_catch_rest_hndl
</UL>
<BR>[Calls]<UL><LI><a href="#[f6]">&gt;&gt;</a>&nbsp;&nbsp;&nbsp;ke_msg_send
<LI><a href="#[f3]">&gt;&gt;</a>&nbsp;&nbsp;&nbsp;ke_msg_alloc
<LI><a href="#[e4]">&gt;&gt;</a>&nbsp;&nbsp;&nbsp;ke_state_set
<LI><a href="#[147]">&gt;&gt;</a>&nbsp;&nbsp;&nbsp;user_catch_rest_hndl
<LI><a href="#[144]">&gt;&gt;</a>&nbsp;&nbsp;&nbsp;app_easy_gap_undirected_advertise_start
<LI><a href="#[15a]">&gt;&gt;</a>&nbsp;&nbsp;&nbsp;app_db_init_next
<LI><a href="#[146]">&gt;&gt;</a>&nbsp;&nbsp;&nbsp;__aeabi_memclr
</UL>
<BR>[Address Reference Count : 1]<UL><LI> lto-llvm-053317.o(.rodata.app_gap_process_handlers)
</UL>
<P><STRONG><a name="[147]"></a>user_catch_rest_hndl</STRONG> (Thumb, 32 bytes, Stack size 16 bytes, lto-llvm-053317.o(.text.user_catch_rest_hndl))
<BR><BR>[Stack]<UL><LI>Max Depth = 16<LI>Call Chain = user_catch_rest_hndl
</UL>
<BR>[Calls]<UL><LI><a href="#[f6]">&gt;&gt;</a>&nbsp;&nbsp;&nbsp;ke_msg_send
<LI><a href="#[f3]">&gt;&gt;</a>&nbsp;&nbsp;&nbsp;ke_msg_alloc
</UL>
<BR>[Called By]<UL><LI><a href="#[35]">&gt;&gt;</a>&nbsp;&nbsp;&nbsp;app_entry_point_handler
<LI><a href="#[46]">&gt;&gt;</a>&nbsp;&nbsp;&nbsp;gapc_bond_ind_handler
<LI><a href="#[39]">&gt;&gt;</a>&nbsp;&nbsp;&nbsp;gapc_cmp_evt_handler
<LI><a href="#[38]">&gt;&gt;</a>&nbsp;&nbsp;&nbsp;gapm_cmp_evt_handler
</UL>

<P><STRONG><a name="[39]"></a>gapc_cmp_evt_handler</STRONG> (Thumb, 36 bytes, Stack size 8 bytes, lto-llvm-053317.o(.text.gapc_cmp_evt_handler))
<BR><BR>[Stack]<UL><LI>Max Depth = 24<LI>Call Chain = gapc_cmp_evt_handler &rArr; user_catch_rest_hndl
</UL>
<BR>[Calls]<UL><LI><a href="#[147]">&gt;&gt;</a>&nbsp;&nbsp;&nbsp;user_catch_rest_hndl
</UL>
<BR>[Address Reference Count : 1]<UL><LI> lto-llvm-053317.o(.rodata.app_gap_process_handlers)
</UL>
<P><STRONG><a name="[3a]"></a>gapc_connection_req_ind_handler</STRONG> (Thumb, 196 bytes, Stack size 40 bytes, lto-llvm-053317.o(.text.gapc_connection_req_ind_handler))
<BR><BR>[Stack]<UL><LI>Max Depth = 56<LI>Call Chain = gapc_connection_req_ind_handler &rArr; app_easy_gap_undirected_advertise_start
</UL>
<BR>[Calls]<UL><LI><a href="#[f6]">&gt;&gt;</a>&nbsp;&nbsp;&nbsp;ke_msg_send
<LI><a href="#[df]">&gt;&gt;</a>&nbsp;&nbsp;&nbsp;ke_state_get
<LI><a href="#[f3]">&gt;&gt;</a>&nbsp;&nbsp;&nbsp;ke_msg_alloc
<LI><a href="#[e4]">&gt;&gt;</a>&nbsp;&nbsp;&nbsp;ke_state_set
<LI><a href="#[144]">&gt;&gt;</a>&nbsp;&nbsp;&nbsp;app_easy_gap_undirected_advertise_start
<LI><a href="#[159]">&gt;&gt;</a>&nbsp;&nbsp;&nbsp;default_app_on_init
<LI><a href="#[e6]">&gt;&gt;</a>&nbsp;&nbsp;&nbsp;__aeabi_memcpy
</UL>
<BR>[Address Reference Count : 1]<UL><LI> lto-llvm-053317.o(.rodata.app_gap_process_handlers)
</UL>
<P><STRONG><a name="[3b]"></a>gapc_disconnect_ind_handler</STRONG> (Thumb, 40 bytes, Stack size 8 bytes, lto-llvm-053317.o(.text.gapc_disconnect_ind_handler))
<BR><BR>[Stack]<UL><LI>Max Depth = 24<LI>Call Chain = gapc_disconnect_ind_handler &rArr; app_easy_gap_undirected_advertise_start
</UL>
<BR>[Calls]<UL><LI><a href="#[df]">&gt;&gt;</a>&nbsp;&nbsp;&nbsp;ke_state_get
<LI><a href="#[144]">&gt;&gt;</a>&nbsp;&nbsp;&nbsp;app_easy_gap_undirected_advertise_start
</UL>
<BR>[Address Reference Count : 1]<UL><LI> lto-llvm-053317.o(.rodata.app_gap_process_handlers)
</UL>
<P><STRONG><a name="[3c]"></a>gapc_get_dev_info_req_ind_handler</STRONG> (Thumb, 160 bytes, Stack size 64 bytes, lto-llvm-053317.o(.text.gapc_get_dev_info_req_ind_handler))
<BR><BR>[Stack]<UL><LI>Max Depth = 64<LI>Call Chain = gapc_get_dev_info_req_ind_handler
</UL>
<BR>[Calls]<UL><LI><a href="#[f6]">&gt;&gt;</a>&nbsp;&nbsp;&nbsp;ke_msg_send
<LI><a href="#[f3]">&gt;&gt;</a>&nbsp;&nbsp;&nbsp;ke_msg_alloc
<LI><a href="#[146]">&gt;&gt;</a>&nbsp;&nbsp;&nbsp;__aeabi_memclr
<LI><a href="#[e6]">&gt;&gt;</a>&nbsp;&nbsp;&nbsp;__aeabi_memcpy
</UL>
<BR>[Address Reference Count : 1]<UL><LI> lto-llvm-053317.o(.rodata.app_gap_process_handlers)
</UL>
<P><STRONG><a name="[3d]"></a>gapc_set_dev_info_req_ind_handler</STRONG> (Thumb, 84 bytes, Stack size 16 bytes, lto-llvm-053317.o(.text.gapc_set_dev_info_req_ind_handler))
<BR><BR>[Stack]<UL><LI>Max Depth = 16<LI>Call Chain = gapc_set_dev_info_req_ind_handler
</UL>
<BR>[Calls]<UL><LI><a href="#[f6]">&gt;&gt;</a>&nbsp;&nbsp;&nbsp;ke_msg_send
<LI><a href="#[f3]">&gt;&gt;</a>&nbsp;&nbsp;&nbsp;ke_msg_alloc
<LI><a href="#[e6]">&gt;&gt;</a>&nbsp;&nbsp;&nbsp;__aeabi_memcpy
</UL>
<BR>[Address Reference Count : 1]<UL><LI> lto-llvm-053317.o(.rodata.app_gap_process_handlers)
</UL>
<P><STRONG><a name="[3e]"></a>gapm_profile_added_ind_handler</STRONG> (Thumb, 36 bytes, Stack size 8 bytes, lto-llvm-053317.o(.text.gapm_profile_added_ind_handler))
<BR><BR>[Stack]<UL><LI>Max Depth = 24<LI>Call Chain = gapm_profile_added_ind_handler &rArr; app_easy_gap_undirected_advertise_start
</UL>
<BR>[Calls]<UL><LI><a href="#[df]">&gt;&gt;</a>&nbsp;&nbsp;&nbsp;ke_state_get
<LI><a href="#[e4]">&gt;&gt;</a>&nbsp;&nbsp;&nbsp;ke_state_set
<LI><a href="#[144]">&gt;&gt;</a>&nbsp;&nbsp;&nbsp;app_easy_gap_undirected_advertise_start
<LI><a href="#[15a]">&gt;&gt;</a>&nbsp;&nbsp;&nbsp;app_db_init_next
</UL>
<BR>[Address Reference Count : 1]<UL><LI> lto-llvm-053317.o(.rodata.app_gap_process_handlers)
</UL>
<P><STRONG><a name="[3f]"></a>gapm_adv_report_ind_handler</STRONG> (Thumb, 4 bytes, Stack size 0 bytes, lto-llvm-053317.o(.text.gapm_adv_report_ind_handler))
<BR>[Address Reference Count : 1]<UL><LI> lto-llvm-053317.o(.rodata.app_gap_process_handlers)
</UL>
<P><STRONG><a name="[40]"></a>gapc_param_update_req_ind_handler</STRONG> (Thumb, 32 bytes, Stack size 8 bytes, lto-llvm-053317.o(.text.gapc_param_update_req_ind_handler))
<BR><BR>[Stack]<UL><LI>Max Depth = 8<LI>Call Chain = gapc_param_update_req_ind_handler
</UL>
<BR>[Calls]<UL><LI><a href="#[f6]">&gt;&gt;</a>&nbsp;&nbsp;&nbsp;ke_msg_send
<LI><a href="#[f3]">&gt;&gt;</a>&nbsp;&nbsp;&nbsp;ke_msg_alloc
</UL>
<BR>[Address Reference Count : 1]<UL><LI> lto-llvm-053317.o(.rodata.app_gap_process_handlers)
</UL>
<P><STRONG><a name="[41]"></a>gapc_le_pkt_size_ind_handler</STRONG> (Thumb, 4 bytes, Stack size 0 bytes, lto-llvm-053317.o(.text.gapc_le_pkt_size_ind_handler))
<BR>[Address Reference Count : 1]<UL><LI> lto-llvm-053317.o(.rodata.app_gap_process_handlers)
</UL>
<P><STRONG><a name="[42]"></a>gattc_svc_changed_cfg_ind_handler</STRONG> (Thumb, 4 bytes, Stack size 0 bytes, lto-llvm-053317.o(.text.gattc_svc_changed_cfg_ind_handler))
<BR>[Address Reference Count : 1]<UL><LI> lto-llvm-053317.o(.rodata.app_gap_process_handlers)
</UL>
<P><STRONG><a name="[43]"></a>gapc_peer_features_ind_handler</STRONG> (Thumb, 4 bytes, Stack size 0 bytes, lto-llvm-053317.o(.text.gapc_peer_features_ind_handler))
<BR>[Address Reference Count : 1]<UL><LI> lto-llvm-053317.o(.rodata.app_gap_process_handlers)
</UL>
<P><STRONG><a name="[44]"></a>gapc_security_ind_handler</STRONG> (Thumb, 4 bytes, Stack size 0 bytes, lto-llvm-053317.o(.text.gapc_security_ind_handler))
<BR>[Address Reference Count : 1]<UL><LI> lto-llvm-053317.o(.rodata.app_gap_process_handlers)
</UL>
<P><STRONG><a name="[26]"></a>app_sec_process_handler</STRONG> (Thumb, 28 bytes, Stack size 24 bytes, lto-llvm-053317.o(.text.app_sec_process_handler))
<BR><BR>[Stack]<UL><LI>Max Depth = 64<LI>Call Chain = app_sec_process_handler &rArr; app_std_process_event
</UL>
<BR>[Calls]<UL><LI><a href="#[143]">&gt;&gt;</a>&nbsp;&nbsp;&nbsp;app_std_process_event
</UL>
<BR>[Address Reference Count : 1]<UL><LI> lto-llvm-053317.o(.text.app_entry_point_handler)
</UL>
<P><STRONG><a name="[45]"></a>gapc_bond_req_ind_handler</STRONG> (Thumb, 292 bytes, Stack size 40 bytes, lto-llvm-053317.o(.text.gapc_bond_req_ind_handler))
<BR><BR>[Stack]<UL><LI>Max Depth = 88<LI>Call Chain = gapc_bond_req_ind_handler &rArr; app_fill_random_byte_array
</UL>
<BR>[Calls]<UL><LI><a href="#[f6]">&gt;&gt;</a>&nbsp;&nbsp;&nbsp;ke_msg_send
<LI><a href="#[f3]">&gt;&gt;</a>&nbsp;&nbsp;&nbsp;ke_msg_alloc
<LI><a href="#[e7]">&gt;&gt;</a>&nbsp;&nbsp;&nbsp;dia_rand
<LI><a href="#[145]">&gt;&gt;</a>&nbsp;&nbsp;&nbsp;app_easy_security_tk_exch
<LI><a href="#[158]">&gt;&gt;</a>&nbsp;&nbsp;&nbsp;ltk_exch_create_msg
<LI><a href="#[148]">&gt;&gt;</a>&nbsp;&nbsp;&nbsp;app_fill_random_byte_array
<LI><a href="#[e6]">&gt;&gt;</a>&nbsp;&nbsp;&nbsp;__aeabi_memcpy
</UL>
<BR>[Address Reference Count : 1]<UL><LI> lto-llvm-053317.o(.rodata.app_sec_process_handlers)
</UL>
<P><STRONG><a name="[148]"></a>app_fill_random_byte_array</STRONG> (Thumb, 180 bytes, Stack size 48 bytes, lto-llvm-053317.o(.text.app_fill_random_byte_array))
<BR><BR>[Stack]<UL><LI>Max Depth = 48<LI>Call Chain = app_fill_random_byte_array
</UL>
<BR>[Calls]<UL><LI><a href="#[e7]">&gt;&gt;</a>&nbsp;&nbsp;&nbsp;dia_rand
</UL>
<BR>[Called By]<UL><LI><a href="#[45]">&gt;&gt;</a>&nbsp;&nbsp;&nbsp;gapc_bond_req_ind_handler
</UL>

<P><STRONG><a name="[158]"></a>ltk_exch_create_msg</STRONG> (Thumb, 44 bytes, Stack size 8 bytes, lto-llvm-053317.o(.text.ltk_exch_create_msg))
<BR><BR>[Stack]<UL><LI>Max Depth = 8<LI>Call Chain = ltk_exch_create_msg
</UL>
<BR>[Calls]<UL><LI><a href="#[f3]">&gt;&gt;</a>&nbsp;&nbsp;&nbsp;ke_msg_alloc
</UL>
<BR>[Called By]<UL><LI><a href="#[45]">&gt;&gt;</a>&nbsp;&nbsp;&nbsp;gapc_bond_req_ind_handler
</UL>

<P><STRONG><a name="[145]"></a>app_easy_security_tk_exch</STRONG> (Thumb, 76 bytes, Stack size 24 bytes, lto-llvm-053317.o(.text.app_easy_security_tk_exch))
<BR><BR>[Stack]<UL><LI>Max Depth = 24<LI>Call Chain = app_easy_security_tk_exch
</UL>
<BR>[Calls]<UL><LI><a href="#[f6]">&gt;&gt;</a>&nbsp;&nbsp;&nbsp;ke_msg_send
<LI><a href="#[f3]">&gt;&gt;</a>&nbsp;&nbsp;&nbsp;ke_msg_alloc
<LI><a href="#[146]">&gt;&gt;</a>&nbsp;&nbsp;&nbsp;__aeabi_memclr
<LI><a href="#[e6]">&gt;&gt;</a>&nbsp;&nbsp;&nbsp;__aeabi_memcpy
</UL>
<BR>[Called By]<UL><LI><a href="#[45]">&gt;&gt;</a>&nbsp;&nbsp;&nbsp;gapc_bond_req_ind_handler
</UL>

<P><STRONG><a name="[46]"></a>gapc_bond_ind_handler</STRONG> (Thumb, 272 bytes, Stack size 16 bytes, lto-llvm-053317.o(.text.gapc_bond_ind_handler))
<BR><BR>[Stack]<UL><LI>Max Depth = 32<LI>Call Chain = gapc_bond_ind_handler &rArr; user_catch_rest_hndl
</UL>
<BR>[Calls]<UL><LI><a href="#[f6]">&gt;&gt;</a>&nbsp;&nbsp;&nbsp;ke_msg_send
<LI><a href="#[f3]">&gt;&gt;</a>&nbsp;&nbsp;&nbsp;ke_msg_alloc
<LI><a href="#[147]">&gt;&gt;</a>&nbsp;&nbsp;&nbsp;user_catch_rest_hndl
<LI><a href="#[e6]">&gt;&gt;</a>&nbsp;&nbsp;&nbsp;__aeabi_memcpy
</UL>
<BR>[Address Reference Count : 1]<UL><LI> lto-llvm-053317.o(.rodata.app_sec_process_handlers)
</UL>
<P><STRONG><a name="[47]"></a>gapc_encrypt_req_ind_handler</STRONG> (Thumb, 4 bytes, Stack size 0 bytes, lto-llvm-053317.o(.text.gapc_encrypt_req_ind_handler))
<BR>[Address Reference Count : 1]<UL><LI> lto-llvm-053317.o(.rodata.app_sec_process_handlers)
</UL>
<P><STRONG><a name="[48]"></a>gapc_encrypt_ind_handler</STRONG> (Thumb, 20 bytes, Stack size 0 bytes, lto-llvm-053317.o(.text.gapc_encrypt_ind_handler))
<BR>[Address Reference Count : 1]<UL><LI> lto-llvm-053317.o(.rodata.app_sec_process_handlers)
</UL>
<P><STRONG><a name="[49]"></a>gapm_addr_solved_ind_handler</STRONG> (Thumb, 4 bytes, Stack size 0 bytes, lto-llvm-053317.o(.text.gapm_addr_solved_ind_handler))
<BR>[Address Reference Count : 1]<UL><LI> lto-llvm-053317.o(.rodata.app_sec_process_handlers)
</UL>
<P><STRONG><a name="[4a]"></a>gapm_ral_size_ind_handler</STRONG> (Thumb, 4 bytes, Stack size 0 bytes, lto-llvm-053317.o(.text.gapm_ral_size_ind_handler))
<BR>[Address Reference Count : 1]<UL><LI> lto-llvm-053317.o(.rodata.app_sec_process_handlers)
</UL>
<P><STRONG><a name="[4b]"></a>gapm_ral_addr_ind_handler</STRONG> (Thumb, 4 bytes, Stack size 0 bytes, lto-llvm-053317.o(.text.gapm_ral_addr_ind_handler))
<BR>[Address Reference Count : 1]<UL><LI> lto-llvm-053317.o(.rodata.app_sec_process_handlers)
</UL>
<P><STRONG><a name="[89]"></a>app_diss_create_db</STRONG> (Thumb, 52 bytes, Stack size 16 bytes, lto-llvm-053317.o(.text.app_diss_create_db))
<BR><BR>[Stack]<UL><LI>Max Depth = 16<LI>Call Chain = app_diss_create_db
</UL>
<BR>[Calls]<UL><LI><a href="#[f6]">&gt;&gt;</a>&nbsp;&nbsp;&nbsp;ke_msg_send
<LI><a href="#[f3]">&gt;&gt;</a>&nbsp;&nbsp;&nbsp;ke_msg_alloc
<LI><a href="#[142]">&gt;&gt;</a>&nbsp;&nbsp;&nbsp;get_user_prf_srv_perm
</UL>
<BR>[Address Reference Count : 1]<UL><LI> lto-llvm-053317.o(.rodata.prf_funcs)
</UL>
<P><STRONG><a name="[27]"></a>app_diss_process_handler</STRONG> (Thumb, 28 bytes, Stack size 24 bytes, lto-llvm-053317.o(.text.app_diss_process_handler))
<BR><BR>[Stack]<UL><LI>Max Depth = 64<LI>Call Chain = app_diss_process_handler &rArr; app_std_process_event
</UL>
<BR>[Calls]<UL><LI><a href="#[143]">&gt;&gt;</a>&nbsp;&nbsp;&nbsp;app_std_process_event
</UL>
<BR>[Address Reference Count : 1]<UL><LI> lto-llvm-053317.o(.text.app_entry_point_handler)
</UL>
<P><STRONG><a name="[36]"></a>diss_value_req_ind_handler</STRONG> (Thumb, 124 bytes, Stack size 24 bytes, lto-llvm-053317.o(.text.diss_value_req_ind_handler))
<BR><BR>[Stack]<UL><LI>Max Depth = 24<LI>Call Chain = diss_value_req_ind_handler
</UL>
<BR>[Calls]<UL><LI><a href="#[f6]">&gt;&gt;</a>&nbsp;&nbsp;&nbsp;ke_msg_send
<LI><a href="#[f3]">&gt;&gt;</a>&nbsp;&nbsp;&nbsp;ke_msg_alloc
<LI><a href="#[e6]">&gt;&gt;</a>&nbsp;&nbsp;&nbsp;__aeabi_memcpy
</UL>
<BR>[Address Reference Count : 1]<UL><LI> lto-llvm-053317.o(.rodata.app_diss_process_handlers)
</UL>
<P><STRONG><a name="[35]"></a>app_entry_point_handler</STRONG> (Thumb, 68 bytes, Stack size 40 bytes, lto-llvm-053317.o(.text.app_entry_point_handler))
<BR><BR>[Stack]<UL><LI>Max Depth = 56<LI>Call Chain = app_entry_point_handler &rArr; user_catch_rest_hndl
</UL>
<BR>[Calls]<UL><LI><a href="#[147]">&gt;&gt;</a>&nbsp;&nbsp;&nbsp;user_catch_rest_hndl
</UL>
<BR>[Address Reference Count : 1]<UL><LI> lto-llvm-053317.o(.rodata.app_default_state)
</UL>
<P><STRONG><a name="[24]"></a>app_timer_api_process_handler</STRONG> (Thumb, 312 bytes, Stack size 16 bytes, lto-llvm-053317.o(.text.app_timer_api_process_handler))
<BR><BR>[Stack]<UL><LI>Max Depth = 16<LI>Call Chain = app_timer_api_process_handler
</UL>
<BR>[Calls]<UL><LI><a href="#[12f]">&gt;&gt;</a>&nbsp;&nbsp;&nbsp;ke_timer_set
<LI><a href="#[f6]">&gt;&gt;</a>&nbsp;&nbsp;&nbsp;ke_msg_send
<LI><a href="#[f3]">&gt;&gt;</a>&nbsp;&nbsp;&nbsp;ke_msg_alloc
</UL>
<BR>[Address Reference Count : 1]<UL><LI> lto-llvm-053317.o(.text.app_entry_point_handler)
</UL>
<P><STRONG><a name="[25]"></a>app_msg_utils_api_process_handler</STRONG> (Thumb, 48 bytes, Stack size 8 bytes, lto-llvm-053317.o(.text.app_msg_utils_api_process_handler))
<BR><BR>[Stack]<UL><LI>Max Depth = 8<LI>Call Chain = app_msg_utils_api_process_handler
</UL>
<BR>[Address Reference Count : 1]<UL><LI> lto-llvm-053317.o(.text.app_entry_point_handler)
</UL>
<P><STRONG><a name="[28]"></a>app_custs1_process_handler</STRONG> (Thumb, 4 bytes, Stack size 0 bytes, lto-llvm-053317.o(.text.app_custs1_process_handler))
<BR>[Address Reference Count : 1]<UL><LI> lto-llvm-053317.o(.text.app_entry_point_handler)
</UL>
<P><STRONG><a name="[29]"></a>timer_modified_handler</STRONG> (Thumb, 2 bytes, Stack size 0 bytes, lto-llvm-053317.o(.text.timer_modified_handler))
<BR>[Address Reference Count : 1]<UL><LI> lto-llvm-053317.o(.text.app_timer_api_process_handler)
</UL>
<P><STRONG><a name="[2a]"></a>timer_canceled_handler</STRONG> (Thumb, 2 bytes, Stack size 0 bytes, lto-llvm-053317.o(.text.timer_canceled_handler))
<BR>[Address Reference Count : 1]<UL><LI> lto-llvm-053317.o(.text.app_timer_api_process_handler)
</UL>
<P><STRONG><a name="[4c]"></a>app_custs1_create_db</STRONG> (Thumb, 52 bytes, Stack size 16 bytes, lto-llvm-053317.o(.text.app_custs1_create_db))
<BR><BR>[Stack]<UL><LI>Max Depth = 16<LI>Call Chain = app_custs1_create_db
</UL>
<BR>[Calls]<UL><LI><a href="#[f6]">&gt;&gt;</a>&nbsp;&nbsp;&nbsp;ke_msg_send
<LI><a href="#[f3]">&gt;&gt;</a>&nbsp;&nbsp;&nbsp;ke_msg_alloc
<LI><a href="#[142]">&gt;&gt;</a>&nbsp;&nbsp;&nbsp;get_user_prf_srv_perm
</UL>
<BR>[Address Reference Count : 1]<UL><LI> lto-llvm-053317.o(.rodata.cust_prf_funcs)
</UL>
<P><STRONG><a name="[2c]"></a>uart_tx</STRONG> (Thumb, 40 bytes, Stack size 8 bytes, lto-llvm-053317.o(.text.uart_tx))
<BR><BR>[Stack]<UL><LI>Max Depth = 8<LI>Call Chain = uart_tx
</UL>
<BR>[Calls]<UL><LI><a href="#[17c]">&gt;&gt;</a>&nbsp;&nbsp;&nbsp;strlen
</UL>
<BR>[Address Reference Count : 1]<UL><LI> lto-llvm-053317.o(.text.main)
</UL><P>
<H3>
Undefined Global Symbols
</H3>
<P><STRONG><a name="[164]"></a>reset_indication</STRONG> (Unknown, 0 bytes, Stack size 0 bytes, UNDEFINED)
<BR><BR>[Called By]<UL><LI><a href="#[1e]">&gt;&gt;</a>&nbsp;&nbsp;&nbsp;main
</UL>
<HR></body></html>
