Component: Arm Compiler for Embedded 6.19 Tool: armlink [5e73cb00]

==============================================================================

Section Cross References

    startup_da14585_586.o(RESET) refers to startup_da14585_586.o(STACK) for __initial_sp
    startup_da14585_586.o(RESET) refers to startup_da14585_586.o(.text) for Reset_Handler
    startup_da14585_586.o(RESET) refers to lto-llvm-2ceef3.o(.text.SysTick_Handler) for SysTick_Handler
    startup_da14585_586.o(RESET) refers to lto-llvm-2ceef3.o(.text.BLE_WAKEUP_LP_Handler) for BLE_WAKEUP_LP_Handler
    startup_da14585_586.o(RESET) refers to lto-llvm-2ceef3.o(.text.rwble_isr) for rwble_isr
    startup_da14585_586.o(RESET) refers to lto-llvm-2ceef3.o(.text.UART2_Handler) for UART2_Handler
    startup_da14585_586.o(RESET) refers to lto-llvm-2ceef3.o(.text.I2C_Handler) for I2C_Handler
    startup_da14585_586.o(RESET) refers to lto-llvm-2ceef3.o(.text.ADC_Handler) for ADC_Handler
    startup_da14585_586.o(RESET) refers to lto-llvm-2ceef3.o(.text.GPIO0_Handler) for GPIO0_Handler
    startup_da14585_586.o(RESET) refers to lto-llvm-2ceef3.o(.text.GPIO1_Handler) for GPIO1_Handler
    startup_da14585_586.o(RESET) refers to lto-llvm-2ceef3.o(.text.GPIO2_Handler) for GPIO2_Handler
    startup_da14585_586.o(RESET) refers to lto-llvm-2ceef3.o(.text.GPIO3_Handler) for GPIO3_Handler
    startup_da14585_586.o(RESET) refers to lto-llvm-2ceef3.o(.text.GPIO4_Handler) for GPIO4_Handler
    startup_da14585_586.o(RESET) refers to lto-llvm-2ceef3.o(.text.WKUP_QUADEC_Handler) for WKUP_QUADEC_Handler
    startup_da14585_586.o(.text) refers to lto-llvm-2ceef3.o(system_DA14xxx) for SystemInit
    startup_da14585_586.o(.text) refers to entry.o(.ARM.Collect$$$$00000000) for __main
    startup_da14585_586.o(.text) refers to lto-llvm-2ceef3.o(.text.NMI_HandlerC) for NMI_HandlerC
    startup_da14585_586.o(.text) refers to lto-llvm-2ceef3.o(.text.HardFault_HandlerC) for HardFault_HandlerC
    patch.o(.text) refers to lto-llvm-2ceef3.o(.rodata.my_custom_msg_handlers) for my_custom_msg_handlers
    entry.o(.ARM.Collect$$$$00000000) refers (Special) to entry10a.o(.ARM.Collect$$$$0000000D) for __rt_final_cpp
    entry.o(.ARM.Collect$$$$00000000) refers (Special) to entry11a.o(.ARM.Collect$$$$0000000F) for __rt_final_exit
    entry.o(.ARM.Collect$$$$00000000) refers (Special) to entry7b.o(.ARM.Collect$$$$00000008) for _main_clock
    entry.o(.ARM.Collect$$$$00000000) refers (Special) to entry8b.o(.ARM.Collect$$$$0000000A) for _main_cpp_init
    entry.o(.ARM.Collect$$$$00000000) refers (Special) to entry9a.o(.ARM.Collect$$$$0000000B) for _main_init
    entry.o(.ARM.Collect$$$$00000000) refers (Special) to entry5.o(.ARM.Collect$$$$00000004) for _main_scatterload
    entry.o(.ARM.Collect$$$$00000000) refers (Special) to entry2.o(.ARM.Collect$$$$00000001) for _main_stk
    entry2.o(.ARM.Collect$$$$00000001) refers to entry2.o(.ARM.Collect$$$$00002712) for __lit__00000000
    entry2.o(.ARM.Collect$$$$00002712) refers to startup_da14585_586.o(STACK) for __initial_sp
    entry2.o(__vectab_stack_and_reset_area) refers to startup_da14585_586.o(STACK) for __initial_sp
    entry2.o(__vectab_stack_and_reset_area) refers to entry.o(.ARM.Collect$$$$00000000) for __main
    entry5.o(.ARM.Collect$$$$00000004) refers to init.o(.text) for __scatterload
    entry9a.o(.ARM.Collect$$$$0000000B) refers to lto-llvm-2ceef3.o(.text.main) for main
    entry9b.o(.ARM.Collect$$$$0000000C) refers to lto-llvm-2ceef3.o(.text.main) for main
    init.o(.text) refers to entry5.o(.ARM.Collect$$$$00000004) for __main_after_scatterload
    lto-llvm-2ceef3.o(.ARM.exidxsystem_DA14xxx) refers to lto-llvm-2ceef3.o(system_DA14xxx) for [Anonymous Symbol]
    lto-llvm-2ceef3.o(.ARM.exidx.text.HardFault_HandlerC) refers to lto-llvm-2ceef3.o(.text.HardFault_HandlerC) for [Anonymous Symbol]
    lto-llvm-2ceef3.o(.ARM.exidx.text.NMI_HandlerC) refers to lto-llvm-2ceef3.o(.text.NMI_HandlerC) for [Anonymous Symbol]
    lto-llvm-2ceef3.o(.text.nvds_get_func) refers to lto-llvm-2ceef3.o(.bss.retention_mem_area0) for [Anonymous Symbol]
    lto-llvm-2ceef3.o(.text.nvds_get_func) refers to lto-llvm-2ceef3.o(.rodata.nvds_data_storage) for [Anonymous Symbol]
    lto-llvm-2ceef3.o(.ARM.exidx.text.nvds_get_func) refers to lto-llvm-2ceef3.o(.text.nvds_get_func) for [Anonymous Symbol]
    lto-llvm-2ceef3.o(.ARM.exidx.text.nvds_init_func) refers to lto-llvm-2ceef3.o(.text.nvds_init_func) for [Anonymous Symbol]
    lto-llvm-2ceef3.o(.ARM.exidx.text.nvds_del_func) refers to lto-llvm-2ceef3.o(.text.nvds_del_func) for [Anonymous Symbol]
    lto-llvm-2ceef3.o(.ARM.exidx.text.nvds_put_func) refers to lto-llvm-2ceef3.o(.text.nvds_put_func) for [Anonymous Symbol]
    lto-llvm-2ceef3.o(.ARM.exidx.text.platform_reset_func) refers to lto-llvm-2ceef3.o(.text.platform_reset_func) for [Anonymous Symbol]
    lto-llvm-2ceef3.o(.ARM.exidx.text.dbg_init_func_empty) refers to lto-llvm-2ceef3.o(.text.dbg_init_func_empty) for [Anonymous Symbol]
[...]
    h4tl_read_next_out_of_sync_func          0x07f0ed29   Thumb Code     0  da14585_symbols.txt ABSOLUTE
    h4tl_out_of_sync_func                    0x07f0ed3d   Thumb Code     0  da14585_symbols.txt ABSOLUTE
    h4tl_out_of_sync_check                   0x07f0ed63   Thumb Code     0  da14585_symbols.txt ABSOLUTE
    h4tl_tx_done_func                        0x07f0edbf   Thumb Code     0  da14585_symbols.txt ABSOLUTE
    h4tl_rx_done_func                        0x07f0edd7   Thumb Code     0  da14585_symbols.txt ABSOLUTE
    h4tl_init_func                           0x07f0eefb   Thumb Code     0  da14585_symbols.txt ABSOLUTE
    h4tl_write                               0x07f0ef17   Thumb Code     0  da14585_symbols.txt ABSOLUTE
    h4tl_start                               0x07f0ef3f   Thumb Code     0  da14585_symbols.txt ABSOLUTE
    h4tl_stop                                0x07f0ef47   Thumb Code     0  da14585_symbols.txt ABSOLUTE
    h4tl_env_rx_type_set                     0x07f0ef5b   Thumb Code     0  da14585_symbols.txt ABSOLUTE
    h4tl_env_hdr_set                         0x07f0ef67   Thumb Code     0  da14585_symbols.txt ABSOLUTE
    attc_send_att_req                        0x07f0efa5   Thumb Code     0  da14585_symbols.txt ABSOLUTE
    attc_allocate_att_req                    0x07f0efe1   Thumb Code     0  da14585_symbols.txt ABSOLUTE
    attc_send_hdl_cfm                        0x07f0f003   Thumb Code     0  da14585_symbols.txt ABSOLUTE
    attc_send_execute                        0x07f0f019   Thumb Code     0  da14585_symbols.txt ABSOLUTE
    attc_send_read_ind                       0x07f0f033   Thumb Code     0  da14585_symbols.txt ABSOLUTE
    attc_l2cc_pdu_recv_handler_func          0x07f0f973   Thumb Code     0  da14585_symbols.txt ABSOLUTE
    attm_convert_to128                       0x07f0f9cd   Thumb Code     0  da14585_symbols.txt ABSOLUTE
    attm_uuid_comp                           0x07f0f9fd   Thumb Code     0  da14585_symbols.txt ABSOLUTE
    attm_uuid16_comp                         0x07f0fa55   Thumb Code     0  da14585_symbols.txt ABSOLUTE
    attm_is_bt16_uuid                        0x07f0fa61   Thumb Code     0  da14585_symbols.txt ABSOLUTE
    attm_is_bt32_uuid                        0x07f0fa87   Thumb Code     0  da14585_symbols.txt ABSOLUTE
    attmdb_add_service                       0x07f0fe87   Thumb Code     0  da14585_symbols.txt ABSOLUTE
    attmdb_destroy                           0x07f0ff0f   Thumb Code     0  da14585_symbols.txt ABSOLUTE
    attmdb_get_service                       0x07f0ff29   Thumb Code     0  da14585_symbols.txt ABSOLUTE
    attmdb_get_attribute                     0x07f0ff67   Thumb Code     0  da14585_symbols.txt ABSOLUTE
    attmdb_get_next_att                      0x07f0ff9b   Thumb Code     0  da14585_symbols.txt ABSOLUTE
    attmdb_uuid16_comp                       0x07f0ffff   Thumb Code     0  da14585_symbols.txt ABSOLUTE
    attmdb_att_set_value                     0x07f1003b   Thumb Code     0  da14585_symbols.txt ABSOLUTE
    attmdb_get_max_len                       0x07f100e7   Thumb Code     0  da14585_symbols.txt ABSOLUTE
    attmdb_get_uuid                          0x07f1014d   Thumb Code     0  da14585_symbols.txt ABSOLUTE
    attmdb_get_value                         0x07f10223   Thumb Code     0  da14585_symbols.txt ABSOLUTE
    attmdb_att_set_permission                0x07f10373   Thumb Code     0  da14585_symbols.txt ABSOLUTE
    attmdb_att_update_perm                   0x07f103e7   Thumb Code     0  da14585_symbols.txt ABSOLUTE
    attmdb_svc_get_permission                0x07f10455   Thumb Code     0  da14585_symbols.txt ABSOLUTE
    attmdb_att_get_permission                0x07f10473   Thumb Code     0  da14585_symbols.txt ABSOLUTE
    attmdb_svc_set_permission                0x07f10575   Thumb Code     0  da14585_symbols.txt ABSOLUTE
    attmdb_init                              0x07f10599   Thumb Code     0  da14585_symbols.txt ABSOLUTE
    attmdb_get_nb_svc                        0x07f105af   Thumb Code     0  da14585_symbols.txt ABSOLUTE
    attmdb_get_svc_info                      0x07f105c3   Thumb Code     0  da14585_symbols.txt ABSOLUTE
    attm_svc_create_db                       0x07f105f7   Thumb Code     0  da14585_symbols.txt ABSOLUTE
    attmdb_reserve_handle_range              0x07f10705   Thumb Code     0  da14585_symbols.txt ABSOLUTE
    atts_clear_read_cache                    0x07f10895   Thumb Code     0  da14585_symbols.txt ABSOLUTE
    atts_send_error                          0x07f109fd   Thumb Code     0  da14585_symbols.txt ABSOLUTE
    atts_write_signed_cfm                    0x07f10a19   Thumb Code     0  da14585_symbols.txt ABSOLUTE
    atts_send_event                          0x07f10a59   Thumb Code     0  da14585_symbols.txt ABSOLUTE
    atts_clear_prep_data                     0x07f10ae1   Thumb Code     0  da14585_symbols.txt ABSOLUTE
    atts_clear_rsp_data                      0x07f10b05   Thumb Code     0  da14585_symbols.txt ABSOLUTE
    atts_write_rsp_send                      0x07f10b55   Thumb Code     0  da14585_symbols.txt ABSOLUTE
    atts_mtu_exc_req                         0x07f10b75   Thumb Code     0  da14585_symbols.txt ABSOLUTE
    atts_l2cc_pdu_recv_handler_func          0x07f1177f   Thumb Code     0  da14585_symbols.txt ABSOLUTE
    atts_allocate_pdu                        0x07f11957   Thumb Code     0  da14585_symbols.txt ABSOLUTE
    atts_send_pdu                            0x07f11979   Thumb Code     0  da14585_symbols.txt ABSOLUTE
    gattc_cleanup                            0x07f119e7   Thumb Code     0  da14585_symbols.txt ABSOLUTE
    gattc_init                               0x07f11a6b   Thumb Code     0  da14585_symbols.txt ABSOLUTE
    gattc_update_state                       0x07f11a9d   Thumb Code     0  da14585_symbols.txt ABSOLUTE
    gattc_create                             0x07f11ac1   Thumb Code     0  da14585_symbols.txt ABSOLUTE
    gattc_con_enable                         0x07f11b35   Thumb Code     0  da14585_symbols.txt ABSOLUTE
    gattc_get_mtu                            0x07f11b3b   Thumb Code     0  da14585_symbols.txt ABSOLUTE
    gattc_set_mtu                            0x07f11b47   Thumb Code     0  da14585_symbols.txt ABSOLUTE
    gattc_get_requester                      0x07f11b8d   Thumb Code     0  da14585_symbols.txt ABSOLUTE
    gattc_send_complete_evt                  0x07f11ba9   Thumb Code     0  da14585_symbols.txt ABSOLUTE
    gattc_send_error_evt                     0x07f11c05   Thumb Code     0  da14585_symbols.txt ABSOLUTE
    gattc_get_operation                      0x07f11c2b   Thumb Code     0  da14585_symbols.txt ABSOLUTE
    gattc_get_op_seq_num                     0x07f11c41   Thumb Code     0  da14585_symbols.txt ABSOLUTE
    gattc_get_operation_ptr                  0x07f11c57   Thumb Code     0  da14585_symbols.txt ABSOLUTE
    gattc_set_operation_ptr                  0x07f11c63   Thumb Code     0  da14585_symbols.txt ABSOLUTE
    gattc_reschedule_operation               0x07f11c6f   Thumb Code     0  da14585_symbols.txt ABSOLUTE
    gattc_reallocate_svc                     0x07f11cb5   Thumb Code     0  da14585_symbols.txt ABSOLUTE
    gattm_svc_get_start_hdl                  0x07f12c6d   Thumb Code     0  da14585_symbols.txt ABSOLUTE
    gattm_init                               0x07f12c73   Thumb Code     0  da14585_symbols.txt ABSOLUTE
    gattm_init_attr                          0x07f12c91   Thumb Code     0  da14585_symbols.txt ABSOLUTE
    gattm_create                             0x07f12ce5   Thumb Code     0  da14585_symbols.txt ABSOLUTE
    gattm_cleanup                            0x07f12ced   Thumb Code     0  da14585_symbols.txt ABSOLUTE
    gattm_get_max_mtu                        0x07f12cf5   Thumb Code     0  da14585_symbols.txt ABSOLUTE
    gattm_set_max_mtu                        0x07f12cfb   Thumb Code     0  da14585_symbols.txt ABSOLUTE
    gattm_get_max_mps                        0x07f12d17   Thumb Code     0  da14585_symbols.txt ABSOLUTE
    gattm_set_max_mps                        0x07f12d1d   Thumb Code     0  da14585_symbols.txt ABSOLUTE
    l2cc_cleanup                             0x07f12f85   Thumb Code     0  da14585_symbols.txt ABSOLUTE
    l2cc_init                                0x07f12fc9   Thumb Code     0  da14585_symbols.txt ABSOLUTE
    l2cc_create                              0x07f12ffb   Thumb Code     0  da14585_symbols.txt ABSOLUTE
    l2cc_update_state                        0x07f13033   Thumb Code     0  da14585_symbols.txt ABSOLUTE
    l2cm_init                                0x07f13405   Thumb Code     0  da14585_symbols.txt ABSOLUTE
    l2cm_create                              0x07f13419   Thumb Code     0  da14585_symbols.txt ABSOLUTE
    l2cm_cleanup                             0x07f13421   Thumb Code     0  da14585_symbols.txt ABSOLUTE
    l2cm_set_link_layer_buff_size            0x07f13429   Thumb Code     0  da14585_symbols.txt ABSOLUTE
    smpc_send_use_enc_block_cmd              0x07f13439   Thumb Code     0  da14585_symbols.txt ABSOLUTE
    smpc_send_start_enc_cmd                  0x07f13471   Thumb Code     0  da14585_symbols.txt ABSOLUTE
    smpc_send_ltk_req_rsp                    0x07f134eb   Thumb Code     0  da14585_symbols.txt ABSOLUTE
    smpc_send_pairing_req_ind                0x07f13547   Thumb Code     0  da14585_symbols.txt ABSOLUTE
    smpc_send_pairing_ind                    0x07f1362b   Thumb Code     0  da14585_symbols.txt ABSOLUTE
    smpc_check_pairing_feat                  0x07f13747   Thumb Code     0  da14585_symbols.txt ABSOLUTE
    smpc_launch_rep_att_timer                0x07f13761   Thumb Code     0  da14585_symbols.txt ABSOLUTE
    smpc_check_repeated_attempts             0x07f1379d   Thumb Code     0  da14585_symbols.txt ABSOLUTE
    smpc_check_max_key_size                  0x07f137ff   Thumb Code     0  da14585_symbols.txt ABSOLUTE
    smpc_check_key_distrib                   0x07f13845   Thumb Code     0  da14585_symbols.txt ABSOLUTE
    smpc_xor                                 0x07f13885   Thumb Code     0  da14585_symbols.txt ABSOLUTE
    smpc_generate_l                          0x07f1389b   Thumb Code     0  da14585_symbols.txt ABSOLUTE
    smpc_generate_ci                         0x07f138e9   Thumb Code     0  da14585_symbols.txt ABSOLUTE
    smpc_generate_rand                       0x07f1394d   Thumb Code     0  da14585_symbols.txt ABSOLUTE
    smpc_generate_e1                         0x07f13973   Thumb Code     0  da14585_symbols.txt ABSOLUTE
    smpc_generate_cfm                        0x07f13a2d   Thumb Code     0  da14585_symbols.txt ABSOLUTE
    smpc_generate_stk                        0x07f13aa7   Thumb Code     0  da14585_symbols.txt ABSOLUTE
    smpc_calc_subkeys                        0x07f13afd   Thumb Code     0  da14585_symbols.txt ABSOLUTE
    smpc_clear_timeout_timer                 0x07f13b73   Thumb Code     0  da14585_symbols.txt ABSOLUTE
    smpc_pairing_end                         0x07f13b9d   Thumb Code     0  da14585_symbols.txt ABSOLUTE
    smpc_tkdp_rcp_continue                   0x07f13bfb   Thumb Code     0  da14585_symbols.txt ABSOLUTE
    smpc_tkdp_rcp_start                      0x07f13c75   Thumb Code     0  da14585_symbols.txt ABSOLUTE
    smpc_pdu_send                            0x07f13cc9   Thumb Code     0  da14585_symbols.txt ABSOLUTE
    smpc_tkdp_send_start                     0x07f13d67   Thumb Code     0  da14585_symbols.txt ABSOLUTE
    smpc_tkdp_send_continue                  0x07f13df3   Thumb Code     0  da14585_symbols.txt ABSOLUTE
    smpc_get_key_sec_prop                    0x07f13e6f   Thumb Code     0  da14585_symbols.txt ABSOLUTE
    smpc_is_sec_mode_reached                 0x07f13f3b   Thumb Code     0  da14585_symbols.txt ABSOLUTE
    smpc_handle_enc_change_evt               0x07f13f65   Thumb Code     0  da14585_symbols.txt ABSOLUTE
    smpc_pdu_recv_func                       0x07f1401f   Thumb Code     0  da14585_symbols.txt ABSOLUTE
    smpc_generate_subkey                     0x07f14089   Thumb Code     0  da14585_symbols.txt ABSOLUTE
    leftshift_onebit                         0x07f140bd   Thumb Code     0  da14585_symbols.txt ABSOLUTE
    padding                                  0x07f140d5   Thumb Code     0  da14585_symbols.txt ABSOLUTE
    smpc_generate_subkey_P2                  0x07f140f9   Thumb Code     0  da14585_symbols.txt ABSOLUTE
    AES_CMAC_block                           0x07f1419d   Thumb Code     0  da14585_symbols.txt ABSOLUTE
    smpc_generate_f4                         0x07f1425d   Thumb Code     0  da14585_symbols.txt ABSOLUTE
    smpc_generate_g2                         0x07f14371   Thumb Code     0  da14585_symbols.txt ABSOLUTE
    smpc_generate_f5                         0x07f1441b   Thumb Code     0  da14585_symbols.txt ABSOLUTE
    smpc_generate_f5_T                       0x07f1442d   Thumb Code     0  da14585_symbols.txt ABSOLUTE
    smpc_generate_f5_P2                      0x07f1449d   Thumb Code     0  da14585_symbols.txt ABSOLUTE
    smpc_generate_f6                         0x07f1466f   Thumb Code     0  da14585_symbols.txt ABSOLUTE
    smpm_send_encrypt_req                    0x07f14809   Thumb Code     0  da14585_symbols.txt ABSOLUTE
    smpm_send_gen_rand_nb_req                0x07f14837   Thumb Code     0  da14585_symbols.txt ABSOLUTE
    smpm_check_addr_type                     0x07f1484d   Thumb Code     0  da14585_symbols.txt ABSOLUTE
    gapc_update_state                        0x07f148b9   Thumb Code     0  da14585_symbols.txt ABSOLUTE
    gapc_get_requester                       0x07f148e9   Thumb Code     0  da14585_symbols.txt ABSOLUTE
    gapc_send_complete_evt                   0x07f14905   Thumb Code     0  da14585_symbols.txt ABSOLUTE
    gapc_init                                0x07f14a2f   Thumb Code     0  da14585_symbols.txt ABSOLUTE
    gapc_con_create                          0x07f14a61   Thumb Code     0  da14585_symbols.txt ABSOLUTE
    gapc_con_create_enh                      0x07f14b1b   Thumb Code     0  da14585_symbols.txt ABSOLUTE
    gapc_con_cleanup                         0x07f14c15   Thumb Code     0  da14585_symbols.txt ABSOLUTE
    gapc_send_disconect_ind                  0x07f14c25   Thumb Code     0  da14585_symbols.txt ABSOLUTE
    gapc_get_conidx                          0x07f14c47   Thumb Code     0  da14585_symbols.txt ABSOLUTE
    gapc_get_conhdl                          0x07f14c81   Thumb Code     0  da14585_symbols.txt ABSOLUTE
    gapc_get_role                            0x07f14c99   Thumb Code     0  da14585_symbols.txt ABSOLUTE
    gapc_get_bdaddr                          0x07f14cb5   Thumb Code     0  da14585_symbols.txt ABSOLUTE
    gapc_get_csrk                            0x07f14cd5   Thumb Code     0  da14585_symbols.txt ABSOLUTE
    gapc_get_sign_counter                    0x07f14cf3   Thumb Code     0  da14585_symbols.txt ABSOLUTE
    gapc_send_error_evt                      0x07f14d11   Thumb Code     0  da14585_symbols.txt ABSOLUTE
    gapc_get_operation                       0x07f14d33   Thumb Code     0  da14585_symbols.txt ABSOLUTE
    gapc_get_operation_ptr                   0x07f14d49   Thumb Code     0  da14585_symbols.txt ABSOLUTE
    gapc_set_operation_ptr                   0x07f14d55   Thumb Code     0  da14585_symbols.txt ABSOLUTE
    gapc_reschedule_operation                0x07f14d61   Thumb Code     0  da14585_symbols.txt ABSOLUTE
    gapc_get_enc_keysize                     0x07f14d91   Thumb Code     0  da14585_symbols.txt ABSOLUTE
    gapc_is_sec_set                          0x07f14da9   Thumb Code     0  da14585_symbols.txt ABSOLUTE
    gapc_set_enc_keysize                     0x07f14e35   Thumb Code     0  da14585_symbols.txt ABSOLUTE
    gapc_link_encrypted                      0x07f14e49   Thumb Code     0  da14585_symbols.txt ABSOLUTE
    gapc_auth_set                            0x07f14e63   Thumb Code     0  da14585_symbols.txt ABSOLUTE
    gapc_svc_chg_ccc_get                     0x07f14e83   Thumb Code     0  da14585_symbols.txt ABSOLUTE
    gapc_svc_chg_ccc_set                     0x07f14e93   Thumb Code     0  da14585_symbols.txt ABSOLUTE
    gapc_check_lecb_sec_perm                 0x07f14ea9   Thumb Code     0  da14585_symbols.txt ABSOLUTE
    gapc_search_lecb_channel                 0x07f14f11   Thumb Code     0  da14585_symbols.txt ABSOLUTE
    gapc_lecnx_check_tx                      0x07f14f4b   Thumb Code     0  da14585_symbols.txt ABSOLUTE
    gapc_lecnx_check_rx                      0x07f14f93   Thumb Code     0  da14585_symbols.txt ABSOLUTE
    gapc_lecnx_get_field                     0x07f14fd7   Thumb Code     0  da14585_symbols.txt ABSOLUTE
    gapc_process_op                          0x07f1504d   Thumb Code     0  da14585_symbols.txt ABSOLUTE
    gapc_param_update_sanity                 0x07f151c7   Thumb Code     0  da14585_symbols.txt ABSOLUTE
    gapc_param_cb_con_sanity                 0x07f151ef   Thumb Code     0  da14585_symbols.txt ABSOLUTE
    gapc_param_update_cmd_handler            0x07f15565   Thumb Code     0  da14585_symbols.txt ABSOLUTE
    l2cc_pdu_recv_ind_handler_func           0x07f156ab   Thumb Code     0  da14585_symbols.txt ABSOLUTE
    gapc_lecb_connect_cfm_handler_func       0x07f16653   Thumb Code     0  da14585_symbols.txt ABSOLUTE
    gapm_init                                0x07f16a27   Thumb Code     0  da14585_symbols.txt ABSOLUTE
    gapm_init_attr                           0x07f16a83   Thumb Code     0  da14585_symbols.txt ABSOLUTE
    gapm_get_operation                       0x07f16aaf   Thumb Code     0  da14585_symbols.txt ABSOLUTE
    gapm_get_requester                       0x07f16ac1   Thumb Code     0  da14585_symbols.txt ABSOLUTE
    gapm_reschedule_operation                0x07f16ad9   Thumb Code     0  da14585_symbols.txt ABSOLUTE
    gapm_send_complete_evt                   0x07f16afb   Thumb Code     0  da14585_symbols.txt ABSOLUTE
    gapm_send_error_evt                      0x07f16b31   Thumb Code     0  da14585_symbols.txt ABSOLUTE
    gapm_con_create                          0x07f16b51   Thumb Code     0  da14585_symbols.txt ABSOLUTE
    gapm_con_enable                          0x07f16bd5   Thumb Code     0  da14585_symbols.txt ABSOLUTE
    gapm_con_cleanup                         0x07f16be1   Thumb Code     0  da14585_symbols.txt ABSOLUTE
    gapm_get_id_from_task                    0x07f16c11   Thumb Code     0  da14585_symbols.txt ABSOLUTE
    gapm_get_task_from_id                    0x07f16c51   Thumb Code     0  da14585_symbols.txt ABSOLUTE
    gapm_is_disc_connection                  0x07f16c8d   Thumb Code     0  da14585_symbols.txt ABSOLUTE
    gapm_adv_sanity                          0x07f17ab9   Thumb Code     0  da14585_symbols.txt ABSOLUTE
    gapm_adv_op_sanity                       0x07f17bad   Thumb Code     0  da14585_symbols.txt ABSOLUTE
    gapm_set_adv_mode                        0x07f17d2b   Thumb Code     0  da14585_symbols.txt ABSOLUTE
    gapm_set_adv_data                        0x07f17d45   Thumb Code     0  da14585_symbols.txt ABSOLUTE
    gapm_execute_adv_op                      0x07f17dd1   Thumb Code     0  da14585_symbols.txt ABSOLUTE
    gapm_scan_op_sanity                      0x07f17ef7   Thumb Code     0  da14585_symbols.txt ABSOLUTE
    gapm_set_scan_mode                       0x07f17fff   Thumb Code     0  da14585_symbols.txt ABSOLUTE
    gapm_execute_scan_op                     0x07f1801d   Thumb Code     0  da14585_symbols.txt ABSOLUTE
    gapm_connect_op_sanity                   0x07f180d7   Thumb Code     0  da14585_symbols.txt ABSOLUTE
    gapm_basic_hci_cmd_send                  0x07f18257   Thumb Code     0  da14585_symbols.txt ABSOLUTE
    gapm_execute_connect_op                  0x07f1826b   Thumb Code     0  da14585_symbols.txt ABSOLUTE
    gapm_get_role                            0x07f1840d   Thumb Code     0  da14585_symbols.txt ABSOLUTE
    gapm_get_ad_type_flag                    0x07f18415   Thumb Code     0  da14585_symbols.txt ABSOLUTE
    gapm_add_to_filter                       0x07f1843b   Thumb Code     0  da14585_symbols.txt ABSOLUTE
    gapm_is_filtered                         0x07f184bb   Thumb Code     0  da14585_symbols.txt ABSOLUTE
    gapm_update_air_op_state                 0x07f1851f   Thumb Code     0  da14585_symbols.txt ABSOLUTE
    gapm_get_irk                             0x07f185e7   Thumb Code     0  da14585_symbols.txt ABSOLUTE
    gapm_get_bdaddr                          0x07f185ed   Thumb Code     0  da14585_symbols.txt ABSOLUTE
    l2cc_pdu_pack_func                       0x07f18609   Thumb Code     0  da14585_symbols.txt ABSOLUTE
    l2cc_pdu_unpack_func                     0x07f18b01   Thumb Code     0  da14585_symbols.txt ABSOLUTE
    l2cc_detect_dest                         0x07f18e03   Thumb Code     0  da14585_symbols.txt ABSOLUTE
    l2c_process_sdu_func                     0x07f18e5f   Thumb Code     0  da14585_symbols.txt ABSOLUTE
    l2c_send_lecb_message_func               0x07f18f77   Thumb Code     0  da14585_symbols.txt ABSOLUTE
    smpc_check_param_func                    0x07f19071   Thumb Code     0  da14585_symbols.txt ABSOLUTE
    smpc_construct_id_addr_info_pdu          0x07f19157   Thumb Code     0  da14585_symbols.txt ABSOLUTE
    smpc_recv_pair_req_pdu                   0x07f1919f   Data           0  da14585_symbols.txt ABSOLUTE
    smpc_recv_pair_rand_pdu                  0x07f193e3   Thumb Code     0  da14585_symbols.txt ABSOLUTE
    smpc_recv_pair_fail_pdu                  0x07f194af   Data           0  da14585_symbols.txt ABSOLUTE
    smpc_recv_public_key_exchange_pdu        0x07f19647   Thumb Code     0  da14585_symbols.txt ABSOLUTE
    hci_le_ltk_request_evt_handler           0x07f19bbf   Data           0  da14585_symbols.txt ABSOLUTE
    gapc_hci_handler                         0x07f19c73   Thumb Code     0  da14585_symbols.txt ABSOLUTE
    gapm_hci_handler                         0x07f1a8c1   Thumb Code     0  da14585_symbols.txt ABSOLUTE
    smpc_pairing_start                       0x07f1a951   Thumb Code     0  da14585_symbols.txt ABSOLUTE
    smpc_pairing_tk_exch                     0x07f1a9d7   Thumb Code     0  da14585_symbols.txt ABSOLUTE
    smpc_pairing_ltk_exch                    0x07f1aa95   Thumb Code     0  da14585_symbols.txt ABSOLUTE
    smpc_pairing_csrk_exch                   0x07f1aae9   Thumb Code     0  da14585_symbols.txt ABSOLUTE
    smpc_pairing_rsp                         0x07f1ab3f   Thumb Code     0  da14585_symbols.txt ABSOLUTE
    smpc_pairing_req_handler                 0x07f1ac23   Thumb Code     0  da14585_symbols.txt ABSOLUTE
    smpc_security_req_send                   0x07f1ac5b   Thumb Code     0  da14585_symbols.txt ABSOLUTE
    smpc_encrypt_start                       0x07f1ac85   Thumb Code     0  da14585_symbols.txt ABSOLUTE
    smpc_encrypt_start_handler               0x07f1acab   Thumb Code     0  da14585_symbols.txt ABSOLUTE
    smpc_encrypt_cfm                         0x07f1acdd   Thumb Code     0  da14585_symbols.txt ABSOLUTE
    smpc_sign_command                        0x07f1ad09   Thumb Code     0  da14585_symbols.txt ABSOLUTE
    smpc_sign_cont                           0x07f1ade1   Thumb Code     0  da14585_symbols.txt ABSOLUTE
    smpc_calc_confirm_cont                   0x07f1af87   Thumb Code     0  da14585_symbols.txt ABSOLUTE
    smpc_confirm_gen_rand                    0x07f1b4c9   Thumb Code     0  da14585_symbols.txt ABSOLUTE
    smpc_public_key_exchange_start_func      0x07f1b58f   Thumb Code     0  da14585_symbols.txt ABSOLUTE
    smpc_dhkey_calc_start                    0x07f1b5b3   Thumb Code     0  da14585_symbols.txt ABSOLUTE
    smpc_sec_authentication_start            0x07f1b601   Thumb Code     0  da14585_symbols.txt ABSOLUTE
    smpc_dhkey_calc_ind_func                 0x07f1b62f   Thumb Code     0  da14585_symbols.txt ABSOLUTE
    smpm_gen_rand_addr                       0x07f1b675   Thumb Code     0  da14585_symbols.txt ABSOLUTE
    smpm_resolv_addr                         0x07f1b68d   Thumb Code     0  da14585_symbols.txt ABSOLUTE
    smpm_use_enc_block                       0x07f1b6af   Thumb Code     0  da14585_symbols.txt ABSOLUTE
    smpm_gen_rand_nb                         0x07f1b6b7   Thumb Code     0  da14585_symbols.txt ABSOLUTE
    smpm_ecdh_key_create_func                0x07f1b6bf   Thumb Code     0  da14585_symbols.txt ABSOLUTE
    ke_init                                  0x07f1b6dd   Thumb Code     0  da14585_symbols.txt ABSOLUTE
    ke_flush                                 0x07f1b70f   Thumb Code     0  da14585_symbols.txt ABSOLUTE
    ke_sleep_check                           0x07f1b74f   Thumb Code     0  da14585_symbols.txt ABSOLUTE
    ke_stats_get                             0x07f1b761   Thumb Code     0  da14585_symbols.txt ABSOLUTE
    ke_event_init                            0x07f1b77d   Thumb Code     0  da14585_symbols.txt ABSOLUTE
    ke_event_callback_set                    0x07f1b789   Thumb Code     0  da14585_symbols.txt ABSOLUTE
    ke_event_set                             0x07f1b79d   Thumb Code     0  da14585_symbols.txt ABSOLUTE
    ke_event_clear                           0x07f1b7c9   Thumb Code     0  da14585_symbols.txt ABSOLUTE
    ke_event_get                             0x07f1b7f5   Thumb Code     0  da14585_symbols.txt ABSOLUTE
    ke_event_get_all                         0x07f1b81b   Thumb Code     0  da14585_symbols.txt ABSOLUTE
    ke_event_flush                           0x07f1b821   Thumb Code     0  da14585_symbols.txt ABSOLUTE
    ke_event_schedule                        0x07f1b829   Thumb Code     0  da14585_symbols.txt ABSOLUTE
    ke_mem_init                              0x07f1b879   Thumb Code     0  da14585_symbols.txt ABSOLUTE
    ke_mem_is_empty                          0x07f1b8c5   Thumb Code     0  da14585_symbols.txt ABSOLUTE
    ke_check_malloc                          0x07f1b905   Thumb Code     0  da14585_symbols.txt ABSOLUTE
    ke_malloc                                0x07f1b995   Thumb Code     0  da14585_symbols.txt ABSOLUTE
    ke_free                                  0x07f1ba8b   Thumb Code     0  da14585_symbols.txt ABSOLUTE
    ke_is_free                               0x07f1bb6d   Thumb Code     0  da14585_symbols.txt ABSOLUTE
    ke_get_mem_usage                         0x07f1bb7f   Thumb Code     0  da14585_symbols.txt ABSOLUTE
    ke_get_max_mem_usage                     0x07f1bb8b   Thumb Code     0  da14585_symbols.txt ABSOLUTE
    ke_msg_alloc                             0x07f1bbb1   Thumb Code     0  da14585_symbols.txt ABSOLUTE
    ke_msg_send                              0x07f1bbe3   Thumb Code     0  da14585_symbols.txt ABSOLUTE
    ke_msg_send_basic                        0x07f1bc0f   Thumb Code     0  da14585_symbols.txt ABSOLUTE
    ke_msg_forward                           0x07f1bc1d   Thumb Code     0  da14585_symbols.txt ABSOLUTE
    ke_msg_forward_new_id                    0x07f1bc27   Thumb Code     0  da14585_symbols.txt ABSOLUTE
    ke_msg_free                              0x07f1bc37   Thumb Code     0  da14585_symbols.txt ABSOLUTE
    ke_msg_dest_id_get                       0x07f1bc3f   Thumb Code     0  da14585_symbols.txt ABSOLUTE
    ke_msg_src_id_get                        0x07f1bc45   Thumb Code     0  da14585_symbols.txt ABSOLUTE
    ke_msg_in_queue                          0x07f1bc4b   Thumb Code     0  da14585_symbols.txt ABSOLUTE
    ke_queue_extract                         0x07f1bc5d   Thumb Code     0  da14585_symbols.txt ABSOLUTE
    ke_queue_insert                          0x07f1bcad   Thumb Code     0  da14585_symbols.txt ABSOLUTE
    ke_task_init_func                        0x07f1be3f   Thumb Code     0  da14585_symbols.txt ABSOLUTE
    ke_task_create                           0x07f1be53   Thumb Code     0  da14585_symbols.txt ABSOLUTE
    ke_task_delete                           0x07f1be8b   Thumb Code     0  da14585_symbols.txt ABSOLUTE
    ke_state_set                             0x07f1beb7   Thumb Code     0  da14585_symbols.txt ABSOLUTE
    ke_state_get                             0x07f1bf1b   Thumb Code     0  da14585_symbols.txt ABSOLUTE
    ke_msg_discard                           0x07f1bf39   Thumb Code     0  da14585_symbols.txt ABSOLUTE
    ke_msg_save                              0x07f1bf3d   Thumb Code     0  da14585_symbols.txt ABSOLUTE
    ke_task_msg_flush                        0x07f1bf41   Thumb Code     0  da14585_symbols.txt ABSOLUTE
    ke_timer_init_func                       0x07f1c049   Thumb Code     0  da14585_symbols.txt ABSOLUTE
    ke_timer_set                             0x07f1c055   Thumb Code     0  da14585_symbols.txt ABSOLUTE
    ke_timer_clear                           0x07f1c0e9   Thumb Code     0  da14585_symbols.txt ABSOLUTE
    ke_timer_active                          0x07f1c13f   Thumb Code     0  da14585_symbols.txt ABSOLUTE
    ke_timer_sleep_check                     0x07f1c165   Thumb Code     0  da14585_symbols.txt ABSOLUTE
    rwble_hl_reset                           0x07f1c28b   Thumb Code     0  da14585_symbols.txt ABSOLUTE
    rwble_hl_send_message                    0x07f1c2ad   Thumb Code     0  da14585_symbols.txt ABSOLUTE
    rwip_check_wakeup_boundary               0x07f1c2b1   Thumb Code     0  da14585_symbols.txt ABSOLUTE
    rwip_init                                0x07f1c2d7   Thumb Code     0  da14585_symbols.txt ABSOLUTE
    rwip_reset                               0x07f1c39b   Thumb Code     0  da14585_symbols.txt ABSOLUTE
    rwip_version                             0x07f1c3d3   Thumb Code     0  da14585_symbols.txt ABSOLUTE
    rwip_schedule                            0x07f1c3db   Thumb Code     0  da14585_symbols.txt ABSOLUTE
    rwip_prevent_sleep_set                   0x07f1c47f   Thumb Code     0  da14585_symbols.txt ABSOLUTE
    rwip_wakeup                              0x07f1c4a1   Thumb Code     0  da14585_symbols.txt ABSOLUTE
    rwip_prevent_sleep_clear                 0x07f1c4b7   Thumb Code     0  da14585_symbols.txt ABSOLUTE
    rwip_wakeup_end                          0x07f1c4d9   Thumb Code     0  da14585_symbols.txt ABSOLUTE
    rwip_wakeup_delay_set                    0x07f1c4f5   Thumb Code     0  da14585_symbols.txt ABSOLUTE
    rwip_sleep_enable                        0x07f1c503   Thumb Code     0  da14585_symbols.txt ABSOLUTE
    rwip_ext_wakeup_enable                   0x07f1c509   Thumb Code     0  da14585_symbols.txt ABSOLUTE
    rwble_init                               0x07f1c52d   Thumb Code     0  da14585_symbols.txt ABSOLUTE
    rwble_reset                              0x07f1c593   Thumb Code     0  da14585_symbols.txt ABSOLUTE
    rwble_version                            0x07f1c5c7   Thumb Code     0  da14585_symbols.txt ABSOLUTE
    rwble_send_message                       0x07f1c5f3   Thumb Code     0  da14585_symbols.txt ABSOLUTE
    YieldToScheduler                         0x07f1c6d9   Thumb Code     0  da14585_symbols.txt ABSOLUTE
    xorshift64star                           0x07f1c6e1   Thumb Code     0  da14585_symbols.txt ABSOLUTE
    uECC_set_rng                             0x07f1c747   Thumb Code     0  da14585_symbols.txt ABSOLUTE
    uECC_get_rng                             0x07f1c74d   Thumb Code     0  da14585_symbols.txt ABSOLUTE
    uECC_curve_private_key_size              0x07f1c753   Thumb Code     0  da14585_symbols.txt ABSOLUTE
    uECC_curve_public_key_size               0x07f1c763   Thumb Code     0  da14585_symbols.txt ABSOLUTE
    uECC_vli_clear                           0x07f1c76b   Thumb Code     0  da14585_symbols.txt ABSOLUTE
    uECC_vli_isZero                          0x07f1c781   Thumb Code     0  da14585_symbols.txt ABSOLUTE
    uECC_vli_testBit                         0x07f1c7a3   Thumb Code     0  da14585_symbols.txt ABSOLUTE
    uECC_vli_numBits                         0x07f1c7b5   Thumb Code     0  da14585_symbols.txt ABSOLUTE
    uECC_vli_set                             0x07f1c7ef   Thumb Code     0  da14585_symbols.txt ABSOLUTE
    uECC_vli_equal                           0x07f1c82d   Thumb Code     0  da14585_symbols.txt ABSOLUTE
    uECC_vli_cmp                             0x07f1c851   Thumb Code     0  da14585_symbols.txt ABSOLUTE
    uECC_vli_rshift1                         0x07f1c887   Thumb Code     0  da14585_symbols.txt ABSOLUTE
    uECC_vli_square                          0x07f1c8a5   Thumb Code     0  da14585_symbols.txt ABSOLUTE
    uECC_vli_modAdd                          0x07f1c8b1   Thumb Code     0  da14585_symbols.txt ABSOLUTE
    uECC_vli_modSub                          0x07f1c8df   Thumb Code     0  da14585_symbols.txt ABSOLUTE
    uECC_vli_mmod                            0x07f1c8ff   Thumb Code     0  da14585_symbols.txt ABSOLUTE
    uECC_vli_modMult                         0x07f1ca09   Thumb Code     0  da14585_symbols.txt ABSOLUTE
    uECC_vli_modMult_fast                    0x07f1ca2b   Thumb Code     0  da14585_symbols.txt ABSOLUTE
    uECC_vli_modSquare                       0x07f1ca4b   Thumb Code     0  da14585_symbols.txt ABSOLUTE
    uECC_vli_modSquare_fast                  0x07f1ca59   Thumb Code     0  da14585_symbols.txt ABSOLUTE
    uECC_vli_modInv                          0x07f1ca99   Thumb Code     0  da14585_symbols.txt ABSOLUTE
    uECC_secp256r1                           0x07f1cdd5   Thumb Code     0  da14585_symbols.txt ABSOLUTE
    uECC_vli_nativeToBytes                   0x07f1d3d3   Thumb Code     0  da14585_symbols.txt ABSOLUTE
    uECC_vli_bytesToNative                   0x07f1d3f5   Thumb Code     0  da14585_symbols.txt ABSOLUTE
    uECC_generate_random_int                 0x07f1d433   Thumb Code     0  da14585_symbols.txt ABSOLUTE
    uECC_make_key                            0x07f1d495   Thumb Code     0  da14585_symbols.txt ABSOLUTE
    uECC_shared_secret                       0x07f1d513   Thumb Code     0  da14585_symbols.txt ABSOLUTE
    uECC_compress                            0x07f1d5cf   Thumb Code     0  da14585_symbols.txt ABSOLUTE
    uECC_decompress                          0x07f1d5fd   Thumb Code     0  da14585_symbols.txt ABSOLUTE
    uECC_valid_point                         0x07f1d66d   Thumb Code     0  da14585_symbols.txt ABSOLUTE
    uECC_valid_public_key                    0x07f1d6cf   Thumb Code     0  da14585_symbols.txt ABSOLUTE
    uECC_compute_public_key                  0x07f1d703   Thumb Code     0  da14585_symbols.txt ABSOLUTE
    uECC_sign                                0x07f1d989   Thumb Code     0  da14585_symbols.txt ABSOLUTE
    uECC_sign_deterministic                  0x07f1da6f   Thumb Code     0  da14585_symbols.txt ABSOLUTE
    uECC_verify                              0x07f1dbdd   Thumb Code     0  da14585_symbols.txt ABSOLUTE
    uECC_curve_num_words                     0x07f1de89   Thumb Code     0  da14585_symbols.txt ABSOLUTE
    uECC_curve_num_bytes                     0x07f1de91   Thumb Code     0  da14585_symbols.txt ABSOLUTE
    uECC_curve_num_bits                      0x07f1de99   Thumb Code     0  da14585_symbols.txt ABSOLUTE
    uECC_curve_num_n_words                   0x07f1dea1   Thumb Code     0  da14585_symbols.txt ABSOLUTE
    uECC_curve_num_n_bytes                   0x07f1deb1   Thumb Code     0  da14585_symbols.txt ABSOLUTE
    uECC_curve_num_n_bits                    0x07f1dec1   Thumb Code     0  da14585_symbols.txt ABSOLUTE
    uECC_curve_p                             0x07f1dec9   Thumb Code     0  da14585_symbols.txt ABSOLUTE
    uECC_curve_n                             0x07f1decd   Thumb Code     0  da14585_symbols.txt ABSOLUTE
    uECC_curve_G                             0x07f1ded1   Thumb Code     0  da14585_symbols.txt ABSOLUTE
    uECC_curve_b                             0x07f1ded5   Thumb Code     0  da14585_symbols.txt ABSOLUTE
    uECC_vli_mod_sqrt                        0x07f1ded9   Thumb Code     0  da14585_symbols.txt ABSOLUTE
    uECC_vli_mmod_fast                       0x07f1dedf   Thumb Code     0  da14585_symbols.txt ABSOLUTE
    uECC_point_mult                          0x07f1dee5   Thumb Code     0  da14585_symbols.txt ABSOLUTE
    __aeabi_uidiv                            0x07f1dfb9   Thumb Code     0  da14585_symbols.txt ABSOLUTE
    __aeabi_uidivmod                         0x07f1dfb9   Thumb Code     0  da14585_symbols.txt ABSOLUTE
    __aeabi_idiv                             0x07f1dfe5   Thumb Code     0  da14585_symbols.txt ABSOLUTE
    __aeabi_idivmod                          0x07f1dfe5   Thumb Code     0  da14585_symbols.txt ABSOLUTE
    __aeabi_lmul                             0x07f1e00d   Thumb Code     0  da14585_symbols.txt ABSOLUTE
    _ll_mul                                  0x07f1e00d   Thumb Code     0  da14585_symbols.txt ABSOLUTE
    rand                                     0x07f1e089   Thumb Code     0  da14585_symbols.txt ABSOLUTE
    srand                                    0x07f1e09b   Thumb Code     0  da14585_symbols.txt ABSOLUTE
    __aeabi_memcpy                           0x07f1e0ad   Thumb Code     0  da14585_symbols.txt ABSOLUTE
    __aeabi_memcpy4                          0x07f1e0ad   Thumb Code     0  da14585_symbols.txt ABSOLUTE
    __aeabi_memcpy8                          0x07f1e0ad   Thumb Code     0  da14585_symbols.txt ABSOLUTE
    __aeabi_memset                           0x07f1e0d1   Thumb Code     0  da14585_symbols.txt ABSOLUTE
    __aeabi_memset4                          0x07f1e0d1   Thumb Code     0  da14585_symbols.txt ABSOLUTE
    __aeabi_memset8                          0x07f1e0d1   Thumb Code     0  da14585_symbols.txt ABSOLUTE
    __aeabi_memclr                           0x07f1e0df   Thumb Code     0  da14585_symbols.txt ABSOLUTE
    __aeabi_memclr4                          0x07f1e0df   Thumb Code     0  da14585_symbols.txt ABSOLUTE
    __aeabi_memclr8                          0x07f1e0df   Thumb Code     0  da14585_symbols.txt ABSOLUTE
    _memset$wrapper                          0x07f1e0e3   Thumb Code     0  da14585_symbols.txt ABSOLUTE
    memcmp                                   0x07f1e0f5   Thumb Code     0  da14585_symbols.txt ABSOLUTE
    __aeabi_uread4                           0x07f1e10f   Thumb Code     0  da14585_symbols.txt ABSOLUTE
    __rt_uread4                              0x07f1e10f   Thumb Code     0  da14585_symbols.txt ABSOLUTE
    _uread4                                  0x07f1e10f   Thumb Code     0  da14585_symbols.txt ABSOLUTE
    __aeabi_uwrite4                          0x07f1e123   Thumb Code     0  da14585_symbols.txt ABSOLUTE
    __rt_uwrite4                             0x07f1e123   Thumb Code     0  da14585_symbols.txt ABSOLUTE
    _uwrite4                                 0x07f1e123   Thumb Code     0  da14585_symbols.txt ABSOLUTE
    __aeabi_llsl                             0x07f1e135   Thumb Code     0  da14585_symbols.txt ABSOLUTE
    _ll_shift_l                              0x07f1e135   Thumb Code     0  da14585_symbols.txt ABSOLUTE
    __ARM_common_switch8                     0x07f1e155   Thumb Code     0  da14585_symbols.txt ABSOLUTE
    uart_api                                 0x07f1e170   Data           0  da14585_symbols.txt ABSOLUTE
    co_sca2ppm                               0x07f1e180   Data           0  da14585_symbols.txt ABSOLUTE
    co_null_bdaddr                           0x07f1e190   Data           0  da14585_symbols.txt ABSOLUTE
    co_default_bdaddr                        0x07f1e196   Data           0  da14585_symbols.txt ABSOLUTE
    llc_state_handler                        0x07f1e41c   Data           0  da14585_symbols.txt ABSOLUTE
    llc_default_handler                      0x07f1e4ec   Data           0  da14585_symbols.txt ABSOLUTE
    llm_dflt_bdaddr                          0x07f1e504   Data           0  da14585_symbols.txt ABSOLUTE
    llm_local_cmds                           0x07f1e51c   Data           0  da14585_symbols.txt ABSOLUTE
    llm_local_le_feats                       0x07f1e55c   Data           0  da14585_symbols.txt ABSOLUTE
    llm_local_le_states                      0x07f1e564   Data           0  da14585_symbols.txt ABSOLUTE
    llm_state_handler                        0x07f1e74c   Data           0  da14585_symbols.txt ABSOLUTE
    llm_default_handler                      0x07f1e77c   Data           0  da14585_symbols.txt ABSOLUTE
    LLM_AA_CT1                               0x07f1e784   Data           0  da14585_symbols.txt ABSOLUTE
    LLM_AA_CT2                               0x07f1e787   Data           0  da14585_symbols.txt ABSOLUTE
    ecc_p256_G                               0x07f1e789   Data           0  da14585_symbols.txt ABSOLUTE
    gtl_default_state                        0x07f1e7dc   Data           0  da14585_symbols.txt ABSOLUTE
    gtl_default_handler                      0x07f1e7e4   Data           0  da14585_symbols.txt ABSOLUTE
    hci_cmd_desc_tab_lk_ctrl                 0x07f1e7f0   Data           0  da14585_symbols.txt ABSOLUTE
    hci_cmd_desc_tab_ctrl_bb                 0x07f1e814   Data           0  da14585_symbols.txt ABSOLUTE
    hci_cmd_desc_tab_info_par                0x07f1e88c   Data           0  da14585_symbols.txt ABSOLUTE
    hci_cmd_desc_tab_stat_par                0x07f1e8c8   Data           0  da14585_symbols.txt ABSOLUTE
    hci_cmd_desc_tab_le                      0x07f1e8d4   Data           0  da14585_symbols.txt ABSOLUTE
    hci_cmd_desc_tab_vs                      0x07f1eb14   Data           0  da14585_symbols.txt ABSOLUTE
    rom_hci_cmd_desc_root_tab                0x07f1ec58   Data           0  da14585_symbols.txt ABSOLUTE
    hci_evt_desc_tab                         0x07f1ec88   Data           0  da14585_symbols.txt ABSOLUTE
    hci_evt_le_desc_tab                      0x07f1ecd0   Data           0  da14585_symbols.txt ABSOLUTE
    attc_handlers                            0x07f1ed40   Data           0  da14585_symbols.txt ABSOLUTE
    atts_handlers                            0x07f1edb0   Data           0  da14585_symbols.txt ABSOLUTE
    gattc_default_state                      0x07f1ee30   Data           0  da14585_symbols.txt ABSOLUTE
    gattc_default_handler                    0x07f1ef10   Data           0  da14585_symbols.txt ABSOLUTE
    gattm_default_state                      0x07f1ef5c   Data           0  da14585_symbols.txt ABSOLUTE
    gattm_default_handler                    0x07f1efb4   Data           0  da14585_symbols.txt ABSOLUTE
    l2cc_default_state                       0x07f1efcc   Data           0  da14585_symbols.txt ABSOLUTE
    l2cc_default_handler                     0x07f1efe4   Data           0  da14585_symbols.txt ABSOLUTE
    const_Rb                                 0x07f1f005   Data           0  da14585_symbols.txt ABSOLUTE
    const_Zero                               0x07f1f015   Data           0  da14585_symbols.txt ABSOLUTE
    gapc_default_state                       0x07f1f038   Data           0  da14585_symbols.txt ABSOLUTE
    gapc_default_handler                     0x07f1f188   Data           0  da14585_symbols.txt ABSOLUTE
    gapm_default_state                       0x07f1f224   Data           0  da14585_symbols.txt ABSOLUTE
    gapm_default_handler                     0x07f1f30c   Data           0  da14585_symbols.txt ABSOLUTE
    l2cc_connor_pkt_format                   0x07f1f314   Data           0  da14585_symbols.txt ABSOLUTE
    l2cc_signaling_pkt_format                0x07f1f31c   Data           0  da14585_symbols.txt ABSOLUTE
    l2cc_security_pkt_format                 0x07f1f378   Data           0  da14585_symbols.txt ABSOLUTE
    l2cc_attribute_pkt_format                0x07f1f3b4   Data           0  da14585_symbols.txt ABSOLUTE
    smpc_construct_pdu                       0x07f1f430   Data           0  da14585_symbols.txt ABSOLUTE
    smpc_recv_pdu                            0x07f1f46c   Data           0  da14585_symbols.txt ABSOLUTE
    __Vectors                                0x07fc0000   Data           4  startup_da14585_586.o(RESET)
    __Vectors_End                            0x07fc00a0   Data           0  startup_da14585_586.o(RESET)
    __main                                   0x07fc0511   Thumb Code     0  entry.o(.ARM.Collect$$$$00000000)
    _main_stk                                0x07fc0511   Thumb Code     0  entry2.o(.ARM.Collect$$$$00000001)
    _main_scatterload                        0x07fc0515   Thumb Code     0  entry5.o(.ARM.Collect$$$$00000004)
    __main_after_scatterload                 0x07fc0519   Thumb Code     0  entry5.o(.ARM.Collect$$$$00000004)
    _main_clock                              0x07fc0519   Thumb Code     0  entry7b.o(.ARM.Collect$$$$00000008)
    _main_cpp_init                           0x07fc0519   Thumb Code     0  entry8b.o(.ARM.Collect$$$$0000000A)
    _main_init                               0x07fc0519   Thumb Code     0  entry9a.o(.ARM.Collect$$$$0000000B)
    __rt_final_cpp                           0x07fc0521   Thumb Code     0  entry10a.o(.ARM.Collect$$$$0000000D)
    __rt_final_exit                          0x07fc0521   Thumb Code     0  entry11a.o(.ARM.Collect$$$$0000000F)
    Reset_Handler                            0x07fc0525   Thumb Code     8  startup_da14585_586.o(.text)
    SVC_Handler                              0x07fc055d   Thumb Code     2  startup_da14585_586.o(.text)
    PendSV_Handler                           0x07fc055f   Thumb Code     2  startup_da14585_586.o(.text)
    BLE_RF_DIAG_Handler                      0x07fc0563   Thumb Code     0  startup_da14585_586.o(.text)
    DMA_Handler                              0x07fc0563   Thumb Code     0  startup_da14585_586.o(.text)
    KEYBRD_Handler                           0x07fc0563   Thumb Code     0  startup_da14585_586.o(.text)
    PCM_Handler                              0x07fc0563   Thumb Code     0  startup_da14585_586.o(.text)
    RESERVED21_Handler                       0x07fc0563   Thumb Code     0  startup_da14585_586.o(.text)
    RESERVED22_Handler                       0x07fc0563   Thumb Code     0  startup_da14585_586.o(.text)
    RESERVED23_Handler                       0x07fc0563   Thumb Code     0  startup_da14585_586.o(.text)
    RFCAL_Handler                            0x07fc0563   Thumb Code     0  startup_da14585_586.o(.text)
    SPI_Handler                              0x07fc0563   Thumb Code     0  startup_da14585_586.o(.text)
    SRCIN_Handler                            0x07fc0563   Thumb Code     0  startup_da14585_586.o(.text)
    SRCOUT_Handler                           0x07fc0563   Thumb Code     0  startup_da14585_586.o(.text)
    SWTIM_Handler                            0x07fc0563   Thumb Code     0  startup_da14585_586.o(.text)
    PATCHED_atts_mtu_exc_req                 0x07fc0575   Thumb Code    52  patch.o(.text)
    PATCHED_smpc_is_sec_mode_reached         0x07fc05a9   Thumb Code    66  patch.o(.text)
    PATCHED_smpc_check_key_distrib           0x07fc05eb   Thumb Code    74  patch.o(.text)
    PATCHED_llcp_length_req_handler          0x07fc0635   Thumb Code   120  patch.o(.text)
    PATCHED_llcp_length_rsp_handler          0x07fc06ad   Thumb Code   136  patch.o(.text)
    JT_llc_le_length_effective_func          0x07fc0735   Thumb Code   182  patch.o(.text)
    PATCHED_smpc_construct_id_addr_info_pdu  0x07fc07eb   Thumb Code    48  patch.o(.text)
    PATCHED_llc_util_gen_skdx                0x07fc081b   Thumb Code    20  patch.o(.text)
    PATCHED_llm_adv_report_set               0x07fc082f   Thumb Code   142  patch.o(.text)
    PATCHED_lld_evt_move_to_master           0x07fc08bd   Thumb Code   360  patch.o(.text)
    PATCHED_gapm_adv_sanity                  0x07fc0a25   Thumb Code   244  patch.o(.text)
    PATCHED_gapm_get_ad_type_flag            0x07fc0b19   Thumb Code    38  patch.o(.text)
    PK_PointMult_func                        0x07fc0b3f   Thumb Code   246  patch.o(.text)
    llm_create_p256_key_func                 0x07fc0c35   Thumb Code    70  patch.o(.text)
    llm_p256_req_handler_func                0x07fc0c7b   Thumb Code   290  patch.o(.text)
    PATCHED_gapm_reset_cmd_handler           0x07fc0d9d   Thumb Code    78  patch.o(.text)
    PATCHED_hci_command_handler              0x07fc0deb   Thumb Code   110  patch.o(.text)
    PATCHED_hci_acl_data_rx_handler          0x07fc0f6d   Thumb Code   620  patch.o(.text)
    JT_l2cc_pdu_unpack_func                  0x07fc11d9   Thumb Code   812  patch.o(.text)
    JT_l2cc_pdu_recv_ind_handler_func        0x07fc1505   Thumb Code    70  patch.o(.text)
    PATCHED_llc_ch_map_req_ind               0x07fc154b   Thumb Code   110  patch.o(.text)
    PATCHED_smpc_recv_pair_rand_pdu          0x07fc15b9   Thumb Code   306  patch.o(.text)
    PATCHED_smpc_recv_public_key_exchange_pdu 0x07fc16eb   Thumb Code   106  patch.o(.text)
    PATCHED_llc_data_ind_handler             0x07fc1755   Thumb Code   146  patch.o(.text)
    PATCHED_llm_con_req_ind                  0x07fc17e7   Thumb Code   624  patch.o(.text)
    PATCHED_hci_le_ltk_request_evt_handler   0x07fc1a57   Thumb Code   170  patch.o(.text)
    PATCHED_l2cc_data_send_rsp_handler       0x07fc1b01   Thumb Code     4  patch.o(.text)
    PATCHED_smpc_pdu_send                    0x07fc1b05   Thumb Code   154  patch.o(.text)
    JT_smpc_pdu_recv_func                    0x07fc1b9f   Thumb Code   128  patch.o(.text)
    PATCHED_smpc_recv_pair_req_pdu           0x07fc1c1f   Thumb Code   116  patch.o(.text)
    PATCHED_smpc_recv_pair_fail_pdu          0x07fc1c93   Thumb Code    70  patch.o(.text)
    patch_data1                              0x07fc1cd9   Thumb Code    12  patch.o(.text)
    patch_data2                              0x07fc1ce5   Thumb Code     2  patch.o(.text)
    patch_global_vars_init                   0x07fc1ce7   Thumb Code     2  patch.o(.text)
    rf_calibration_585                       0x07fc1d09   Thumb Code    84  rf_calibration.o(.text)
    enable_rf_diag_irq                       0x07fc1d5d   Thumb Code   112  rf_calibration.o(.text)
    set_gauss_modgain                        0x07fc1dcd   Thumb Code    54  rf_calibration.o(.text)
    PATCHED_smpc_dhkey_calc_start            0x07fc1e1d   Thumb Code   136  smpc_util.o(.text)
    JT_llm_p256_start_func                   0x07fc1ea5   Thumb Code    82  smpc_util.o(.text)
    arch_asm_delay_us                        0x07fc1f05   Thumb Code    30  arch_asm.o(.text)
    strlen                                   0x07fc1f23   Thumb Code    14  strlen.o(.text)
    __scatterload                            0x07fc1f31   Thumb Code    28  init.o(.text)
    __scatterload_rt2                        0x07fc1f31   Thumb Code     0  init.o(.text)
    ADC_Handler                              0x07fc1f55   Thumb Code     8  lto-llvm-2ceef3.o(.text.ADC_Handler)
    BLE_WAKEUP_LP_Handler                    0x07fc1f61   Thumb Code   324  lto-llvm-2ceef3.o(.text.BLE_WAKEUP_LP_Handler)
    GPIO0_Handler                            0x07fc20bd   Thumb Code    10  lto-llvm-2ceef3.o(.text.GPIO0_Handler)
    GPIO1_Handler                            0x07fc20c7   Thumb Code    10  lto-llvm-2ceef3.o(.text.GPIO1_Handler)
    GPIO2_Handler                            0x07fc20d1   Thumb Code    10  lto-llvm-2ceef3.o(.text.GPIO2_Handler)
    GPIO3_Handler                            0x07fc20db   Thumb Code    10  lto-llvm-2ceef3.o(.text.GPIO3_Handler)
    GPIO4_Handler                            0x07fc20e5   Thumb Code    10  lto-llvm-2ceef3.o(.text.GPIO4_Handler)
    HardFault_HandlerC                       0x07fc21a5   Thumb Code    92  lto-llvm-2ceef3.o(.text.HardFault_HandlerC)
    I2C_Handler                              0x07fc2209   Thumb Code    12  lto-llvm-2ceef3.o(.text.I2C_Handler)
    NMI_HandlerC                             0x07fc2219   Thumb Code   132  lto-llvm-2ceef3.o(.text.NMI_HandlerC)
    SysTick_Handler                          0x07fc22b7   Thumb Code     2  lto-llvm-2ceef3.o(.text.SysTick_Handler)
    UART2_Handler                            0x07fc22b9   Thumb Code    96  lto-llvm-2ceef3.o(.text.UART2_Handler)
    WKUP_QUADEC_Handler                      0x07fc2321   Thumb Code    88  lto-llvm-2ceef3.o(.text.WKUP_QUADEC_Handler)
    main                                     0x07fc4025   Thumb Code  1508  lto-llvm-2ceef3.o(.text.main)
    rwble_isr                                0x07fc4d3d   Thumb Code   304  lto-llvm-2ceef3.o(.text.rwble_isr)
    __scatterload_copy                       0x07fc4ef1   Thumb Code    14  handlers.o(i.__scatterload_copy)
    __scatterload_null                       0x07fc4eff   Thumb Code     2  handlers.o(i.__scatterload_null)
    __scatterload_zeroinit                   0x07fc4f01   Thumb Code    14  handlers.o(i.__scatterload_zeroinit)
    SystemInit                               0x07fc4f11   Thumb Code    56  lto-llvm-2ceef3.o(system_DA14xxx)
    my_custom_msg_handlers                   0x07fc56c8   Data          64  lto-llvm-2ceef3.o(.rodata.my_custom_msg_handlers)
    Region$$Table$$Base                      0x07fc5b14   Number         0  anon$$obj.o(Region$$Table)
    Region$$Table$$Limit                     0x07fc5b44   Number         0  anon$$obj.o(Region$$Table)
    __initial_sp                             0x07fc61b8   Data           0  startup_da14585_586.o(STACK)
    ble_wakeup_executed                      0x07fd7600   Data           0  da14585_symbols.txt ABSOLUTE
    rf_in_sleep                              0x07fd7601   Data           0  da14585_symbols.txt ABSOLUTE
    custom_preinit                           0x07fd7604   Data           0  da14585_symbols.txt ABSOLUTE
    custom_postinit                          0x07fd7608   Data           0  da14585_symbols.txt ABSOLUTE
    custom_appinit                           0x07fd760c   Data           0  da14585_symbols.txt ABSOLUTE
    custom_preloop                           0x07fd7610   Data           0  da14585_symbols.txt ABSOLUTE
    custom_preschedule                       0x07fd7614   Data           0  da14585_symbols.txt ABSOLUTE
    custom_postschedule                      0x07fd7618   Data           0  da14585_symbols.txt ABSOLUTE
    custom_postschedule_async                0x07fd761c   Data           0  da14585_symbols.txt ABSOLUTE
    custom_presleepcheck                     0x07fd7620   Data           0  da14585_symbols.txt ABSOLUTE
    custom_appsleepset                       0x07fd7624   Data           0  da14585_symbols.txt ABSOLUTE
    custom_postsleepcheck                    0x07fd7628   Data           0  da14585_symbols.txt ABSOLUTE
    custom_presleepenter                     0x07fd762c   Data           0  da14585_symbols.txt ABSOLUTE
    custom_postsleepexit                     0x07fd7630   Data           0  da14585_symbols.txt ABSOLUTE
    custom_prewakeup                         0x07fd7634   Data           0  da14585_symbols.txt ABSOLUTE
    custom_postwakeup                        0x07fd7638   Data           0  da14585_symbols.txt ABSOLUTE
    custom_preidlecheck                      0x07fd763c   Data           0  da14585_symbols.txt ABSOLUTE
    custom_pti_set                           0x07fd7640   Data           0  da14585_symbols.txt ABSOLUTE
    REG_BLE_EM_TX_BUFFER_SIZE                0x07fd7644   Data           0  da14585_symbols.txt ABSOLUTE
    REG_BLE_EM_RX_BUFFER_SIZE                0x07fd7648   Data           0  da14585_symbols.txt ABSOLUTE
    _ble_base                                0x07fd764c   Data           0  da14585_symbols.txt ABSOLUTE
    gap_cfg_user                             0x07fd7650   Data           0  da14585_symbols.txt ABSOLUTE
    rom_func_addr_table                      0x07fd7654   Data           0  da14585_symbols.txt ABSOLUTE
    rom_cfg_table                            0x07fd7658   Data           0  da14585_symbols.txt ABSOLUTE
    BLE_TX_DESC_DATA_USER                    0x07fd765c   Data           0  da14585_symbols.txt ABSOLUTE
    BLE_TX_DESC_CNTL_USER                    0x07fd7660   Data           0  da14585_symbols.txt ABSOLUTE
    LLM_LE_ADV_DUMMY_IDX                     0x07fd7664   Data           0  da14585_symbols.txt ABSOLUTE
    LLM_LE_SCAN_CON_REQ_ADV_DIR_IDX          0x07fd7668   Data           0  da14585_symbols.txt ABSOLUTE
    LLM_LE_SCAN_RSP_IDX                      0x07fd766c   Data           0  da14585_symbols.txt ABSOLUTE
    LLM_LE_ADV_IDX                           0x07fd7670   Data           0  da14585_symbols.txt ABSOLUTE
    length_exchange_needed                   0x07fd7674   Data           0  da14585_symbols.txt ABSOLUTE
    enh_con_cmp_cnt                          0x07fd7678   Data           0  da14585_symbols.txt ABSOLUTE
    rx_pkt_cnt                               0x07fd7680   Data           0  da14585_symbols.txt ABSOLUTE
    rx_pkt_cnt_bad                           0x07fd7684   Data           0  da14585_symbols.txt ABSOLUTE
    rx_pkt_cnt_bad_adv                       0x07fd7688   Data           0  da14585_symbols.txt ABSOLUTE
    rx_pkt_cnt_bad_scn                       0x07fd768c   Data           0  da14585_symbols.txt ABSOLUTE
    rx_pkt_cnt_bad_oth                       0x07fd7690   Data           0  da14585_symbols.txt ABSOLUTE
    rx_pkt_cnt_bad_wo_sync_err               0x07fd7694   Data           0  da14585_symbols.txt ABSOLUTE
    rx_pkt_cnt_bad_con                       0x07fd7698   Data           0  da14585_symbols.txt ABSOLUTE
    connect_req_cnt                          0x07fd769c   Data           0  da14585_symbols.txt ABSOLUTE
    last_status                              0x07fd76a0   Data           0  da14585_symbols.txt ABSOLUTE
    llc_state                                0x07fd76a4   Data           0  da14585_symbols.txt ABSOLUTE
    lld_sleep_env                            0x07fd76ac   Data           0  da14585_symbols.txt ABSOLUTE
    lld_wlcoex_enable                        0x07fd76b0   Data           0  da14585_symbols.txt ABSOLUTE
    ble_duplicate_filter_max                 0x07fd76b4   Data           0  da14585_symbols.txt ABSOLUTE
    ble_duplicate_filter_found               0x07fd76b5   Data           0  da14585_symbols.txt ABSOLUTE
    alter_conn_adv_all_cnt                   0x07fd76b8   Data           0  da14585_symbols.txt ABSOLUTE
    alter_conn_adv_dir_cnt                   0x07fd76bc   Data           0  da14585_symbols.txt ABSOLUTE
    alter_conn_adv_cnt                       0x07fd76c0   Data           0  da14585_symbols.txt ABSOLUTE
    create_conn_cnt                          0x07fd76c4   Data           0  da14585_symbols.txt ABSOLUTE
    alter_conn_cnt                           0x07fd76c8   Data           0  da14585_symbols.txt ABSOLUTE
    alter_conn_restart_cnt                   0x07fd76cc   Data           0  da14585_symbols.txt ABSOLUTE
    alter_conn_peer_addr                     0x07fd76d0   Data           0  da14585_symbols.txt ABSOLUTE
    alter_conn_local_addr                    0x07fd76d6   Data           0  da14585_symbols.txt ABSOLUTE
    set_adv_data_discard_old                 0x07fd76dc   Data           0  da14585_symbols.txt ABSOLUTE
    llm_resolving_list_max                   0x07fd76dd   Data           0  da14585_symbols.txt ABSOLUTE
    llm_bt_env                               0x07fd76de   Data           0  da14585_symbols.txt ABSOLUTE
    init_tx_cnt_cntl_cnt1                    0x07fd76e8   Data           0  da14585_symbols.txt ABSOLUTE
    init_tx_cnt_cntl_cnt                     0x07fd76ec   Data           0  da14585_symbols.txt ABSOLUTE
    tx_cnt_cntl_cnt                          0x07fd76f0   Data           0  da14585_symbols.txt ABSOLUTE
    llm_state                                0x07fd76f4   Data           0  da14585_symbols.txt ABSOLUTE
    gtl_state                                0x07fd76f8   Data           0  da14585_symbols.txt ABSOLUTE
    use_h4tl                                 0x07fd76f9   Data           0  da14585_symbols.txt ABSOLUTE
    hci_cmd_desc_root_tab                    0x07fd76fc   Data           0  da14585_symbols.txt ABSOLUTE
    gattc_state                              0x07fd772c   Data           0  da14585_symbols.txt ABSOLUTE
    gattm_state                              0x07fd7734   Data           0  da14585_symbols.txt ABSOLUTE
    l2cc_state                               0x07fd7735   Data           0  da14585_symbols.txt ABSOLUTE
    l2cm_env                                 0x07fd773e   Data           0  da14585_symbols.txt ABSOLUTE
    gapc_state                               0x07fd7744   Data           0  da14585_symbols.txt ABSOLUTE
    gapm_state                               0x07fd774c   Data           0  da14585_symbols.txt ABSOLUTE
    ecdh_key_creation_in_progress            0x07fd7750   Data           0  da14585_symbols.txt ABSOLUTE
    ke_free_bad                              0x07fd7754   Data           0  da14585_symbols.txt ABSOLUTE
    rwip_env                                 0x07fd7758   Data           0  da14585_symbols.txt ABSOLUTE
    ble_reg_save                             0x07fd7764   Data           0  da14585_symbols.txt ABSOLUTE
    sleep_env                                0x07fd77b4   Data           0  da14585_symbols.txt ABSOLUTE
    uart_env                                 0x07fd77b8   Data           0  da14585_symbols.txt ABSOLUTE
    ke_mem_heaps_used                        0x07fd77dc   Data           0  da14585_symbols.txt ABSOLUTE
    co_buf_env                               0x07fd77e0   Data           0  da14585_symbols.txt ABSOLUTE
    llc_env                                  0x07fd7918   Data           0  da14585_symbols.txt ABSOLUTE
    lld_evt_env                              0x07fd7938   Data           0  da14585_symbols.txt ABSOLUTE
    llm_le_env                               0x07fd7964   Data           0  da14585_symbols.txt ABSOLUTE
    llm_resolving_list                       0x07fd7a60   Data           0  da14585_symbols.txt ABSOLUTE
    ea_env                                   0x07fd7cb8   Data           0  da14585_symbols.txt ABSOLUTE
    gtl_env                                  0x07fd7cf8   Data           0  da14585_symbols.txt ABSOLUTE
    hci_env                                  0x07fd7d40   Data           0  da14585_symbols.txt ABSOLUTE
    h4tl_env                                 0x07fd7d50   Data           0  da14585_symbols.txt ABSOLUTE
    gattc_env                                0x07fd7d68   Data           0  da14585_symbols.txt ABSOLUTE
    gattm_env                                0x07fd7d88   Data           0  da14585_symbols.txt ABSOLUTE
    l2cc_env                                 0x07fd7dac   Data           0  da14585_symbols.txt ABSOLUTE
    ecdh_key                                 0x07fd7dcc   Data           0  da14585_symbols.txt ABSOLUTE
    gapc_env                                 0x07fd7e2c   Data           0  da14585_symbols.txt ABSOLUTE
    gapm_env                                 0x07fd7e4c   Data           0  da14585_symbols.txt ABSOLUTE
    ke_env                                   0x07fd7e78   Data           0  da14585_symbols.txt ABSOLUTE
    rwip_rf                                  0x07fd7fb4   Data           0  da14585_symbols.txt ABSOLUTE



==============================================================================

Memory Map of the image

  Image Entry point : 0x07fc0511

  Load Region LR_IROM1 (Base: 0x07fc0000, Size: 0x000000a0, Max: 0x000000c0, ABSOLUTE)

    Execution Region ER_IROM1 (Exec base: 0x07fc0000, Load base: 0x07fc0000, Size: 0x000000a0, Max: 0x000000c0, ABSOLUTE)

    Exec Addr    Load Addr    Size         Type   Attr      Idx    E Section Name        Object

    0x07fc0000   0x07fc0000   0x000000a0   Data   RO            5    RESET               startup_da14585_586.o



  Load Region LR_IROM2 (Base: 0x07fc00c0, Size: 0x00000000, Max: 0x00000050, ABSOLUTE)

    Execution Region ER_IROM2 (Exec base: 0x07fc00c0, Load base: 0x07fc00c0, Size: 0x00000050, Max: 0x00000050, ABSOLUTE)

    Exec Addr    Load Addr    Size         Type   Attr      Idx    E Section Name        Object

    0x07fc00c0        -       0x00000050   Zero   RW            1    ER_IROM2.bss        anon$$obj.o



  Load Region LR_TRNG_ZI (Base: 0x07fc0110, Size: 0x00000000, Max: 0x00000400, ABSOLUTE)

    Execution Region ER_TRNG_ZI (Exec base: 0x07fc0110, Load base: 0x07fc0110, Size: 0x00000400, Max: 0x00000400, ABSOLUTE)

    Exec Addr    Load Addr    Size         Type   Attr      Idx    E Section Name        Object

    0x07fc0110        -       0x00000400   Zero   RW          455    .bss.trng_buffer_area_zi  lto-llvm-2ceef3.o



  Load Region LR_IROM3 (Base: 0x07fc0510, Size: 0x00005634, Max: 0x000142f8, ABSOLUTE)

    Execution Region ER_IROM3 (Exec base: 0x07fc0510, Load base: 0x07fc0510, Size: 0x00005634, Max: 0x000142f8, ABSOLUTE)

    Exec Addr    Load Addr    Size         Type   Attr      Idx    E Section Name        Object

    0x07fc0510   0x07fc0510   0x00000000   Code   RO          168  * .ARM.Collect$$$$00000000  mc_p.l(entry.o)
    0x07fc0510   0x07fc0510   0x00000004   Code   RO          171    .ARM.Collect$$$$00000001  mc_p.l(entry2.o)
    0x07fc0514   0x07fc0514   0x00000004   Code   RO          174    .ARM.Collect$$$$00000004  mc_p.l(entry5.o)
    0x07fc0518   0x07fc0518   0x00000000   Code   RO          176    .ARM.Collect$$$$00000008  mc_p.l(entry7b.o)
    0x07fc0518   0x07fc0518   0x00000000   Code   RO          178    .ARM.Collect$$$$0000000A  mc_p.l(entry8b.o)
    0x07fc0518   0x07fc0518   0x00000008   Code   RO          179    .ARM.Collect$$$$0000000B  mc_p.l(entry9a.o)
    0x07fc0520   0x07fc0520   0x00000000   Code   RO          181    .ARM.Collect$$$$0000000D  mc_p.l(entry10a.o)
    0x07fc0520   0x07fc0520   0x00000000   Code   RO          183    .ARM.Collect$$$$0000000F  mc_p.l(entry11a.o)
    0x07fc0520   0x07fc0520   0x00000004   Code   RO          172    .ARM.Collect$$$$00002712  mc_p.l(entry2.o)
    0x07fc0524   0x07fc0524   0x00000050   Code   RO            6    .text               startup_da14585_586.o
    0x07fc0574   0x07fc0574   0x00001794   Code   RO          158    .text               da14585_586.lib(patch.o)
    0x07fc1d08   0x07fc1d08   0x00000114   Code   RO          162    .text               da14585_586.lib(rf_calibration.o)
    0x07fc1e1c   0x07fc1e1c   0x000000e8   Code   RO          164    .text               da14585_586.lib(smpc_util.o)
    0x07fc1f04   0x07fc1f04   0x0000001e   Code   RO          166    .text               da14585_586.lib(arch_asm.o)
    0x07fc1f22   0x07fc1f22   0x0000000e   Code   RO          169    .text               mc_p.l(strlen.o)
    0x07fc1f30   0x07fc1f30   0x00000024   Code   RO          185    .text               mc_p.l(init.o)
    0x07fc1f54   0x07fc1f54   0x0000000c   Code   RO          242    .text.ADC_Handler   lto-llvm-2ceef3.o
    0x07fc1f60   0x07fc1f60   0x0000015c   Code   RO          276    .text.BLE_WAKEUP_LP_Handler  lto-llvm-2ceef3.o
    0x07fc20bc   0x07fc20bc   0x0000000a   Code   RO          226    .text.GPIO0_Handler  lto-llvm-2ceef3.o
    0x07fc20c6   0x07fc20c6   0x0000000a   Code   RO          228    .text.GPIO1_Handler  lto-llvm-2ceef3.o
    0x07fc20d0   0x07fc20d0   0x0000000a   Code   RO          230    .text.GPIO2_Handler  lto-llvm-2ceef3.o
    0x07fc20da   0x07fc20da   0x0000000a   Code   RO          232    .text.GPIO3_Handler  lto-llvm-2ceef3.o
    0x07fc20e4   0x07fc20e4   0x0000000a   Code   RO          234    .text.GPIO4_Handler  lto-llvm-2ceef3.o
    0x07fc20ee   0x07fc20ee   0x00000002   PAD
    0x07fc20f0   0x07fc20f0   0x00000070   Code   RO          222    .text.GPIO_ConfigurePin  lto-llvm-2ceef3.o
    0x07fc2160   0x07fc2160   0x00000044   Code   RO          224    .text.GPIOn_Handler  lto-llvm-2ceef3.o
    0x07fc21a4   0x07fc21a4   0x00000064   Code   RO          190    .text.HardFault_HandlerC  lto-llvm-2ceef3.o
    0x07fc2208   0x07fc2208   0x00000010   Code   RO          250    .text.I2C_Handler   lto-llvm-2ceef3.o
    0x07fc2218   0x07fc2218   0x0000009c   Code   RO          192    .text.NMI_HandlerC  lto-llvm-2ceef3.o
    0x07fc22b4   0x07fc22b4   0x00000002   Code   RO          266    .text.RADIOCNTL_Handler  lto-llvm-2ceef3.o
    0x07fc22b6   0x07fc22b6   0x00000002   Code   RO          244    .text.SysTick_Handler  lto-llvm-2ceef3.o
    0x07fc22b8   0x07fc22b8   0x00000068   Code   RO          246    .text.UART2_Handler  lto-llvm-2ceef3.o
    0x07fc2320   0x07fc2320   0x00000060   Code   RO          236    .text.WKUP_QUADEC_Handler  lto-llvm-2ceef3.o
    0x07fc2380   0x07fc2380   0x00000024   Code   RO          240    .text.adc_get_sample  lto-llvm-2ceef3.o
    0x07fc23a4   0x07fc23a4   0x00000074   Code   RO          238    .text.adc_init      lto-llvm-2ceef3.o
    0x07fc2418   0x07fc2418   0x00000034   Code   RO          428    .text.app_custs1_create_db  lto-llvm-2ceef3.o
    0x07fc244c   0x07fc244c   0x00000004   Code   RO          430    .text.app_custs1_process_handler  lto-llvm-2ceef3.o
    0x07fc2450   0x07fc2450   0x00000064   Code   RO          354    .text.app_db_init_next  lto-llvm-2ceef3.o
    0x07fc24b4   0x07fc24b4   0x00000038   Code   RO          406    .text.app_diss_create_db  lto-llvm-2ceef3.o
    0x07fc24ec   0x07fc24ec   0x00000020   Code   RO          408    .text.app_diss_process_handler  lto-llvm-2ceef3.o
    0x07fc250c   0x07fc250c   0x00000070   Code   RO          356    .text.app_easy_gap_undirected_advertise_start  lto-llvm-2ceef3.o
    0x07fc257c   0x07fc257c   0x00000054   Code   RO          418    .text.app_easy_security_tk_exch  lto-llvm-2ceef3.o
    0x07fc25d0   0x07fc25d0   0x0000005c   Code   RO          412    .text.app_entry_point_handler  lto-llvm-2ceef3.o
    0x07fc262c   0x07fc262c   0x000000b4   Code   RO          432    .text.app_fill_random_byte_array  lto-llvm-2ceef3.o
    0x07fc26e0   0x07fc26e0   0x00000020   Code   RO          360    .text.app_gap_process_handler  lto-llvm-2ceef3.o
    0x07fc2700   0x07fc2700   0x00000038   Code   RO          416    .text.app_msg_utils_api_process_handler  lto-llvm-2ceef3.o
    0x07fc2738   0x07fc2738   0x00000020   Code   RO          390    .text.app_sec_process_handler  lto-llvm-2ceef3.o
    0x07fc2758   0x07fc2758   0x00000064   Code   RO          414    .text.app_std_process_event  lto-llvm-2ceef3.o
    0x07fc27bc   0x07fc27bc   0x00000164   Code   RO          422    .text.app_timer_api_process_handler  lto-llvm-2ceef3.o
    0x07fc2920   0x07fc2920   0x00000018   Code   RO          214    .text.ba431_get_rand_func  lto-llvm-2ceef3.o
    0x07fc2938   0x07fc2938   0x00000002   Code   RO          208    .text.crypto_init_func  lto-llvm-2ceef3.o
    0x07fc293a   0x07fc293a   0x00000040   Code   RO          332    .text.custs1_att_get_value  lto-llvm-2ceef3.o
    0x07fc297a   0x07fc297a   0x00000002   PAD
    0x07fc297c   0x07fc297c   0x00000048   Code   RO          326    .text.custs1_att_info_rsp_handler  lto-llvm-2ceef3.o
    0x07fc29c4   0x07fc29c4   0x0000006c   Code   RO          336    .text.custs1_att_set_value  lto-llvm-2ceef3.o
    0x07fc2a30   0x07fc2a30   0x00000050   Code   RO          310    .text.custs1_cleanup  lto-llvm-2ceef3.o
    0x07fc2a80   0x07fc2a80   0x00000040   Code   RO          308    .text.custs1_create  lto-llvm-2ceef3.o
    0x07fc2ac0   0x07fc2ac0   0x00000028   Code   RO          306    .text.custs1_destroy  lto-llvm-2ceef3.o
    0x07fc2ae8   0x07fc2ae8   0x000000e4   Code   RO          330    .text.custs1_exe_operation  lto-llvm-2ceef3.o
    0x07fc2bcc   0x07fc2bcc   0x00000022   Code   RO          300    .text.custs1_get_att_handle  lto-llvm-2ceef3.o
    0x07fc2bee   0x07fc2bee   0x0000002c   Code   RO          302    .text.custs1_get_att_idx  lto-llvm-2ceef3.o
    0x07fc2c1a   0x07fc2c1a   0x00000002   PAD
    0x07fc2c1c   0x07fc2c1c   0x00000284   Code   RO          304    .text.custs1_init   lto-llvm-2ceef3.o
    0x07fc2ea0   0x07fc2ea0   0x0000004e   Code   RO          334    .text.custs1_set_ccc_value  lto-llvm-2ceef3.o
    0x07fc2eee   0x07fc2eee   0x00000066   Code   RO          324    .text.custs1_val_ind_req_handler  lto-llvm-2ceef3.o
    0x07fc2f54   0x07fc2f54   0x00000066   Code   RO          320    .text.custs1_val_ntf_req_handler  lto-llvm-2ceef3.o
    0x07fc2fba   0x07fc2fba   0x00000028   Code   RO          322    .text.custs1_val_set_req_handler  lto-llvm-2ceef3.o
    0x07fc2fe2   0x07fc2fe2   0x00000002   PAD
    0x07fc2fe4   0x07fc2fe4   0x00000078   Code   RO          328    .text.custs1_value_req_rsp_handler  lto-llvm-2ceef3.o
    0x07fc305c   0x07fc305c   0x00000002   Code   RO          204    .text.dbg_init_func_empty  lto-llvm-2ceef3.o
    0x07fc305e   0x07fc305e   0x00000002   Code   RO          206    .text.dbg_platform_reset_complete_func_empty  lto-llvm-2ceef3.o
    0x07fc3060   0x07fc3060   0x00000030   Code   RO          352    .text.default_app_on_init  lto-llvm-2ceef3.o
    0x07fc3090   0x07fc3090   0x00000104   Code   RO          210    .text.dia_rand_func  lto-llvm-2ceef3.o
    0x07fc3194   0x07fc3194   0x00000018   Code   RO          212    .text.dia_srand_func  lto-llvm-2ceef3.o
    0x07fc31ac   0x07fc31ac   0x00000002   Code   RO          286    .text.diss_cleanup  lto-llvm-2ceef3.o
    0x07fc31ae   0x07fc31ae   0x00000002   Code   RO          284    .text.diss_create   lto-llvm-2ceef3.o
    0x07fc31b0   0x07fc31b0   0x00000026   Code   RO          282    .text.diss_destroy  lto-llvm-2ceef3.o
    0x07fc31d6   0x07fc31d6   0x00000028   Code   RO          288    .text.diss_handle_to_value  lto-llvm-2ceef3.o
    0x07fc31fe   0x07fc31fe   0x00000002   PAD
    0x07fc3200   0x07fc3200   0x000000d8   Code   RO          280    .text.diss_init     lto-llvm-2ceef3.o
    0x07fc32d8   0x07fc32d8   0x000000c4   Code   RO          292    .text.diss_set_value_req_handler  lto-llvm-2ceef3.o
    0x07fc339c   0x07fc339c   0x0000009c   Code   RO          296    .text.diss_value_cfm_handler  lto-llvm-2ceef3.o
    0x07fc3438   0x07fc3438   0x000000b8   Code   RO          410    .text.diss_value_req_ind_handler  lto-llvm-2ceef3.o
    0x07fc34f0   0x07fc34f0   0x0000002e   Code   RO          290    .text.diss_value_to_handle  lto-llvm-2ceef3.o
    0x07fc351e   0x07fc351e   0x00000002   PAD
    0x07fc3520   0x07fc3520   0x00000114   Code   RO          394    .text.gapc_bond_ind_handler  lto-llvm-2ceef3.o
    0x07fc3634   0x07fc3634   0x00000148   Code   RO          392    .text.gapc_bond_req_ind_handler  lto-llvm-2ceef3.o
    0x07fc377c   0x07fc377c   0x00000024   Code   RO          366    .text.gapc_cmp_evt_handler  lto-llvm-2ceef3.o
    0x07fc37a0   0x07fc37a0   0x000000cc   Code   RO          368    .text.gapc_connection_req_ind_handler  lto-llvm-2ceef3.o
    0x07fc386c   0x07fc386c   0x0000002c   Code   RO          370    .text.gapc_disconnect_ind_handler  lto-llvm-2ceef3.o
    0x07fc3898   0x07fc3898   0x00000018   Code   RO          398    .text.gapc_encrypt_ind_handler  lto-llvm-2ceef3.o
    0x07fc38b0   0x07fc38b0   0x00000004   Code   RO          396    .text.gapc_encrypt_req_ind_handler  lto-llvm-2ceef3.o
    0x07fc38b4   0x07fc38b4   0x000000a8   Code   RO          372    .text.gapc_get_dev_info_req_ind_handler  lto-llvm-2ceef3.o
    0x07fc395c   0x07fc395c   0x00000004   Code   RO          382    .text.gapc_le_pkt_size_ind_handler  lto-llvm-2ceef3.o
    0x07fc3960   0x07fc3960   0x00000020   Code   RO          380    .text.gapc_param_update_req_ind_handler  lto-llvm-2ceef3.o
    0x07fc3980   0x07fc3980   0x00000004   Code   RO          386    .text.gapc_peer_features_ind_handler  lto-llvm-2ceef3.o
    0x07fc3984   0x07fc3984   0x00000004   Code   RO          388    .text.gapc_security_ind_handler  lto-llvm-2ceef3.o
    0x07fc3988   0x07fc3988   0x0000005c   Code   RO          374    .text.gapc_set_dev_info_req_ind_handler  lto-llvm-2ceef3.o
    0x07fc39e4   0x07fc39e4   0x00000004   Code   RO          400    .text.gapm_addr_solved_ind_handler  lto-llvm-2ceef3.o
    0x07fc39e8   0x07fc39e8   0x00000004   Code   RO          378    .text.gapm_adv_report_ind_handler  lto-llvm-2ceef3.o
    0x07fc39ec   0x07fc39ec   0x000000a8   Code   RO          364    .text.gapm_cmp_evt_handler  lto-llvm-2ceef3.o
    0x07fc3a94   0x07fc3a94   0x0000002c   Code   RO          362    .text.gapm_device_ready_ind_handler  lto-llvm-2ceef3.o
    0x07fc3ac0   0x07fc3ac0   0x00000024   Code   RO          376    .text.gapm_profile_added_ind_handler  lto-llvm-2ceef3.o
    0x07fc3ae4   0x07fc3ae4   0x00000004   Code   RO          404    .text.gapm_ral_addr_ind_handler  lto-llvm-2ceef3.o
    0x07fc3ae8   0x07fc3ae8   0x00000004   Code   RO          402    .text.gapm_ral_size_ind_handler  lto-llvm-2ceef3.o
    0x07fc3aec   0x07fc3aec   0x0000004c   Code   RO          316    .text.gattc_att_info_req_ind_handler  lto-llvm-2ceef3.o
    0x07fc3b38   0x07fc3b38   0x00000014   Code   RO          318    .text.gattc_cmp_evt_handler  lto-llvm-2ceef3.o
    0x07fc3b4c   0x07fc3b4c   0x000000e4   Code   RO          294    .text.gattc_read_req_ind_handler  lto-llvm-2ceef3.o
    0x07fc3c30   0x07fc3c30   0x00000104   Code   RO          312    .text.gattc_read_req_ind_handler.59  lto-llvm-2ceef3.o
    0x07fc3d34   0x07fc3d34   0x00000004   Code   RO          384    .text.gattc_svc_changed_cfg_ind_handler  lto-llvm-2ceef3.o
    0x07fc3d38   0x07fc3d38   0x00000194   Code   RO          314    .text.gattc_write_req_ind_handler  lto-llvm-2ceef3.o
    0x07fc3ecc   0x07fc3ecc   0x0000006c   Code   RO          298    .text.get_cfg_handle  lto-llvm-2ceef3.o
    0x07fc3f38   0x07fc3f38   0x00000024   Code   RO          358    .text.get_user_prf_srv_perm  lto-llvm-2ceef3.o
    0x07fc3f5c   0x07fc3f5c   0x00000038   Code   RO          274    .text.lld_sleep_compensate_func  lto-llvm-2ceef3.o
    0x07fc3f94   0x07fc3f94   0x0000004c   Code   RO          220    .text.lld_sleep_init_func  lto-llvm-2ceef3.o
    0x07fc3fe0   0x07fc3fe0   0x00000008   Code   RO          218    .text.lld_sleep_lpcycles_2_us_sel_func  lto-llvm-2ceef3.o
    0x07fc3fe8   0x07fc3fe8   0x00000008   Code   RO          216    .text.lld_sleep_us_2_lpcycles_sel_func  lto-llvm-2ceef3.o
    0x07fc3ff0   0x07fc3ff0   0x00000034   Code   RO          420    .text.ltk_exch_create_msg  lto-llvm-2ceef3.o
    0x07fc4024   0x07fc4024   0x00000704   Code   RO          438    .text.main          lto-llvm-2ceef3.o
    0x07fc4728   0x07fc4728   0x00000004   Code   RO          198    .text.nvds_del_func  lto-llvm-2ceef3.o
    0x07fc472c   0x07fc472c   0x000000c8   Code   RO          194    .text.nvds_get_func  lto-llvm-2ceef3.o
    0x07fc47f4   0x07fc47f4   0x00000004   Code   RO          196    .text.nvds_init_func  lto-llvm-2ceef3.o
    0x07fc47f8   0x07fc47f8   0x00000004   Code   RO          200    .text.nvds_put_func  lto-llvm-2ceef3.o
    0x07fc47fc   0x07fc47fc   0x000001c8   Code   RO          434    .text.periph_init   lto-llvm-2ceef3.o
    0x07fc49c4   0x07fc49c4   0x00000024   Code   RO          202    .text.platform_reset_func  lto-llvm-2ceef3.o
    0x07fc49e8   0x07fc49e8   0x00000070   Code   RO          340    .text.prf_add_profile_func  lto-llvm-2ceef3.o
    0x07fc4a58   0x07fc4a58   0x00000030   Code   RO          344    .text.prf_cleanup_func  lto-llvm-2ceef3.o
    0x07fc4a88   0x07fc4a88   0x0000002c   Code   RO          342    .text.prf_create_func  lto-llvm-2ceef3.o
    0x07fc4ab4   0x07fc4ab4   0x0000001c   Code   RO          346    .text.prf_env_get   lto-llvm-2ceef3.o
    0x07fc4ad0   0x07fc4ad0   0x00000028   Code   RO          348    .text.prf_get_id_from_task_func  lto-llvm-2ceef3.o
    0x07fc4af8   0x07fc4af8   0x00000028   Code   RO          350    .text.prf_get_task_from_id_func  lto-llvm-2ceef3.o
    0x07fc4b20   0x07fc4b20   0x00000074   Code   RO          338    .text.prf_init_func  lto-llvm-2ceef3.o
    0x07fc4b94   0x07fc4b94   0x00000002   Code   RO          268    .text.rf_force_agc_enable  lto-llvm-2ceef3.o
    0x07fc4b96   0x07fc4b96   0x00000002   PAD
    0x07fc4b98   0x07fc4b98   0x000000e4   Code   RO          254    .text.rf_init_func  lto-llvm-2ceef3.o
    0x07fc4c7c   0x07fc4c7c   0x00000004   Code   RO          256    .text.rf_reg_rd     lto-llvm-2ceef3.o
    0x07fc4c80   0x07fc4c80   0x00000002   Code   RO          258    .text.rf_reg_wr     lto-llvm-2ceef3.o
    0x07fc4c82   0x07fc4c82   0x00000002   PAD
    0x07fc4c84   0x07fc4c84   0x0000004c   Code   RO          252    .text.rf_regs       lto-llvm-2ceef3.o
    0x07fc4cd0   0x07fc4cd0   0x0000004c   Code   RO          272    .text.rf_reinit_func  lto-llvm-2ceef3.o
    0x07fc4d1c   0x07fc4d1c   0x00000002   Code   RO          264    .text.rf_reset      lto-llvm-2ceef3.o
    0x07fc4d1e   0x07fc4d1e   0x00000008   Code   RO          270    .text.rf_rssi_convert  lto-llvm-2ceef3.o
    0x07fc4d26   0x07fc4d26   0x00000002   PAD
    0x07fc4d28   0x07fc4d28   0x00000010   Code   RO          262    .text.rf_sleep      lto-llvm-2ceef3.o
    0x07fc4d38   0x07fc4d38   0x00000004   Code   RO          260    .text.rf_txpwr_dbm_get  lto-llvm-2ceef3.o
    0x07fc4d3c   0x07fc4d3c   0x0000014c   Code   RO          278    .text.rwble_isr     lto-llvm-2ceef3.o
    0x07fc4e88   0x07fc4e88   0x00000002   Code   RO          424    .text.timer_canceled_handler  lto-llvm-2ceef3.o
    0x07fc4e8a   0x07fc4e8a   0x00000002   Code   RO          426    .text.timer_modified_handler  lto-llvm-2ceef3.o
    0x07fc4e8c   0x07fc4e8c   0x00000010   Code   RO          248    .text.uart_rx_isr   lto-llvm-2ceef3.o
    0x07fc4e9c   0x07fc4e9c   0x00000030   Code   RO          440    .text.uart_tx       lto-llvm-2ceef3.o
    0x07fc4ecc   0x07fc4ecc   0x00000024   Code   RO          436    .text.user_catch_rest_hndl  lto-llvm-2ceef3.o
    0x07fc4ef0   0x07fc4ef0   0x0000000e   Code   RO          507    i.__scatterload_copy  mc_p.l(handlers.o)
    0x07fc4efe   0x07fc4efe   0x00000002   Code   RO          508    i.__scatterload_null  mc_p.l(handlers.o)
    0x07fc4f00   0x07fc4f00   0x0000000e   Code   RO          509    i.__scatterload_zeroinit  mc_p.l(handlers.o)
    0x07fc4f0e   0x07fc4f0e   0x00000002   PAD
    0x07fc4f10   0x07fc4f10   0x00000040   Code   RO          188    system_DA14xxx      lto-llvm-2ceef3.o
    0x07fc4f50   0x07fc4f50   0x00000010   Data   RO          483    .rodata.SVC1_ADC_VAL_1_UUID_128  lto-llvm-2ceef3.o
    0x07fc4f60   0x07fc4f60   0x00000010   Data   RO          485    .rodata.SVC1_ADC_VAL_2_UUID_128  lto-llvm-2ceef3.o
    0x07fc4f70   0x07fc4f70   0x00000010   Data   RO          486    .rodata.SVC1_BUTTON_STATE_UUID_128  lto-llvm-2ceef3.o
    0x07fc4f80   0x07fc4f80   0x00000010   Data   RO          480    .rodata.SVC1_CTRL_POINT_UUID_128  lto-llvm-2ceef3.o
    0x07fc4f90   0x07fc4f90   0x00000010   Data   RO          487    .rodata.SVC1_INDICATEABLE_UUID_128  lto-llvm-2ceef3.o
    0x07fc4fa0   0x07fc4fa0   0x00000010   Data   RO          482    .rodata.SVC1_LED_STATE_UUID_128  lto-llvm-2ceef3.o
    0x07fc4fb0   0x07fc4fb0   0x00000010   Data   RO          488    .rodata.SVC1_LONG_VALUE_UUID_128  lto-llvm-2ceef3.o
    0x07fc4fc0   0x07fc4fc0   0x00000010   Data   RO          490    .rodata.SVC2_WRITE_VAL_1_UUID_128  lto-llvm-2ceef3.o
    0x07fc4fd0   0x07fc4fd0   0x00000010   Data   RO          491    .rodata.SVC2_WRITE_VAL_2_UUID_128  lto-llvm-2ceef3.o
    0x07fc4fe0   0x07fc4fe0   0x00000010   Data   RO          493    .rodata.SVC3_READ_VAL_1_UUID_128  lto-llvm-2ceef3.o
    0x07fc4ff0   0x07fc4ff0   0x00000010   Data   RO          494    .rodata.SVC3_READ_VAL_2_UUID_128  lto-llvm-2ceef3.o
    0x07fc5000   0x07fc5000   0x00000010   Data   RO          495    .rodata.SVC3_READ_VAL_3_UUID_128  lto-llvm-2ceef3.o
    0x07fc5010   0x07fc5010   0x00000010   Data   RO          467    .rodata.TASK_DESC_APP  lto-llvm-2ceef3.o
    0x07fc5020   0x07fc5020   0x00000008   Data   RO          469    .rodata.app_default_handler  lto-llvm-2ceef3.o
    0x07fc5028   0x07fc5028   0x00000008   Data   RO          468    .rodata.app_default_state  lto-llvm-2ceef3.o
    0x07fc5030   0x07fc5030   0x00000008   Data   RO          472    .rodata.app_diss_process_handlers  lto-llvm-2ceef3.o
    0x07fc5038   0x07fc5038   0x00000070   Data   RO          470    .rodata.app_gap_process_handlers  lto-llvm-2ceef3.o
    0x07fc50a8   0x07fc50a8   0x00000038   Data   RO          471    .rodata.app_sec_process_handlers  lto-llvm-2ceef3.o
    0x07fc50e0   0x07fc50e0   0x00000002   Data   RO          479    .rodata.att_decl_char  lto-llvm-2ceef3.o
    0x07fc50e2   0x07fc50e2   0x00000002   Data   RO          477    .rodata.att_decl_svc  lto-llvm-2ceef3.o
    0x07fc50e4   0x07fc50e4   0x00000002   Data   RO          484    .rodata.att_desc_cfg  lto-llvm-2ceef3.o
    0x07fc50e6   0x07fc50e6   0x00000002   Data   RO          481    .rodata.att_desc_user_desc  lto-llvm-2ceef3.o
    0x07fc50e8   0x07fc50e8   0x00000020   Data   RO          451    .rodata.cst32       lto-llvm-2ceef3.o
    0x07fc5108   0x07fc5108   0x00000004   Data   RO          476    .rodata.cst4        lto-llvm-2ceef3.o
    0x07fc510c   0x07fc510c   0x00000038   Data   RO          475    .rodata.cust_prf_funcs  lto-llvm-2ceef3.o
    0x07fc5144   0x07fc5144   0x00000384   Data   RO          496    .rodata.custs1_att_db  lto-llvm-2ceef3.o
    0x07fc54c8   0x07fc54c8   0x00000008   Data   RO          464    .rodata.custs1_default_handler  lto-llvm-2ceef3.o
    0x07fc54d0   0x07fc54d0   0x00000048   Data   RO          463    .rodata.custs1_default_state  lto-llvm-2ceef3.o
    0x07fc5518   0x07fc5518   0x00000010   Data   RO          462    .rodata.custs1_itf  lto-llvm-2ceef3.o
    0x07fc5528   0x07fc5528   0x00000010   Data   RO          478    .rodata.custs1_svc1  lto-llvm-2ceef3.o
    0x07fc5538   0x07fc5538   0x00000010   Data   RO          489    .rodata.custs1_svc2  lto-llvm-2ceef3.o
    0x07fc5548   0x07fc5548   0x00000010   Data   RO          492    .rodata.custs1_svc3  lto-llvm-2ceef3.o
    0x07fc5558   0x07fc5558   0x000000e4   Data   RO          458    .rodata.diss_att_db  lto-llvm-2ceef3.o
    0x07fc563c   0x07fc563c   0x00000008   Data   RO          461    .rodata.diss_default_handler  lto-llvm-2ceef3.o
    0x07fc5644   0x07fc5644   0x00000018   Data   RO          460    .rodata.diss_default_state  lto-llvm-2ceef3.o
    0x07fc565c   0x07fc565c   0x00000010   Data   RO          459    .rodata.diss_itf    lto-llvm-2ceef3.o
    0x07fc566c   0x07fc566c   0x0000005a   Data   RO          447    .rodata.gap_cfg_user_var_struct  lto-llvm-2ceef3.o
    0x07fc56c6   0x07fc56c6   0x00000002   PAD
    0x07fc56c8   0x07fc56c8   0x00000040   Data   RO          452    .rodata.my_custom_msg_handlers  lto-llvm-2ceef3.o
    0x07fc5708   0x07fc5708   0x0000000e   Data   RO          442    .rodata.nvds_data_storage  lto-llvm-2ceef3.o
    0x07fc5716   0x07fc5716   0x00000002   PAD
    0x07fc5718   0x07fc5718   0x00000048   Data   RO          454    .rodata.patch_new_table  lto-llvm-2ceef3.o
    0x07fc5760   0x07fc5760   0x00000090   Data   RO          453    .rodata.patch_orig_table  lto-llvm-2ceef3.o
    0x07fc57f0   0x07fc57f0   0x00000018   Data   RO          465    .rodata.prf_funcs   lto-llvm-2ceef3.o
    0x07fc5808   0x07fc5808   0x000000bc   Data   RO          449    .rodata.rom_cfg_table_var  lto-llvm-2ceef3.o
    0x07fc58c4   0x07fc58c4   0x00000184   Data   RO          448    .rodata.rom_func_addr_table_var  lto-llvm-2ceef3.o
    0x07fc5a48   0x07fc5a48   0x000000b2   Data   RO          473    .rodata.str1.1      lto-llvm-2ceef3.o
    0x07fc5afa   0x07fc5afa   0x00000002   PAD
    0x07fc5afc   0x07fc5afc   0x0000000f   Data   RO          466    .rodata.str1.4      lto-llvm-2ceef3.o
    0x07fc5b0b   0x07fc5b0b   0x00000007   Data   RO          474    .rodata.user_security_conf  lto-llvm-2ceef3.o
    0x07fc5b12   0x07fc5b12   0x00000002   PAD
    0x07fc5b14   0x07fc5b14   0x00000030   Data   RO          506    Region$$Table       anon$$obj.o


    Execution Region ER_PRODTEST (Exec base: 0x07fc5b48, Load base: 0x07fc5b44, Size: 0x00000000, Max: 0xffffffff, ABSOLUTE, UNINIT)

    **** No section assigned to this execution region ****


    Execution Region ER_ZI (Exec base: 0x07fc5b48, Load base: 0x07fc5b44, Size: 0x00000670, Max: 0xffffffff, ABSOLUTE)

    Exec Addr    Load Addr    Size         Type   Attr      Idx    E Section Name        Object

    0x07fc5b48        -       0x00000060   Zero   RW          450    .bss.chacha20_state  lto-llvm-2ceef3.o
    0x07fc5ba8        -       0x00000010   Zero   RW          456    .bss.trng_bits      lto-llvm-2ceef3.o
    0x07fc5bb8        -       0x00000600   Zero   RW            3    STACK               startup_da14585_586.o


    Execution Region ER_NZI (Exec base: 0x07fc61b8, Load base: 0x07fc5b44, Size: 0x0000040c, Max: 0xffffffff, ABSOLUTE, UNINIT)

    Exec Addr    Load Addr    Size         Type   Attr      Idx    E Section Name        Object

    0x07fc61b8        -       0x0000040c   Zero   RW          443    .bss.heap_mem_area_not_ret  lto-llvm-2ceef3.o



  Load Region LR_RETAINED_RAM0 (Base: 0x07fd4808, Size: 0x00000000, Max: 0x000013fc, ABSOLUTE)

    Execution Region RET_DATA_UNINIT (Exec base: 0x07fd4808, Load base: 0x07fd4808, Size: 0x00000000, Max: 0x00000000, ABSOLUTE, UNINIT)

    **** No section assigned to this execution region ****


    Execution Region RET_DATA (Exec base: 0x07fd4808, Load base: 0x07fd4808, Size: 0x00000510, Max: 0x00000800, ABSOLUTE)

    Exec Addr    Load Addr    Size         Type   Attr      Idx    E Section Name        Object

    0x07fd4808        -       0x00000510   Zero   RW          457    .bss.retention_mem_area0  lto-llvm-2ceef3.o


    Execution Region RET_HEAP (Exec base: 0x07fd4d18, Load base: 0x07fd4808, Size: 0x00000bfc, Max: 0x00000bfc, ABSOLUTE, UNINIT)

    Exec Addr    Load Addr    Size         Type   Attr      Idx    E Section Name        Object

    0x07fd4d18        -       0x0000040c   Zero   RW          445    .bss.heap_db_area   lto-llvm-2ceef3.o
    0x07fd5124        -       0x00000274   Zero   RW          444    .bss.heap_env_area  lto-llvm-2ceef3.o
    0x07fd5398        -       0x0000057c   Zero   RW          446    .bss.heap_msg_area  lto-llvm-2ceef3.o



  Load Region LR_FREE_AREA (Base: 0x07fd5c00, Size: 0x00000000, Max: 0x00001a00, ABSOLUTE)

    Execution Region ER_FREE_AREA_AT_TX_CNTL_BUFFER (Exec base: 0x07fd6650, Load base: 0x07fd5c00, Size: 0x00000000, Max: 0x000000de, ABSOLUTE)

    **** No section assigned to this execution region ****


    Execution Region ER_FREE_AREA_AT_TX_ADV_1_BUFFER (Exec base: 0x07fd6754, Load base: 0x07fd5c00, Size: 0x00000000, Max: 0x000000e0, ABSOLUTE)

    **** No section assigned to this execution region ****


    Execution Region ER_FREE_AREA_AT_TX_ADV_2_BUFFER (Exec base: 0x07fd685c, Load base: 0x07fd5c00, Size: 0x00000000, Max: 0x000000de, ABSOLUTE)

    **** No section assigned to this execution region ****


    Execution Region ER_FREE_AREA_AT_TX_ADV_3_BUFFER (Exec base: 0x07fd6960, Load base: 0x07fd5c00, Size: 0x00000000, Max: 0x000000e0, ABSOLUTE)

    **** No section assigned to this execution region ****


    Execution Region ER_FREE_AREA (Exec base: 0x07fd7278, Load base: 0x07fd5c00, Size: 0x00000000, Max: 0x00000388, ABSOLUTE)

    **** No section assigned to this execution region ****


==============================================================================

Image component sizes


      Code (inc. data)   RO Data    RW Data    ZI Data      Debug   Object Name

     12234       1188       3004          0       6536     184008   lto-llvm-2ceef3.o
        80         16        160          0       1536        776   startup_da14585_586.o

    ----------------------------------------------------------------------
     12332       1204       3220          0       8152     184784   Object Totals
         0          0         48          0         80          0   (incl. Generated)
        18          0          8          0          0          0   (incl. Padding)

    ----------------------------------------------------------------------

      Code (inc. data)   RO Data    RW Data    ZI Data      Debug   Library Member Name

        30          0          0          0          0         68   arch_asm.o
      6036        248          0          0          0       1232   patch.o
       276         26          0          0          0        172   rf_calibration.o
       232         14          0          0          0        112   smpc_util.o
         0          0          0          0          0          0   entry.o
         0          0          0          0          0          0   entry10a.o
         0          0          0          0          0          0   entry11a.o
         8          4          0          0          0          0   entry2.o
         4          0          0          0          0          0   entry5.o
         0          0          0          0          0          0   entry7b.o
         0          0          0          0          0          0   entry8b.o
         8          4          0          0          0          0   entry9a.o
        30          0          0          0          0          0   handlers.o
        36          8          0          0          0         68   init.o
        14          0          0          0          0         60   strlen.o

    ----------------------------------------------------------------------
      6676        304          0          0          0       1712   Library Totals
         2          0          0          0          0          0   (incl. Padding)

    ----------------------------------------------------------------------

      Code (inc. data)   RO Data    RW Data    ZI Data      Debug   Library Name

      6574        288          0          0          0       1584   da14585_586.lib
       100         16          0          0          0        128   mc_p.l

    ----------------------------------------------------------------------
      6676        304          0          0          0       1712   Library Totals

    ----------------------------------------------------------------------

==============================================================================


      Code (inc. data)   RO Data    RW Data    ZI Data      Debug   

     19008       1508       3220          0       8152     186464   Grand Totals
     19008       1508       3220          0       8152     186464   ELF Image Totals
     19008       1508       3220          0          0          0   ROM Totals

==============================================================================

    Total RO  Size (Code + RO Data)                22228 (  21.71kB)
    Total RW  Size (RW Data + ZI Data)              8152 (   7.96kB)
    Total ROM Size (Code + RO Data + RW Data)      22228 (  21.71kB)

==============================================================================

